Component: ARM Compiler 5.06 update 6 (build 750) Tool: armlink [4d35ed]

==============================================================================

Section Cross References

    startup_stm32f10x_md.o(RESET) refers to startup_stm32f10x_md.o(STACK) for __initial_sp
    startup_stm32f10x_md.o(RESET) refers to startup_stm32f10x_md.o(.text) for Reset_Handler
    startup_stm32f10x_md.o(RESET) refers to stm32f10x_it.o(i.NMI_Handler) for NMI_Handler
    startup_stm32f10x_md.o(RESET) refers to stm32f10x_it.o(i.HardFault_Handler) for HardFault_Handler
    startup_stm32f10x_md.o(RESET) refers to stm32f10x_it.o(i.MemManage_Handler) for MemManage_Handler
    startup_stm32f10x_md.o(RESET) refers to stm32f10x_it.o(i.BusFault_Handler) for BusFault_Handler
    startup_stm32f10x_md.o(RESET) refers to stm32f10x_it.o(i.UsageFault_Handler) for UsageFault_Handler
    startup_stm32f10x_md.o(RESET) refers to stm32f10x_it.o(i.SVC_Handler) for SVC_Handler
    startup_stm32f10x_md.o(RESET) refers to stm32f10x_it.o(i.DebugMon_Handler) for DebugMon_Handler
    startup_stm32f10x_md.o(RESET) refers to stm32f10x_it.o(i.PendSV_Handler) for PendSV_Handler
    startup_stm32f10x_md.o(RESET) refers to stm32f10x_it.o(i.SysTick_Handler) for SysTick_Handler
    startup_stm32f10x_md.o(RESET) refers to stm32f10x_it.o(i.EXTI4_IRQHandler) for EXTI4_IRQHandler
    startup_stm32f10x_md.o(RESET) refers to stm32f10x_it.o(i.TIM4_IRQHandler) for TIM4_IRQHandler
    startup_stm32f10x_md.o(.text) refers to system_stm32f10x.o(i.SystemInit) for SystemInit
    startup_stm32f10x_md.o(.text) refers to entry.o(.ARM.Collect$$$$00000000) for __main
    system_stm32f10x.o(i.SetSysClock) refers to system_stm32f10x.o(i.SetSysClockTo72) for SetSysClockTo72
    system_stm32f10x.o(i.SystemCoreClockUpdate) refers to system_stm32f10x.o(.data) for SystemCoreClock
    system_stm32f10x.o(i.SystemInit) refers to system_stm32f10x.o(i.SetSysClock) for SetSysClock
    stm32f10x_adc.o(i.ADC_DeInit) refers to stm32f10x_rcc.o(i.RCC_APB2PeriphResetCmd) for RCC_APB2PeriphResetCmd
    stm32f10x_bkp.o(i.BKP_DeInit) refers to stm32f10x_rcc.o(i.RCC_BackupResetCmd) for RCC_BackupResetCmd
    stm32f10x_can.o(i.CAN_DeInit) refers to stm32f10x_rcc.o(i.RCC_APB1PeriphResetCmd) for RCC_APB1PeriphResetCmd
    stm32f10x_can.o(i.CAN_GetITStatus) refers to stm32f10x_can.o(i.CheckITStatus) for CheckITStatus
    stm32f10x_cec.o(i.CEC_DeInit) refers to stm32f10x_rcc.o(i.RCC_APB1PeriphResetCmd) for RCC_APB1PeriphResetCmd
    stm32f10x_dac.o(i.DAC_DeInit) refers to stm32f10x_rcc.o(i.RCC_APB1PeriphResetCmd) for RCC_APB1PeriphResetCmd
    stm32f10x_flash.o(i.FLASH_EnableWriteProtection) refers to stm32f10x_flash.o(i.FLASH_WaitForLastOperation) for FLASH_WaitForLastOperation
    stm32f10x_flash.o(i.FLASH_EraseAllBank1Pages) refers to stm32f10x_flash.o(i.FLASH_WaitForLastBank1Operation) for FLASH_WaitForLastBank1Operation
    stm32f10x_flash.o(i.FLASH_EraseAllPages) refers to stm32f10x_flash.o(i.FLASH_WaitForLastOperation) for FLASH_WaitForLastOperation
    stm32f10x_flash.o(i.FLASH_EraseOptionBytes) refers to stm32f10x_flash.o(i.FLASH_GetReadOutProtectionStatus) for FLASH_GetReadOutProtectionStatus
    stm32f10x_flash.o(i.FLASH_EraseOptionBytes) refers to stm32f10x_flash.o(i.FLASH_WaitForLastOperation) for FLASH_WaitForLastOperation
    stm32f10x_flash.o(i.FLASH_ErasePage) refers to stm32f10x_flash.o(i.FLASH_WaitForLastOperation) for FLASH_WaitForLastOperation
    stm32f10x_flash.o(i.FLASH_ProgramHalfWord) refers to stm32f10x_flash.o(i.FLASH_WaitForLastOperation) for FLASH_WaitForLastOperation
    stm32f10x_flash.o(i.FLASH_ProgramOptionByteData) refers to stm32f10x_flash.o(i.FLASH_WaitForLastOperation) for FLASH_WaitForLastOperation
    stm32f10x_flash.o(i.FLASH_ProgramWord) refers to stm32f10x_flash.o(i.FLASH_WaitForLastOperation) for FLASH_WaitForLastOperation
    stm32f10x_flash.o(i.FLASH_ReadOutProtection) refers to stm32f10x_flash.o(i.FLASH_WaitForLastOperation) for FLASH_WaitForLastOperation
    stm32f10x_flash.o(i.FLASH_UserOptionByteConfig) refers to stm32f10x_flash.o(i.FLASH_WaitForLastOperation) for FLASH_WaitForLastOperation
    stm32f10x_flash.o(i.FLASH_WaitForLastBank1Operation) refers to stm32f10x_flash.o(i.FLASH_GetBank1Status) for FLASH_GetBank1Status
    stm32f10x_flash.o(i.FLASH_WaitForLastOperation) refers to stm32f10x_flash.o(i.FLASH_GetBank1Status) for FLASH_GetBank1Status
    stm32f10x_gpio.o(i.GPIO_AFIODeInit) refers to stm32f10x_rcc.o(i.RCC_APB2PeriphResetCmd) for RCC_APB2PeriphResetCmd
    stm32f10x_gpio.o(i.GPIO_DeInit) refers to stm32f10x_rcc.o(i.RCC_APB2PeriphResetCmd) for RCC_APB2PeriphResetCmd
    stm32f10x_i2c.o(i.I2C_DeInit) refers to stm32f10x_rcc.o(i.RCC_APB1PeriphResetCmd) for RCC_APB1PeriphResetCmd
    stm32f10x_i2c.o(i.I2C_Init) refers to stm32f10x_rcc.o(i.RCC_GetClocksFreq) for RCC_GetClocksFreq
    stm32f10x_pwr.o(i.PWR_DeInit) refers to stm32f10x_rcc.o(i.RCC_APB1PeriphResetCmd) for RCC_APB1PeriphResetCmd
[...]
    Node_MenuOption_Left                     0x08002fa9   Thumb Code   118  keyinputfsm.o(i.Node_MenuOption_Left)
    i.Node_MenuOption_Right                  0x08003044   Section        0  keyinputfsm.o(i.Node_MenuOption_Right)
    Node_MenuOption_Right                    0x08003045   Thumb Code   118  keyinputfsm.o(i.Node_MenuOption_Right)
    i.Node_MenuOption_Subtract               0x080030e0   Section        0  keyinputfsm.o(i.Node_MenuOption_Subtract)
    Node_MenuOption_Subtract                 0x080030e1   Thumb Code    80  keyinputfsm.o(i.Node_MenuOption_Subtract)
    i.Node_MenuTimeOut                       0x08003150   Section        0  keyinputfsm.o(i.Node_MenuTimeOut)
    Node_MenuTimeOut                         0x08003151   Thumb Code    58  keyinputfsm.o(i.Node_MenuTimeOut)
    i.Node_ON_OFF_OutPut                     0x080031ac   Section        0  keyinputfsm.o(i.Node_ON_OFF_OutPut)
    Node_ON_OFF_OutPut                       0x080031ad   Thumb Code   146  keyinputfsm.o(i.Node_ON_OFF_OutPut)
    i.Node_PredefinedTimeOut                 0x08003258   Section        0  keyinputfsm.o(i.Node_PredefinedTimeOut)
    Node_PredefinedTimeOut                   0x08003259   Thumb Code    58  keyinputfsm.o(i.Node_PredefinedTimeOut)
    i.Node_Predefined_Add                    0x080032b4   Section        0  keyinputfsm.o(i.Node_Predefined_Add)
    Node_Predefined_Add                      0x080032b5   Thumb Code    40  keyinputfsm.o(i.Node_Predefined_Add)
    i.Node_Predefined_Subtract               0x080032e4   Section        0  keyinputfsm.o(i.Node_Predefined_Subtract)
    Node_Predefined_Subtract                 0x080032e5   Thumb Code    38  keyinputfsm.o(i.Node_Predefined_Subtract)
    i.Node_QuitExtinguish_Mode               0x08003314   Section        0  keyinputfsm.o(i.Node_QuitExtinguish_Mode)
    i.Node_QuitMenu                          0x08003360   Section        0  keyinputfsm.o(i.Node_QuitMenu)
    Node_QuitMenu                            0x08003361   Thumb Code    40  keyinputfsm.o(i.Node_QuitMenu)
    i.Node_QuitPredefined                    0x080033a4   Section        0  keyinputfsm.o(i.Node_QuitPredefined)
    Node_QuitPredefined                      0x080033a5   Thumb Code   172  keyinputfsm.o(i.Node_QuitPredefined)
    i.Node_QuitPredefined_NoSet              0x08003478   Section        0  keyinputfsm.o(i.Node_QuitPredefined_NoSet)
    Node_QuitPredefined_NoSet                0x08003479   Thumb Code    36  keyinputfsm.o(i.Node_QuitPredefined_NoSet)
    i.Node_QuitSetting                       0x080034b4   Section        0  keyinputfsm.o(i.Node_QuitSetting)
    Node_QuitSetting                         0x080034b5   Thumb Code    36  keyinputfsm.o(i.Node_QuitSetting)
    i.Node_QuitShutDowm_Mode                 0x080034f0   Section        0  keyinputfsm.o(i.Node_QuitShutDowm_Mode)
    i.Node_Ready                             0x08003554   Section        0  keyinputfsm.o(i.Node_Ready)
    Node_Ready                               0x08003555   Thumb Code    14  keyinputfsm.o(i.Node_Ready)
    i.Node_RightMove                         0x08003568   Section        0  keyinputfsm.o(i.Node_RightMove)
    Node_RightMove                           0x08003569   Thumb Code   108  keyinputfsm.o(i.Node_RightMove)
    i.Node_RunningTimeOut                    0x080035e4   Section        0  keyinputfsm.o(i.Node_RunningTimeOut)
    Node_RunningTimeOut                      0x080035e5   Thumb Code    54  keyinputfsm.o(i.Node_RunningTimeOut)
    i.Node_SettingTimeOut                    0x0800362c   Section        0  keyinputfsm.o(i.Node_SettingTimeOut)
    Node_SettingTimeOut                      0x0800362d   Thumb Code    36  keyinputfsm.o(i.Node_SettingTimeOut)
    i.Node_Subtract                          0x0800365c   Section        0  keyinputfsm.o(i.Node_Subtract)
    Node_Subtract                            0x0800365d   Thumb Code   494  keyinputfsm.o(i.Node_Subtract)
    i.Node_Void                              0x08003864   Section        0  keyinputfsm.o(i.Node_Void)
    Node_Void                                0x08003865   Thumb Code     2  keyinputfsm.o(i.Node_Void)
    i.OLED_Clear                             0x08003866   Section        0  bsp_oled.o(i.OLED_Clear)
    i.OLED_Clock_Control                     0x08003890   Section        0  bsp_oled.o(i.OLED_Clock_Control)
    i.OLED_I2C_Init                          0x080038ac   Section        0  bsp_oled.o(i.OLED_I2C_Init)
    i.OLED_Init                              0x08003934   Section        0  bsp_oled.o(i.OLED_Init)
    i.OLED_Pow                               0x08003a5c   Section        0  bsp_oled.o(i.OLED_Pow)
    i.OLED_SetCursor                         0x08003a70   Section        0  bsp_oled.o(i.OLED_SetCursor)
    i.OLED_ShowBMP                           0x08003a94   Section        0  bsp_oled.o(i.OLED_ShowBMP)
    i.OLED_ShowBmpMini                       0x08003adc   Section        0  bsp_oled.o(i.OLED_ShowBmpMini)
    i.OLED_ShowChar                          0x08003b48   Section        0  bsp_oled.o(i.OLED_ShowChar)
    i.OLED_ShowChinese                       0x08003bbc   Section        0  bsp_oled.o(i.OLED_ShowChinese)
    i.OLED_ShowNum                           0x08003c28   Section        0  bsp_oled.o(i.OLED_ShowNum)
    i.OLED_ShowNum_Bright                    0x08003c6c   Section        0  bsp_oled.o(i.OLED_ShowNum_Bright)
    i.OLED_ShowString                        0x08003cd8   Section        0  bsp_oled.o(i.OLED_ShowString)
    i.OLED_WriteCommand                      0x08003d00   Section        0  bsp_oled.o(i.OLED_WriteCommand)
    i.OLED_WriteData                         0x08003dfc   Section        0  bsp_oled.o(i.OLED_WriteData)
    i.PendSV_Handler                         0x08003ef8   Section        0  stm32f10x_it.o(i.PendSV_Handler)
    i.PowerSupply_Extinguish                 0x08003efa   Section        0  mian.o(i.PowerSupply_Extinguish)
    i.PowerSupply_Runing                     0x08003f10   Section        0  mian.o(i.PowerSupply_Runing)
    i.PowerSupply_ShutDown                   0x08003f64   Section        0  mian.o(i.PowerSupply_ShutDown)
    i.RCC_ADCCLKConfig                       0x08003f74   Section        0  stm32f10x_rcc.o(i.RCC_ADCCLKConfig)
    i.RCC_AHBPeriphClockCmd                  0x08003f8c   Section        0  stm32f10x_rcc.o(i.RCC_AHBPeriphClockCmd)
    i.RCC_APB1PeriphClockCmd                 0x08003fac   Section        0  stm32f10x_rcc.o(i.RCC_APB1PeriphClockCmd)
    i.RCC_APB2PeriphClockCmd                 0x08003fcc   Section        0  stm32f10x_rcc.o(i.RCC_APB2PeriphClockCmd)
    i.RCC_ClearFlag                          0x08003fec   Section        0  stm32f10x_rcc.o(i.RCC_ClearFlag)
    i.RCC_GetClocksFreq                      0x08004000   Section        0  stm32f10x_rcc.o(i.RCC_GetClocksFreq)
    i.RCC_GetFlagStatus                      0x080040d4   Section        0  stm32f10x_rcc.o(i.RCC_GetFlagStatus)
    i.Read_CurRestrict_FromRom               0x08004110   Section        0  keyinputfsm.o(i.Read_CurRestrict_FromRom)
    i.Read_SettingField                      0x0800412c   Section        0  keyinputfsm.o(i.Read_SettingField)
    i.Read_VolRestrict_FromRom               0x08004140   Section        0  keyinputfsm.o(i.Read_VolRestrict_FromRom)
    i.SC8701_CE_Control                      0x08004158   Section        0  bsp_sc8701.o(i.SC8701_CE_Control)
    i.SC8701_CE_Read                         0x08004178   Section        0  bsp_sc8701.o(i.SC8701_CE_Read)
    i.SC8701_FB_Control                      0x08004190   Section        0  bsp_sc8701.o(i.SC8701_FB_Control)
    i.SC8701_FB_Read                         0x080041b4   Section        0  bsp_sc8701.o(i.SC8701_FB_Read)
    i.SC8701_GPIO_Config                     0x080041d0   Section        0  bsp_sc8701.o(i.SC8701_GPIO_Config)
    i.SC8701_Init                            0x08004234   Section        0  bsp_sc8701.o(i.SC8701_Init)
    i.SC8701_Set_Current                     0x08004244   Section        0  bsp_sc8701.o(i.SC8701_Set_Current)
    i.SC8701_Set_Voltage                     0x08004284   Section        0  bsp_sc8701.o(i.SC8701_Set_Voltage)
    i.SC8701_Set_Voltage_Slow                0x080043d0   Section        0  bsp_sc8701.o(i.SC8701_Set_Voltage_Slow)
    i.SIQ02FVS3_EXTI_Config                  0x08004548   Section        0  bsp_siq02fvs3.o(i.SIQ02FVS3_EXTI_Config)
    SIQ02FVS3_EXTI_Config                    0x08004549   Thumb Code    48  bsp_siq02fvs3.o(i.SIQ02FVS3_EXTI_Config)
    i.SIQ02FVS3_Init                         0x08004578   Section        0  bsp_siq02fvs3.o(i.SIQ02FVS3_Init)
    i.SIQ02FVS3_KEY_GPIO_Config              0x08004588   Section        0  bsp_siq02fvs3.o(i.SIQ02FVS3_KEY_GPIO_Config)
    i.SIQ02FVS3_Key_Scan                     0x080045ec   Section        0  bsp_siq02fvs3.o(i.SIQ02FVS3_Key_Scan)
    i.SIQ02FVS3_NVIC_Config                  0x0800461c   Section        0  bsp_siq02fvs3.o(i.SIQ02FVS3_NVIC_Config)
    SIQ02FVS3_NVIC_Config                    0x0800461d   Thumb Code    42  bsp_siq02fvs3.o(i.SIQ02FVS3_NVIC_Config)
    i.SVC_Handler                            0x08004646   Section        0  stm32f10x_it.o(i.SVC_Handler)
    i.Save_CurRestrict_ToRom                 0x08004648   Section        0  keyinputfsm.o(i.Save_CurRestrict_ToRom)
    i.Save_VolRestrict_ToRom                 0x08004660   Section        0  keyinputfsm.o(i.Save_VolRestrict_ToRom)
    i.Search_Reserve_VolAndCur               0x08004674   Section        0  task.o(i.Search_Reserve_VolAndCur)
    i.SetMax_Current                         0x0800473c   Section        0  keyinputfsm.o(i.SetMax_Current)
    i.SetSysClock                            0x080047d8   Section        0  system_stm32f10x.o(i.SetSysClock)
    SetSysClock                              0x080047d9   Thumb Code     8  system_stm32f10x.o(i.SetSysClock)
    i.SetSysClockTo72                        0x080047e0   Section        0  system_stm32f10x.o(i.SetSysClockTo72)
    SetSysClockTo72                          0x080047e1   Thumb Code   214  system_stm32f10x.o(i.SetSysClockTo72)
    i.Set_Power_UpperLimit                   0x080048c0   Section        0  keyinputfsm.o(i.Set_Power_UpperLimit)
    i.Set_State                              0x080048e0   Section        0  task.o(i.Set_State)
    i.Set_Vol_UpperLimit                     0x08004900   Section        0  keyinputfsm.o(i.Set_Vol_UpperLimit)
    i.Short_Circuit_Detection                0x0800494c   Section        0  task.o(i.Short_Circuit_Detection)
    i.Short_Circuit_Protection               0x080049ac   Section        0  task.o(i.Short_Circuit_Protection)
    i.ShowPredefined                         0x080049c0   Section        0  keyinputfsm.o(i.ShowPredefined)
    i.ShowProgressBar                        0x08004b0c   Section        0  bsp_sc8701.o(i.ShowProgressBar)
    i.ShowRestrict                           0x08004c40   Section        0  keyinputfsm.o(i.ShowRestrict)
    i.ShowRestrict_Cur                       0x08004cdc   Section        0  keyinputfsm.o(i.ShowRestrict_Cur)
    i.ShowRestrict_Vol                       0x08004d5c   Section        0  keyinputfsm.o(i.ShowRestrict_Vol)
    i.Show_MaxPower                          0x08004e0c   Section        0  task.o(i.Show_MaxPower)
    i.Show_Short_Circuit                     0x08004f54   Section        0  task.o(i.Show_Short_Circuit)
    i.Show_State                             0x08004f9c   Section        0  task.o(i.Show_State)
    i.Show_UI                                0x0800506c   Section        0  task.o(i.Show_UI)
    i.Show_logo                              0x0800509c   Section        0  task.o(i.Show_logo)
    i.SysTick_Handler                        0x08005100   Section        0  stm32f10x_it.o(i.SysTick_Handler)
    i.SystemInit                             0x08005104   Section        0  system_stm32f10x.o(i.SystemInit)
    i.TIM4_IRQHandler                        0x08005164   Section        0  stm32f10x_it.o(i.TIM4_IRQHandler)
    i.TIM_BDTRConfig                         0x08005240   Section        0  stm32f10x_tim.o(i.TIM_BDTRConfig)
    i.TIM_ClearFlag                          0x08005260   Section        0  stm32f10x_tim.o(i.TIM_ClearFlag)
    i.TIM_ClearITPendingBit                  0x08005266   Section        0  stm32f10x_tim.o(i.TIM_ClearITPendingBit)
    i.TIM_Cmd                                0x0800526c   Section        0  stm32f10x_tim.o(i.TIM_Cmd)
    i.TIM_CtrlPWMOutputs                     0x08005284   Section        0  stm32f10x_tim.o(i.TIM_CtrlPWMOutputs)
    i.TIM_GetCapture1                        0x080052a2   Section        0  stm32f10x_tim.o(i.TIM_GetCapture1)
    i.TIM_GetITStatus                        0x080052a8   Section        0  stm32f10x_tim.o(i.TIM_GetITStatus)
    i.TIM_ITConfig                           0x080052ca   Section        0  stm32f10x_tim.o(i.TIM_ITConfig)
    i.TIM_OC1Init                            0x080052dc   Section        0  stm32f10x_tim.o(i.TIM_OC1Init)
    i.TIM_OC1PreloadConfig                   0x08005374   Section        0  stm32f10x_tim.o(i.TIM_OC1PreloadConfig)
    i.TIM_OC4Init                            0x08005388   Section        0  stm32f10x_tim.o(i.TIM_OC4Init)
    i.TIM_OC4PreloadConfig                   0x08005404   Section        0  stm32f10x_tim.o(i.TIM_OC4PreloadConfig)
    i.TIM_SetCompare1                        0x0800541e   Section        0  stm32f10x_tim.o(i.TIM_SetCompare1)
    i.TIM_SetCompare4                        0x08005422   Section        0  stm32f10x_tim.o(i.TIM_SetCompare4)
    i.TIM_TimeBaseInit                       0x08005428   Section        0  stm32f10x_tim.o(i.TIM_TimeBaseInit)
    i.USART_Cmd                              0x080054cc   Section        0  stm32f10x_usart.o(i.USART_Cmd)
    i.USART_Config                           0x080054e4   Section        0  bsp_usart.o(i.USART_Config)
    i.USART_GetFlagStatus                    0x08005574   Section        0  stm32f10x_usart.o(i.USART_GetFlagStatus)
    i.USART_ITConfig                         0x0800558e   Section        0  stm32f10x_usart.o(i.USART_ITConfig)
    i.USART_Init                             0x080055d8   Section        0  stm32f10x_usart.o(i.USART_Init)
    i.USART_SendData                         0x080056b0   Section        0  stm32f10x_usart.o(i.USART_SendData)
    i.UpData_VolRestrictAndCurRestrict       0x080056b8   Section        0  keyinputfsm.o(i.UpData_VolRestrictAndCurRestrict)
    i.UsageFault_Handler                     0x080056cc   Section        0  stm32f10x_it.o(i.UsageFault_Handler)
    i.Voltage_Filter                         0x080056d0   Section        0  task.o(i.Voltage_Filter)
    i.Write_SettingField                     0x0800575c   Section        0  keyinputfsm.o(i.Write_SettingField)
    i.__0printf$1                            0x08005770   Section        0  printf1.o(i.__0printf$1)
    i.__scatterload_copy                     0x08005790   Section       14  handlers.o(i.__scatterload_copy)
    i.__scatterload_null                     0x0800579e   Section        2  handlers.o(i.__scatterload_null)
    i.__scatterload_zeroinit                 0x080057a0   Section       14  handlers.o(i.__scatterload_zeroinit)
    i._printf_core                           0x080057b0   Section        0  printf1.o(i._printf_core)
    _printf_core                             0x080057b1   Thumb Code   336  printf1.o(i._printf_core)
    i.bubble_sort                            0x08005904   Section        0  task.o(i.bubble_sort)
    i.bubble_sort_integer                    0x0800596a   Section        0  task.o(i.bubble_sort_integer)
    i.fputc                                  0x080059c4   Section        0  bsp_usart.o(i.fputc)
    i.main                                   0x080059e8   Section        0  mian.o(i.main)
    .constdata                               0x08005a9c   Section     3856  bsp_oled.o(.constdata)
    .constdata                               0x080069ac   Section        6  bsp_key.o(.constdata)
    .constdata                               0x080069b2   Section        8  keyinputfsm.o(.constdata)
    VersionNumber                            0x080069b2   Data           8  keyinputfsm.o(.constdata)
    .data                                    0x20000000   Section       20  stm32f10x_rcc.o(.data)
    APBAHBPrescTable                         0x20000000   Data          16  stm32f10x_rcc.o(.data)
    ADCPrescTable                            0x20000010   Data           4  stm32f10x_rcc.o(.data)
    .data                                    0x20000014   Section        1  stm32f10x_it.o(.data)
    .data                                    0x20000018   Section        4  bsp_oled.o(.data)
    .data                                    0x2000001c   Section       12  bsp_adc.o(.data)
    .data                                    0x20000028   Section       48  task.o(.data)
    flag                                     0x20000039   Data           1  task.o(.data)
    LastVol                                  0x2000003c   Data           4  task.o(.data)
    Overrun_Flag                             0x20000040   Data           1  task.o(.data)
    LastPowerVal                             0x20000044   Data           4  task.o(.data)
    i                                        0x20000048   Data           1  task.o(.data)
    sum                                      0x2000004c   Data           4  task.o(.data)
    i                                        0x20000050   Data           1  task.o(.data)
    sum                                      0x20000054   Data           4  task.o(.data)
    .data                                    0x20000058   Section        5  bsp_sc8701.o(.data)
    ShowFlag                                 0x2000005c   Data           1  bsp_sc8701.o(.data)
    .data                                    0x2000005d   Section        1  bsp_key.o(.data)
    .data                                    0x20000060   Section      276  keyinputfsm.o(.data)
    EventID                                  0x20000060   Data           1  keyinputfsm.o(.data)
    StatusID                                 0x20000061   Data           1  keyinputfsm.o(.data)
    VolRestrict                              0x20000062   Data           2  keyinputfsm.o(.data)
    CurRestrict                              0x20000064   Data           2  keyinputfsm.o(.data)
    VolCurSetingFlag                         0x20000066   Data           1  keyinputfsm.o(.data)
    VolCursor                                0x20000067   Data           1  keyinputfsm.o(.data)
    CurCursor                                0x20000068   Data           1  keyinputfsm.o(.data)
    PredefinedCount                          0x20000069   Data           1  keyinputfsm.o(.data)
    TimeCountFlag                            0x2000006a   Data           1  keyinputfsm.o(.data)
    EnumFlag                                 0x2000006b   Data           1  keyinputfsm.o(.data)
    ExtraVol                                 0x2000006c   Data           2  keyinputfsm.o(.data)
    ExtraPower                               0x20000070   Data           4  keyinputfsm.o(.data)
    PDPowerSupplyState                       0x20000074   Data           1  keyinputfsm.o(.data)
    KeyArray                                 0x200000a0   Data          98  keyinputfsm.o(.data)
    NodeFnArr                                0x20000104   Data         112  keyinputfsm.o(.data)
    .data                                    0x20000174   Section        8  bsp_i2c_ee.o(.data)
    I2CTimeout                               0x20000178   Data           4  bsp_i2c_ee.o(.data)
    .data                                    0x2000017c   Section        4  stdout.o(.data)
    .bss                                     0x20000180   Section       80  task.o(.bss)
    FilArr                                   0x20000180   Data          40  task.o(.bss)
    FilArr                                   0x200001a8   Data          40  task.o(.bss)
    STACK                                    0x200001d0   Section     1024  startup_stm32f10x_md.o(STACK)

    Global Symbols

    Symbol Name                              Value     Ov Type        Size  Object(Section)

    BuildAttributes$$THM_ISAv4$P$D$K$B$S$PE$A:L22UL41UL21$X:L11$S22US41US21$IEEE1$IW$USESV6$~STKCKD$USESV7$~SHL$OTIME$ROPI$EBA8$MICROLIB$REQ8$PRES8$EABIv2 0x00000000   Number         0  anon$$obj.o ABSOLUTE
    __ARM_use_no_argv                        0x00000000   Number         0  mian.o ABSOLUTE
    _printf_a                                0x00000000   Number         0  stubs.o ABSOLUTE
    _printf_c                                0x00000000   Number         0  stubs.o ABSOLUTE
    _printf_charcount                        0x00000000   Number         0  stubs.o ABSOLUTE
    _printf_d                                0x00000000   Number         0  stubs.o ABSOLUTE
    _printf_e                                0x00000000   Number         0  stubs.o ABSOLUTE
    _printf_f                                0x00000000   Number         0  stubs.o ABSOLUTE
    _printf_flags                            0x00000000   Number         0  stubs.o ABSOLUTE
    _printf_fp_dec                           0x00000000   Number         0  stubs.o ABSOLUTE
    _printf_fp_hex                           0x00000000   Number         0  stubs.o ABSOLUTE
    _printf_g                                0x00000000   Number         0  stubs.o ABSOLUTE
    _printf_i                                0x00000000   Number         0  stubs.o ABSOLUTE
    _printf_int_dec                          0x00000000   Number         0  stubs.o ABSOLUTE
    _printf_l                                0x00000000   Number         0  stubs.o ABSOLUTE
    _printf_lc                               0x00000000   Number         0  stubs.o ABSOLUTE
    _printf_ll                               0x00000000   Number         0  stubs.o ABSOLUTE
    _printf_lld                              0x00000000   Number         0  stubs.o ABSOLUTE
    _printf_lli                              0x00000000   Number         0  stubs.o ABSOLUTE
    _printf_llo                              0x00000000   Number         0  stubs.o ABSOLUTE
    _printf_llu                              0x00000000   Number         0  stubs.o ABSOLUTE
    _printf_llx                              0x00000000   Number         0  stubs.o ABSOLUTE
    _printf_longlong_dec                     0x00000000   Number         0  stubs.o ABSOLUTE
    _printf_longlong_hex                     0x00000000   Number         0  stubs.o ABSOLUTE
    _printf_longlong_oct                     0x00000000   Number         0  stubs.o ABSOLUTE
    _printf_ls                               0x00000000   Number         0  stubs.o ABSOLUTE
    _printf_mbtowc                           0x00000000   Number         0  stubs.o ABSOLUTE
    _printf_n                                0x00000000   Number         0  stubs.o ABSOLUTE
    _printf_o                                0x00000000   Number         0  stubs.o ABSOLUTE
    _printf_p                                0x00000000   Number         0  stubs.o ABSOLUTE
    _printf_percent                          0x00000000   Number         0  stubs.o ABSOLUTE
    _printf_pre_padding                      0x00000000   Number         0  stubs.o ABSOLUTE
    _printf_return_value                     0x00000000   Number         0  stubs.o ABSOLUTE
    _printf_s                                0x00000000   Number         0  stubs.o ABSOLUTE
    _printf_sizespec                         0x00000000   Number         0  stubs.o ABSOLUTE
    _printf_str                              0x00000000   Number         0  stubs.o ABSOLUTE
    _printf_truncate_signed                  0x00000000   Number         0  stubs.o ABSOLUTE
    _printf_truncate_unsigned                0x00000000   Number         0  stubs.o ABSOLUTE
    _printf_u                                0x00000000   Number         0  stubs.o ABSOLUTE
    _printf_wc                               0x00000000   Number         0  stubs.o ABSOLUTE
    _printf_wctomb                           0x00000000   Number         0  stubs.o ABSOLUTE
    _printf_widthprec                        0x00000000   Number         0  stubs.o ABSOLUTE
    _printf_x                                0x00000000   Number         0  stubs.o ABSOLUTE
    __cpp_initialize__aeabi_                  - Undefined Weak Reference
    __cxa_finalize                            - Undefined Weak Reference
    _clock_init                               - Undefined Weak Reference
    _microlib_exit                            - Undefined Weak Reference
    __Vectors_Size                           0x000000ec   Number         0  startup_stm32f10x_md.o ABSOLUTE
    __Vectors                                0x08000000   Data           4  startup_stm32f10x_md.o(RESET)
    __Vectors_End                            0x080000ec   Data           0  startup_stm32f10x_md.o(RESET)
    __main                                   0x080000ed   Thumb Code     0  entry.o(.ARM.Collect$$$$00000000)
    _main_stk                                0x080000ed   Thumb Code     0  entry2.o(.ARM.Collect$$$$00000001)
    _main_scatterload                        0x080000f1   Thumb Code     0  entry5.o(.ARM.Collect$$$$00000004)
    __main_after_scatterload                 0x080000f5   Thumb Code     0  entry5.o(.ARM.Collect$$$$00000004)
    _main_clock                              0x080000f5   Thumb Code     0  entry7b.o(.ARM.Collect$$$$00000008)
    _main_cpp_init                           0x080000f5   Thumb Code     0  entry8b.o(.ARM.Collect$$$$0000000A)
    _main_init                               0x080000f5   Thumb Code     0  entry9a.o(.ARM.Collect$$$$0000000B)
    __rt_final_cpp                           0x080000fd   Thumb Code     0  entry10a.o(.ARM.Collect$$$$0000000D)
    __rt_final_exit                          0x080000fd   Thumb Code     0  entry11a.o(.ARM.Collect$$$$0000000F)
    Reset_Handler                            0x08000101   Thumb Code     8  startup_stm32f10x_md.o(.text)
    ADC1_2_IRQHandler                        0x0800011b   Thumb Code     0  startup_stm32f10x_md.o(.text)
    CAN1_RX1_IRQHandler                      0x0800011b   Thumb Code     0  startup_stm32f10x_md.o(.text)
    CAN1_SCE_IRQHandler                      0x0800011b   Thumb Code     0  startup_stm32f10x_md.o(.text)
    DMA1_Channel1_IRQHandler                 0x0800011b   Thumb Code     0  startup_stm32f10x_md.o(.text)
    DMA1_Channel2_IRQHandler                 0x0800011b   Thumb Code     0  startup_stm32f10x_md.o(.text)
    DMA1_Channel3_IRQHandler                 0x0800011b   Thumb Code     0  startup_stm32f10x_md.o(.text)
    DMA1_Channel4_IRQHandler                 0x0800011b   Thumb Code     0  startup_stm32f10x_md.o(.text)
    DMA1_Channel5_IRQHandler                 0x0800011b   Thumb Code     0  startup_stm32f10x_md.o(.text)
    DMA1_Channel6_IRQHandler                 0x0800011b   Thumb Code     0  startup_stm32f10x_md.o(.text)
    DMA1_Channel7_IRQHandler                 0x0800011b   Thumb Code     0  startup_stm32f10x_md.o(.text)
    EXTI0_IRQHandler                         0x0800011b   Thumb Code     0  startup_stm32f10x_md.o(.text)
    EXTI15_10_IRQHandler                     0x0800011b   Thumb Code     0  startup_stm32f10x_md.o(.text)
    EXTI1_IRQHandler                         0x0800011b   Thumb Code     0  startup_stm32f10x_md.o(.text)
    EXTI2_IRQHandler                         0x0800011b   Thumb Code     0  startup_stm32f10x_md.o(.text)
    EXTI3_IRQHandler                         0x0800011b   Thumb Code     0  startup_stm32f10x_md.o(.text)
    EXTI9_5_IRQHandler                       0x0800011b   Thumb Code     0  startup_stm32f10x_md.o(.text)
    FLASH_IRQHandler                         0x0800011b   Thumb Code     0  startup_stm32f10x_md.o(.text)
    I2C1_ER_IRQHandler                       0x0800011b   Thumb Code     0  startup_stm32f10x_md.o(.text)
    I2C1_EV_IRQHandler                       0x0800011b   Thumb Code     0  startup_stm32f10x_md.o(.text)
    I2C2_ER_IRQHandler                       0x0800011b   Thumb Code     0  startup_stm32f10x_md.o(.text)
    I2C2_EV_IRQHandler                       0x0800011b   Thumb Code     0  startup_stm32f10x_md.o(.text)
    PVD_IRQHandler                           0x0800011b   Thumb Code     0  startup_stm32f10x_md.o(.text)
    RCC_IRQHandler                           0x0800011b   Thumb Code     0  startup_stm32f10x_md.o(.text)
    RTCAlarm_IRQHandler                      0x0800011b   Thumb Code     0  startup_stm32f10x_md.o(.text)
    RTC_IRQHandler                           0x0800011b   Thumb Code     0  startup_stm32f10x_md.o(.text)
    SPI1_IRQHandler                          0x0800011b   Thumb Code     0  startup_stm32f10x_md.o(.text)
    SPI2_IRQHandler                          0x0800011b   Thumb Code     0  startup_stm32f10x_md.o(.text)
    TAMPER_IRQHandler                        0x0800011b   Thumb Code     0  startup_stm32f10x_md.o(.text)
    TIM1_BRK_IRQHandler                      0x0800011b   Thumb Code     0  startup_stm32f10x_md.o(.text)
    TIM1_CC_IRQHandler                       0x0800011b   Thumb Code     0  startup_stm32f10x_md.o(.text)
    TIM1_TRG_COM_IRQHandler                  0x0800011b   Thumb Code     0  startup_stm32f10x_md.o(.text)
    TIM1_UP_IRQHandler                       0x0800011b   Thumb Code     0  startup_stm32f10x_md.o(.text)
    TIM2_IRQHandler                          0x0800011b   Thumb Code     0  startup_stm32f10x_md.o(.text)
    TIM3_IRQHandler                          0x0800011b   Thumb Code     0  startup_stm32f10x_md.o(.text)
    USART1_IRQHandler                        0x0800011b   Thumb Code     0  startup_stm32f10x_md.o(.text)
    USART2_IRQHandler                        0x0800011b   Thumb Code     0  startup_stm32f10x_md.o(.text)
    USART3_IRQHandler                        0x0800011b   Thumb Code     0  startup_stm32f10x_md.o(.text)
    USBWakeUp_IRQHandler                     0x0800011b   Thumb Code     0  startup_stm32f10x_md.o(.text)
    USB_HP_CAN1_TX_IRQHandler                0x0800011b   Thumb Code     0  startup_stm32f10x_md.o(.text)
    USB_LP_CAN1_RX0_IRQHandler               0x0800011b   Thumb Code     0  startup_stm32f10x_md.o(.text)
    WWDG_IRQHandler                          0x0800011b   Thumb Code     0  startup_stm32f10x_md.o(.text)
    __aeabi_fadd                             0x08000125   Thumb Code   164  fadd.o(.text)
    __aeabi_fsub                             0x080001c9   Thumb Code     6  fadd.o(.text)
    __aeabi_frsub                            0x080001cf   Thumb Code     6  fadd.o(.text)
    __aeabi_fmul                             0x080001d5   Thumb Code   100  fmul.o(.text)
    __aeabi_fdiv                             0x08000239   Thumb Code   124  fdiv.o(.text)
    __aeabi_dadd                             0x080002b5   Thumb Code   322  dadd.o(.text)
    __aeabi_dsub                             0x080003f7   Thumb Code     6  dadd.o(.text)
    __aeabi_drsub                            0x080003fd   Thumb Code     6  dadd.o(.text)
    __aeabi_dmul                             0x08000403   Thumb Code   228  dmul.o(.text)
    __aeabi_ddiv                             0x080004e7   Thumb Code   222  ddiv.o(.text)
    __aeabi_i2f                              0x080005c5   Thumb Code    18  fflti.o(.text)
    __aeabi_ui2f                             0x080005d7   Thumb Code    10  ffltui.o(.text)
    __aeabi_ui2d                             0x080005e1   Thumb Code    26  dfltui.o(.text)
    __aeabi_f2uiz                            0x080005fb   Thumb Code    40  ffixui.o(.text)
    __aeabi_d2uiz                            0x08000623   Thumb Code    50  dfixui.o(.text)
    __aeabi_f2d                              0x08000655   Thumb Code    38  f2d.o(.text)
    __aeabi_cdcmpeq                          0x0800067d   Thumb Code     0  cdcmple.o(.text)
    __aeabi_cdcmple                          0x0800067d   Thumb Code    48  cdcmple.o(.text)
    __aeabi_d2f                              0x080006ad   Thumb Code    56  d2f.o(.text)
    __aeabi_cfcmpeq                          0x080006e5   Thumb Code     0  cfcmple.o(.text)
    __aeabi_cfcmple                          0x080006e5   Thumb Code    20  cfcmple.o(.text)
    __aeabi_cfrcmple                         0x080006f9   Thumb Code    20  cfrcmple.o(.text)
    __aeabi_uidiv                            0x0800070d   Thumb Code     0  uidiv.o(.text)
    __aeabi_uidivmod                         0x0800070d   Thumb Code    44  uidiv.o(.text)
    __aeabi_llsl                             0x08000739   Thumb Code    30  llshl.o(.text)
    _ll_shift_l                              0x08000739   Thumb Code     0  llshl.o(.text)
    __aeabi_llsr                             0x08000757   Thumb Code    32  llushr.o(.text)
    _ll_ushift_r                             0x08000757   Thumb Code     0  llushr.o(.text)
    __aeabi_lasr                             0x08000777   Thumb Code    36  llsshr.o(.text)
    _ll_sshift_r                             0x08000777   Thumb Code     0  llsshr.o(.text)
    __I$use$fp                               0x0800079b   Thumb Code     0  iusefp.o(.text)
    _float_round                             0x0800079b   Thumb Code    18  fepilogue.o(.text)
    _float_epilogue                          0x080007ad   Thumb Code    92  fepilogue.o(.text)
    _double_round                            0x08000809   Thumb Code    30  depilogue.o(.text)
    _double_epilogue                         0x08000827   Thumb Code   156  depilogue.o(.text)
    __scatterload                            0x080008c5   Thumb Code    28  init.o(.text)
    __scatterload_rt2                        0x080008c5   Thumb Code     0  init.o(.text)
    __decompress                             0x080008e9   Thumb Code     0  __dczerorl2.o(.text)
    __decompress1                            0x080008e9   Thumb Code    86  __dczerorl2.o(.text)
    ADC1_Get_Channel_7_Voltaged              0x08000941   Thumb Code    48  bsp_adc.o(i.ADC1_Get_Channel_7_Voltaged)
    ADC1_Get_Channel_8_Val                   0x0800097d   Thumb Code     6  bsp_adc.o(i.ADC1_Get_Channel_8_Val)
    ADC1_Get_Channel_9_Val                   0x08000989   Thumb Code     6  bsp_adc.o(i.ADC1_Get_Channel_9_Val)
    ADC_Cmd                                  0x08000995   Thumb Code    22  stm32f10x_adc.o(i.ADC_Cmd)
    ADC_DMACmd                               0x080009ab   Thumb Code    22  stm32f10x_adc.o(i.ADC_DMACmd)
    ADC_GetCalibrationStatus                 0x080009c1   Thumb Code    20  stm32f10x_adc.o(i.ADC_GetCalibrationStatus)
    ADC_Init                                 0x080009d5   Thumb Code    70  stm32f10x_adc.o(i.ADC_Init)
    ADC_RegularChannelConfig                 0x08000a25   Thumb Code   184  stm32f10x_adc.o(i.ADC_RegularChannelConfig)
    ADC_SoftwareStartConvCmd                 0x08000add   Thumb Code    22  stm32f10x_adc.o(i.ADC_SoftwareStartConvCmd)
    ADC_StartCalibration                     0x08000af3   Thumb Code    10  stm32f10x_adc.o(i.ADC_StartCalibration)
    ADC_x_Init                               0x08000afd   Thumb Code    16  bsp_adc.o(i.ADC_x_Init)
    ADCx_DMA_Config                          0x08000b0d   Thumb Code    82  bsp_adc.o(i.ADCx_DMA_Config)
    BusFault_Handler                         0x08000d49   Thumb Code     4  stm32f10x_it.o(i.BusFault_Handler)
    Check_Power                              0x08000d4d   Thumb Code   364  keyinputfsm.o(i.Check_Power)
    Check_Setting                            0x08000ed9   Thumb Code   124  task.o(i.Check_Setting)
    Check_TimeOut                            0x08000f61   Thumb Code    90  keyinputfsm.o(i.Check_TimeOut)
    Current_Filter                           0x08000fd9   Thumb Code   128  task.o(i.Current_Filter)
    DMA_Cmd                                  0x08001065   Thumb Code    24  stm32f10x_dma.o(i.DMA_Cmd)
    DMA_DeInit                               0x0800107d   Thumb Code   324  stm32f10x_dma.o(i.DMA_DeInit)
    DMA_Init                                 0x080011c9   Thumb Code    60  stm32f10x_dma.o(i.DMA_Init)
    DebugMon_Handler                         0x08001205   Thumb Code     2  stm32f10x_it.o(i.DebugMon_Handler)
    Delay_ms                                 0x08001207   Thumb Code    32  delay.o(i.Delay_ms)
    Delay_us                                 0x08001227   Thumb Code    30  delay.o(i.Delay_us)
    Detection_Current                        0x08001245   Thumb Code   146  task.o(i.Detection_Current)
    Detection_InPut_Voltage                  0x080012e5   Thumb Code   562  task.o(i.Detection_InPut_Voltage)
    Detection_Power                          0x0800156d   Thumb Code   302  task.o(i.Detection_Power)
    Detection_Voltage                        0x080016b5   Thumb Code   238  task.o(i.Detection_Voltage)
    EE_Ergodic_Save                          0x080017b9   Thumb Code   212  task.o(i.EE_Ergodic_Save)
    EXTI4_IRQHandler                         0x08001891   Thumb Code    42  stm32f10x_it.o(i.EXTI4_IRQHandler)
    EXTI_ClearITPendingBit                   0x080018c1   Thumb Code     6  stm32f10x_exti.o(i.EXTI_ClearITPendingBit)
    EXTI_GetITStatus                         0x080018cd   Thumb Code    34  stm32f10x_exti.o(i.EXTI_GetITStatus)
    EXTI_Init                                0x080018f5   Thumb Code   142  stm32f10x_exti.o(i.EXTI_Init)
    GENERAL_TIM_Init                         0x08001989   Thumb Code    12  bsp_generaltim.o(i.GENERAL_TIM_Init)
    GPIO_EXTILineConfig                      0x08001a11   Thumb Code    60  stm32f10x_gpio.o(i.GPIO_EXTILineConfig)
    GPIO_Init                                0x08001a51   Thumb Code   278  stm32f10x_gpio.o(i.GPIO_Init)
    GPIO_ReadInputDataBit                    0x08001b67   Thumb Code    18  stm32f10x_gpio.o(i.GPIO_ReadInputDataBit)
    GPIO_ReadOutputDataBit                   0x08001b79   Thumb Code    18  stm32f10x_gpio.o(i.GPIO_ReadOutputDataBit)
    GPIO_ResetBits                           0x08001b8b   Thumb Code     4  stm32f10x_gpio.o(i.GPIO_ResetBits)
    GPIO_SetBits                             0x08001b8f   Thumb Code     4  stm32f10x_gpio.o(i.GPIO_SetBits)
    Get_PDPowerSupplyState                   0x08001b95   Thumb Code     6  keyinputfsm.o(i.Get_PDPowerSupplyState)
    Get_VolRestrict                          0x08001ba1   Thumb Code     6  keyinputfsm.o(i.Get_VolRestrict)
    HardFault_Handler                        0x08001bad   Thumb Code     4  stm32f10x_it.o(i.HardFault_Handler)
    I2C_AcknowledgeConfig                    0x08001bb1   Thumb Code    24  stm32f10x_i2c.o(i.I2C_AcknowledgeConfig)
    I2C_CheckEvent                           0x08001bc9   Thumb Code    42  stm32f10x_i2c.o(i.I2C_CheckEvent)
    I2C_ClearFlag                            0x08001bf3   Thumb Code    12  stm32f10x_i2c.o(i.I2C_ClearFlag)
    I2C_Cmd                                  0x08001bff   Thumb Code    24  stm32f10x_i2c.o(i.I2C_Cmd)
    I2C_EE_BufferRead                        0x08001c19   Thumb Code   424  bsp_i2c_ee.o(i.I2C_EE_BufferRead)
    I2C_EE_BufferWrite                       0x08001dd5   Thumb Code   298  bsp_i2c_ee.o(i.I2C_EE_BufferWrite)
    I2C_EE_Init                              0x08001f01   Thumb Code     8  bsp_i2c_ee.o(i.I2C_EE_Init)
    I2C_EE_PageWrite                         0x08001f0d   Thumb Code   292  bsp_i2c_ee.o(i.I2C_EE_PageWrite)
    I2C_EE_WaitEepromStandbyState            0x08002045   Thumb Code    78  bsp_i2c_ee.o(i.I2C_EE_WaitEepromStandbyState)
    I2C_GenerateSTART                        0x080020a1   Thumb Code    24  stm32f10x_i2c.o(i.I2C_GenerateSTART)
    I2C_GenerateSTOP                         0x080020b9   Thumb Code    24  stm32f10x_i2c.o(i.I2C_GenerateSTOP)
    I2C_GetFlagStatus                        0x080020d1   Thumb Code    58  stm32f10x_i2c.o(i.I2C_GetFlagStatus)
    I2C_Init                                 0x0800210d   Thumb Code   222  stm32f10x_i2c.o(i.I2C_Init)
    I2C_ReadRegister                         0x080021f9   Thumb Code    22  stm32f10x_i2c.o(i.I2C_ReadRegister)
    I2C_ReceiveData                          0x0800220f   Thumb Code     8  stm32f10x_i2c.o(i.I2C_ReceiveData)
    I2C_Send7bitAddress                      0x08002217   Thumb Code    18  stm32f10x_i2c.o(i.I2C_Send7bitAddress)
    I2C_SendData                             0x08002229   Thumb Code     4  stm32f10x_i2c.o(i.I2C_SendData)
    IWDG_CleanFlag                           0x0800229d   Thumb Code    16  bsp_iwdg.o(i.IWDG_CleanFlag)
    IWDG_Config                              0x080022ad   Thumb Code    36  bsp_iwdg.o(i.IWDG_Config)
    IWDG_Enable                              0x080022d1   Thumb Code    10  stm32f10x_iwdg.o(i.IWDG_Enable)
    IWDG_Feed                                0x080022e1   Thumb Code     8  bsp_iwdg.o(i.IWDG_Feed)
    IWDG_GetFlag                             0x080022e9   Thumb Code    18  bsp_iwdg.o(i.IWDG_GetFlag)
    IWDG_Init                                0x080022fb   Thumb Code    14  bsp_iwdg.o(i.IWDG_Init)
    IWDG_ReloadCounter                       0x08002309   Thumb Code    10  stm32f10x_iwdg.o(i.IWDG_ReloadCounter)
    IWDG_SetPrescaler                        0x08002319   Thumb Code     6  stm32f10x_iwdg.o(i.IWDG_SetPrescaler)
    IWDG_SetReload                           0x08002325   Thumb Code     6  stm32f10x_iwdg.o(i.IWDG_SetReload)
    IWDG_WriteAccessCmd                      0x08002331   Thumb Code     6  stm32f10x_iwdg.o(i.IWDG_WriteAccessCmd)
    InPut_Voltage_Filter                     0x0800233d   Thumb Code    84  task.o(i.InPut_Voltage_Filter)
    KEY_GPIO_Config                          0x08002395   Thumb Code    34  bsp_key.o(i.KEY_GPIO_Config)
    KeyInputFSM_Run                          0x080023bd   Thumb Code    48  keyinputfsm.o(i.KeyInputFSM_Run)
    KeyInputFSM_SetEvent                     0x080023fd   Thumb Code    10  keyinputfsm.o(i.KeyInputFSM_SetEvent)
    KeyInputFSM_SetStatus                    0x0800240d   Thumb Code    10  keyinputfsm.o(i.KeyInputFSM_SetStatus)
    KeyInput_Detection                       0x0800241d   Thumb Code   136  task.o(i.KeyInput_Detection)
    Key_Scan                                 0x080024a9   Thumb Code   184  bsp_key.o(i.Key_Scan)
    MemManage_Handler                        0x0800256d   Thumb Code     4  stm32f10x_it.o(i.MemManage_Handler)
    NMI_Handler                              0x08002989   Thumb Code     2  stm32f10x_it.o(i.NMI_Handler)
    NVIC_Init                                0x0800298d   Thumb Code   100  misc.o(i.NVIC_Init)
    NVIC_PriorityGroupConfig                 0x080029fd   Thumb Code    10  misc.o(i.NVIC_PriorityGroupConfig)
    Node_EnterShutDowm_Mode                  0x08002e71   Thumb Code    64  keyinputfsm.o(i.Node_EnterShutDowm_Mode)
    Node_QuitExtinguish_Mode                 0x08003315   Thumb Code    56  keyinputfsm.o(i.Node_QuitExtinguish_Mode)
    Node_QuitShutDowm_Mode                   0x080034f1   Thumb Code    78  keyinputfsm.o(i.Node_QuitShutDowm_Mode)
    OLED_Clear                               0x08003867   Thumb Code    42  bsp_oled.o(i.OLED_Clear)
    OLED_Clock_Control                       0x08003891   Thumb Code    28  bsp_oled.o(i.OLED_Clock_Control)
    OLED_I2C_Init                            0x080038ad   Thumb Code   122  bsp_oled.o(i.OLED_I2C_Init)
    OLED_Init                                0x08003935   Thumb Code   296  bsp_oled.o(i.OLED_Init)
    OLED_Pow                                 0x08003a5d   Thumb Code    20  bsp_oled.o(i.OLED_Pow)
    OLED_SetCursor                           0x08003a71   Thumb Code    34  bsp_oled.o(i.OLED_SetCursor)
    OLED_ShowBMP                             0x08003a95   Thumb Code    68  bsp_oled.o(i.OLED_ShowBMP)
    OLED_ShowBmpMini                         0x08003add   Thumb Code   102  bsp_oled.o(i.OLED_ShowBmpMini)
    OLED_ShowChar                            0x08003b49   Thumb Code   110  bsp_oled.o(i.OLED_ShowChar)
    OLED_ShowChinese                         0x08003bbd   Thumb Code   102  bsp_oled.o(i.OLED_ShowChinese)
    OLED_ShowNum                             0x08003c29   Thumb Code    68  bsp_oled.o(i.OLED_ShowNum)
    OLED_ShowNum_Bright                      0x08003c6d   Thumb Code   102  bsp_oled.o(i.OLED_ShowNum_Bright)
    OLED_ShowString                          0x08003cd9   Thumb Code    40  bsp_oled.o(i.OLED_ShowString)
    OLED_WriteCommand                        0x08003d01   Thumb Code   236  bsp_oled.o(i.OLED_WriteCommand)
    OLED_WriteData                           0x08003dfd   Thumb Code   236  bsp_oled.o(i.OLED_WriteData)
    PendSV_Handler                           0x08003ef9   Thumb Code     2  stm32f10x_it.o(i.PendSV_Handler)
    PowerSupply_Extinguish                   0x08003efb   Thumb Code    20  mian.o(i.PowerSupply_Extinguish)
    PowerSupply_Runing                       0x08003f11   Thumb Code    76  mian.o(i.PowerSupply_Runing)
    PowerSupply_ShutDown                     0x08003f65   Thumb Code    16  mian.o(i.PowerSupply_ShutDown)
    RCC_ADCCLKConfig                         0x08003f75   Thumb Code    18  stm32f10x_rcc.o(i.RCC_ADCCLKConfig)
    RCC_AHBPeriphClockCmd                    0x08003f8d   Thumb Code    26  stm32f10x_rcc.o(i.RCC_AHBPeriphClockCmd)
    RCC_APB1PeriphClockCmd                   0x08003fad   Thumb Code    26  stm32f10x_rcc.o(i.RCC_APB1PeriphClockCmd)
    RCC_APB2PeriphClockCmd                   0x08003fcd   Thumb Code    26  stm32f10x_rcc.o(i.RCC_APB2PeriphClockCmd)
    RCC_ClearFlag                            0x08003fed   Thumb Code    14  stm32f10x_rcc.o(i.RCC_ClearFlag)
    RCC_GetClocksFreq                        0x08004001   Thumb Code   192  stm32f10x_rcc.o(i.RCC_GetClocksFreq)
    RCC_GetFlagStatus                        0x080040d5   Thumb Code    56  stm32f10x_rcc.o(i.RCC_GetFlagStatus)
    Read_CurRestrict_FromRom                 0x08004111   Thumb Code    24  keyinputfsm.o(i.Read_CurRestrict_FromRom)
    Read_SettingField                        0x0800412d   Thumb Code    18  keyinputfsm.o(i.Read_SettingField)
    Read_VolRestrict_FromRom                 0x08004141   Thumb Code    20  keyinputfsm.o(i.Read_VolRestrict_FromRom)
    SC8701_CE_Control                        0x08004159   Thumb Code    26  bsp_sc8701.o(i.SC8701_CE_Control)
    SC8701_CE_Read                           0x08004179   Thumb Code    20  bsp_sc8701.o(i.SC8701_CE_Read)
    SC8701_FB_Control                        0x08004191   Thumb Code    30  bsp_sc8701.o(i.SC8701_FB_Control)
    SC8701_FB_Read                           0x080041b5   Thumb Code    22  bsp_sc8701.o(i.SC8701_FB_Read)
    SC8701_GPIO_Config                       0x080041d1   Thumb Code    92  bsp_sc8701.o(i.SC8701_GPIO_Config)
    SC8701_Init                              0x08004235   Thumb Code    16  bsp_sc8701.o(i.SC8701_Init)
    SC8701_Set_Current                       0x08004245   Thumb Code    50  bsp_sc8701.o(i.SC8701_Set_Current)
    SC8701_Set_Voltage                       0x08004285   Thumb Code   290  bsp_sc8701.o(i.SC8701_Set_Voltage)
    SC8701_Set_Voltage_Slow                  0x080043d1   Thumb Code   338  bsp_sc8701.o(i.SC8701_Set_Voltage_Slow)
    SIQ02FVS3_Init                           0x08004579   Thumb Code    16  bsp_siq02fvs3.o(i.SIQ02FVS3_Init)
    SIQ02FVS3_KEY_GPIO_Config                0x08004589   Thumb Code    90  bsp_siq02fvs3.o(i.SIQ02FVS3_KEY_GPIO_Config)
    SIQ02FVS3_Key_Scan                       0x080045ed   Thumb Code    44  bsp_siq02fvs3.o(i.SIQ02FVS3_Key_Scan)
    SVC_Handler                              0x08004647   Thumb Code     2  stm32f10x_it.o(i.SVC_Handler)
    Save_CurRestrict_ToRom                   0x08004649   Thumb Code    20  keyinputfsm.o(i.Save_CurRestrict_ToRom)
    Save_VolRestrict_ToRom                   0x08004661   Thumb Code    16  keyinputfsm.o(i.Save_VolRestrict_ToRom)
    Search_Reserve_VolAndCur                 0x08004675   Thumb Code   194  task.o(i.Search_Reserve_VolAndCur)
    SetMax_Current                           0x0800473d   Thumb Code   134  keyinputfsm.o(i.SetMax_Current)
    Set_Power_UpperLimit                     0x080048c1   Thumb Code    22  keyinputfsm.o(i.Set_Power_UpperLimit)
    Set_State                                0x080048e1   Thumb Code    24  task.o(i.Set_State)
    Set_Vol_UpperLimit                       0x08004901   Thumb Code    68  keyinputfsm.o(i.Set_Vol_UpperLimit)
    Short_Circuit_Detection                  0x0800494d   Thumb Code    92  task.o(i.Short_Circuit_Detection)
    Short_Circuit_Protection                 0x080049ad   Thumb Code    18  task.o(i.Short_Circuit_Protection)
    ShowPredefined                           0x080049c1   Thumb Code   320  keyinputfsm.o(i.ShowPredefined)
    ShowProgressBar                          0x08004b0d   Thumb Code   266  bsp_sc8701.o(i.ShowProgressBar)
    ShowRestrict                             0x08004c41   Thumb Code   140  keyinputfsm.o(i.ShowRestrict)
    ShowRestrict_Cur                         0x08004cdd   Thumb Code   118  keyinputfsm.o(i.ShowRestrict_Cur)
    ShowRestrict_Vol                         0x08004d5d   Thumb Code   166  keyinputfsm.o(i.ShowRestrict_Vol)
    Show_MaxPower                            0x08004e0d   Thumb Code   218  task.o(i.Show_MaxPower)
    Show_Short_Circuit                       0x08004f55   Thumb Code    68  task.o(i.Show_Short_Circuit)
    Show_State                               0x08004f9d   Thumb Code   140  task.o(i.Show_State)
    Show_UI                                  0x0800506d   Thumb Code    34  task.o(i.Show_UI)
    Show_logo                                0x0800509d   Thumb Code    80  task.o(i.Show_logo)
    SysTick_Handler                          0x08005101   Thumb Code     2  stm32f10x_it.o(i.SysTick_Handler)
    SystemInit                               0x08005105   Thumb Code    78  system_stm32f10x.o(i.SystemInit)
    TIM4_IRQHandler                          0x08005165   Thumb Code   178  stm32f10x_it.o(i.TIM4_IRQHandler)
    TIM_BDTRConfig                           0x08005241   Thumb Code    32  stm32f10x_tim.o(i.TIM_BDTRConfig)
    TIM_ClearFlag                            0x08005261   Thumb Code     6  stm32f10x_tim.o(i.TIM_ClearFlag)
    TIM_ClearITPendingBit                    0x08005267   Thumb Code     6  stm32f10x_tim.o(i.TIM_ClearITPendingBit)
    TIM_Cmd                                  0x0800526d   Thumb Code    24  stm32f10x_tim.o(i.TIM_Cmd)
    TIM_CtrlPWMOutputs                       0x08005285   Thumb Code    30  stm32f10x_tim.o(i.TIM_CtrlPWMOutputs)
    TIM_GetCapture1                          0x080052a3   Thumb Code     6  stm32f10x_tim.o(i.TIM_GetCapture1)
    TIM_GetITStatus                          0x080052a9   Thumb Code    34  stm32f10x_tim.o(i.TIM_GetITStatus)
    TIM_ITConfig                             0x080052cb   Thumb Code    18  stm32f10x_tim.o(i.TIM_ITConfig)
    TIM_OC1Init                              0x080052dd   Thumb Code   132  stm32f10x_tim.o(i.TIM_OC1Init)
    TIM_OC1PreloadConfig                     0x08005375   Thumb Code    18  stm32f10x_tim.o(i.TIM_OC1PreloadConfig)
    TIM_OC4Init                              0x08005389   Thumb Code   114  stm32f10x_tim.o(i.TIM_OC4Init)
    TIM_OC4PreloadConfig                     0x08005405   Thumb Code    26  stm32f10x_tim.o(i.TIM_OC4PreloadConfig)
    TIM_SetCompare1                          0x0800541f   Thumb Code     4  stm32f10x_tim.o(i.TIM_SetCompare1)
    TIM_SetCompare4                          0x08005423   Thumb Code     6  stm32f10x_tim.o(i.TIM_SetCompare4)
    TIM_TimeBaseInit                         0x08005429   Thumb Code   122  stm32f10x_tim.o(i.TIM_TimeBaseInit)
    USART_Cmd                                0x080054cd   Thumb Code    24  stm32f10x_usart.o(i.USART_Cmd)
    USART_Config                             0x080054e5   Thumb Code   134  bsp_usart.o(i.USART_Config)
    USART_GetFlagStatus                      0x08005575   Thumb Code    26  stm32f10x_usart.o(i.USART_GetFlagStatus)
    USART_ITConfig                           0x0800558f   Thumb Code    74  stm32f10x_usart.o(i.USART_ITConfig)
    USART_Init                               0x080055d9   Thumb Code   210  stm32f10x_usart.o(i.USART_Init)
    USART_SendData                           0x080056b1   Thumb Code     8  stm32f10x_usart.o(i.USART_SendData)
    UpData_VolRestrictAndCurRestrict         0x080056b9   Thumb Code    10  keyinputfsm.o(i.UpData_VolRestrictAndCurRestrict)
    UsageFault_Handler                       0x080056cd   Thumb Code     4  stm32f10x_it.o(i.UsageFault_Handler)
    Voltage_Filter                           0x080056d1   Thumb Code   128  task.o(i.Voltage_Filter)
    Write_SettingField                       0x0800575d   Thumb Code    20  keyinputfsm.o(i.Write_SettingField)
    __0printf$1                              0x08005771   Thumb Code    22  printf1.o(i.__0printf$1)
    __1printf$1                              0x08005771   Thumb Code     0  printf1.o(i.__0printf$1)
    __2printf                                0x08005771   Thumb Code     0  printf1.o(i.__0printf$1)
    __scatterload_copy                       0x08005791   Thumb Code    14  handlers.o(i.__scatterload_copy)
    __scatterload_null                       0x0800579f   Thumb Code     2  handlers.o(i.__scatterload_null)
    __scatterload_zeroinit                   0x080057a1   Thumb Code    14  handlers.o(i.__scatterload_zeroinit)
    bubble_sort                              0x08005905   Thumb Code   102  task.o(i.bubble_sort)
    bubble_sort_integer                      0x0800596b   Thumb Code    88  task.o(i.bubble_sort_integer)
    fputc                                    0x080059c5   Thumb Code    32  bsp_usart.o(i.fputc)
    main                                     0x080059e9   Thumb Code   110  mian.o(i.main)
    OLED_F8x16                               0x08005a9c   Data        1520  bsp_oled.o(.constdata)
    OLED_F8x16_Bright                        0x0800608c   Data         160  bsp_oled.o(.constdata)
    OLED_F16x16                              0x0800612c   Data        1088  bsp_oled.o(.constdata)
    OLED_BMP_64x64                           0x0800656c   Data        1024  bsp_oled.o(.constdata)
    OLED_BMP_8x16                            0x0800696c   Data          64  bsp_oled.o(.constdata)
    Region$$Table$$Base                      0x080069bc   Number         0  anon$$obj.o(Region$$Table)
    Region$$Table$$Limit                     0x080069dc   Number         0  anon$$obj.o(Region$$Table)
    TaskTimeCount                            0x20000014   Data           1  stm32f10x_it.o(.data)
    I2CTimeout                               0x20000018   Data           4  bsp_oled.o(.data)
    ADC_ConvertedValue                       0x2000001c   Data           6  bsp_adc.o(.data)
    Val                                      0x20000024   Data           4  bsp_adc.o(.data)
    Current                                  0x20000028   Data           2  task.o(.data)
    Voltage                                  0x2000002a   Data           2  task.o(.data)
    Power                                    0x2000002c   Data           4  task.o(.data)
    ShowTimeCount                            0x20000030   Data           1  task.o(.data)
    NormalCount                              0x20000031   Data           1  task.o(.data)
    SlowTaskCount                            0x20000032   Data           2  task.o(.data)
    KeyNum                                   0x20000034   Data           1  task.o(.data)
    SettingParameter_wait                    0x20000035   Data           1  task.o(.data)
    SettingParameter_Vol                     0x20000036   Data           1  task.o(.data)
    SettingParameter_Power                   0x20000037   Data           1  task.o(.data)
    state                                    0x20000038   Data           1  task.o(.data)
    InPutVoltage                             0x20000058   Data           4  bsp_sc8701.o(.data)
    KeyLongCount                             0x2000005d   Data           1  bsp_key.o(.data)
    AttonityTimeCountFlag                    0x20000075   Data           1  keyinputfsm.o(.data)
    AttonityTimeCount                        0x20000076   Data           2  keyinputfsm.o(.data)
    ExtinguishTimeCountFlag                  0x20000078   Data           1  keyinputfsm.o(.data)
    ExtinguishTimeCount                      0x2000007c   Data           4  keyinputfsm.o(.data)
    EESaveAddr                               0x20000080   Data           1  keyinputfsm.o(.data)
    Predefined_OutPut_Array                  0x20000082   Data          12  keyinputfsm.o(.data)
    MenuShowOption                           0x20000090   Data          16  keyinputfsm.o(.data)
    EEPROM_ADDRESS                           0x20000174   Data           2  bsp_i2c_ee.o(.data)
    __stdout                                 0x2000017c   Data           4  stdout.o(.data)
    __initial_sp                             0x200005d0   Data           0  startup_stm32f10x_md.o(STACK)



==============================================================================

Memory Map of the image

  Image Entry point : 0x080000ed

  Load Region LR_IROM1 (Base: 0x08000000, Size: 0x00006b5c, Max: 0x00010000, ABSOLUTE, COMPRESSED[0x00006ab0])

    Execution Region ER_IROM1 (Exec base: 0x08000000, Load base: 0x08000000, Size: 0x000069dc, Max: 0x00010000, ABSOLUTE)

    Exec Addr    Load Addr    Size         Type   Attr      Idx    E Section Name        Object

    0x08000000   0x08000000   0x000000ec   Data   RO            3    RESET               startup_stm32f10x_md.o
    0x080000ec   0x080000ec   0x00000000   Code   RO         4460  * .ARM.Collect$$$$00000000  mc_w.l(entry.o)
    0x080000ec   0x080000ec   0x00000004   Code   RO         4756    .ARM.Collect$$$$00000001  mc_w.l(entry2.o)
    0x080000f0   0x080000f0   0x00000004   Code   RO         4759    .ARM.Collect$$$$00000004  mc_w.l(entry5.o)
    0x080000f4   0x080000f4   0x00000000   Code   RO         4761    .ARM.Collect$$$$00000008  mc_w.l(entry7b.o)
    0x080000f4   0x080000f4   0x00000000   Code   RO         4763    .ARM.Collect$$$$0000000A  mc_w.l(entry8b.o)
    0x080000f4   0x080000f4   0x00000008   Code   RO         4764    .ARM.Collect$$$$0000000B  mc_w.l(entry9a.o)
    0x080000fc   0x080000fc   0x00000000   Code   RO         4766    .ARM.Collect$$$$0000000D  mc_w.l(entry10a.o)
    0x080000fc   0x080000fc   0x00000000   Code   RO         4768    .ARM.Collect$$$$0000000F  mc_w.l(entry11a.o)
    0x080000fc   0x080000fc   0x00000004   Code   RO         4757    .ARM.Collect$$$$00002712  mc_w.l(entry2.o)
    0x08000100   0x08000100   0x00000024   Code   RO            4    .text               startup_stm32f10x_md.o
    0x08000124   0x08000124   0x000000b0   Code   RO         4724    .text               mf_w.l(fadd.o)
    0x080001d4   0x080001d4   0x00000064   Code   RO         4726    .text               mf_w.l(fmul.o)
    0x08000238   0x08000238   0x0000007c   Code   RO         4728    .text               mf_w.l(fdiv.o)
    0x080002b4   0x080002b4   0x0000014e   Code   RO         4730    .text               mf_w.l(dadd.o)
    0x08000402   0x08000402   0x000000e4   Code   RO         4732    .text               mf_w.l(dmul.o)
    0x080004e6   0x080004e6   0x000000de   Code   RO         4734    .text               mf_w.l(ddiv.o)
    0x080005c4   0x080005c4   0x00000012   Code   RO         4736    .text               mf_w.l(fflti.o)
    0x080005d6   0x080005d6   0x0000000a   Code   RO         4738    .text               mf_w.l(ffltui.o)
    0x080005e0   0x080005e0   0x0000001a   Code   RO         4740    .text               mf_w.l(dfltui.o)
    0x080005fa   0x080005fa   0x00000028   Code   RO         4742    .text               mf_w.l(ffixui.o)
    0x08000622   0x08000622   0x00000032   Code   RO         4744    .text               mf_w.l(dfixui.o)
    0x08000654   0x08000654   0x00000026   Code   RO         4746    .text               mf_w.l(f2d.o)
    0x0800067a   0x0800067a   0x00000002   PAD
    0x0800067c   0x0800067c   0x00000030   Code   RO         4748    .text               mf_w.l(cdcmple.o)
    0x080006ac   0x080006ac   0x00000038   Code   RO         4750    .text               mf_w.l(d2f.o)
    0x080006e4   0x080006e4   0x00000014   Code   RO         4752    .text               mf_w.l(cfcmple.o)
    0x080006f8   0x080006f8   0x00000014   Code   RO         4754    .text               mf_w.l(cfrcmple.o)
    0x0800070c   0x0800070c   0x0000002c   Code   RO         4771    .text               mc_w.l(uidiv.o)
    0x08000738   0x08000738   0x0000001e   Code   RO         4775    .text               mc_w.l(llshl.o)
    0x08000756   0x08000756   0x00000020   Code   RO         4777    .text               mc_w.l(llushr.o)
    0x08000776   0x08000776   0x00000024   Code   RO         4779    .text               mc_w.l(llsshr.o)
    0x0800079a   0x0800079a   0x00000000   Code   RO         4781    .text               mc_w.l(iusefp.o)
    0x0800079a   0x0800079a   0x0000006e   Code   RO         4782    .text               mf_w.l(fepilogue.o)
    0x08000808   0x08000808   0x000000ba   Code   RO         4784    .text               mf_w.l(depilogue.o)
    0x080008c2   0x080008c2   0x00000002   PAD
    0x080008c4   0x080008c4   0x00000024   Code   RO         4790    .text               mc_w.l(init.o)
    0x080008e8   0x080008e8   0x00000056   Code   RO         4800    .text               mc_w.l(__dczerorl2.o)
    0x0800093e   0x0800093e   0x00000002   PAD
    0x08000940   0x08000940   0x0000003c   Code   RO         3633    i.ADC1_Get_Channel_7_Voltaged  bsp_adc.o
    0x0800097c   0x0800097c   0x0000000c   Code   RO         3634    i.ADC1_Get_Channel_8_Val  bsp_adc.o
    0x08000988   0x08000988   0x0000000c   Code   RO         3635    i.ADC1_Get_Channel_9_Val  bsp_adc.o
    0x08000994   0x08000994   0x00000016   Code   RO          183    i.ADC_Cmd           stm32f10x_adc.o
    0x080009aa   0x080009aa   0x00000016   Code   RO          184    i.ADC_DMACmd        stm32f10x_adc.o
    0x080009c0   0x080009c0   0x00000014   Code   RO          191    i.ADC_GetCalibrationStatus  stm32f10x_adc.o
    0x080009d4   0x080009d4   0x00000050   Code   RO          201    i.ADC_Init          stm32f10x_adc.o
    0x08000a24   0x08000a24   0x000000b8   Code   RO          205    i.ADC_RegularChannelConfig  stm32f10x_adc.o
    0x08000adc   0x08000adc   0x00000016   Code   RO          208    i.ADC_SoftwareStartConvCmd  stm32f10x_adc.o
    0x08000af2   0x08000af2   0x0000000a   Code   RO          210    i.ADC_StartCalibration  stm32f10x_adc.o
    0x08000afc   0x08000afc   0x00000010   Code   RO         3636    i.ADC_x_Init        bsp_adc.o
    0x08000b0c   0x08000b0c   0x00000060   Code   RO         3637    i.ADCx_DMA_Config   bsp_adc.o
    0x08000b6c   0x08000b6c   0x00000050   Code   RO         3638    i.ADCx_GPIO_Config  bsp_adc.o
    0x08000bbc   0x08000bbc   0x00000090   Code   RO         3639    i.ADCx_Mode_Config  bsp_adc.o
    0x08000c4c   0x08000c4c   0x0000002c   Code   RO         3877    i.ADVANCE_TIM_GPIO_Config  bsp_sc8701.o
    0x08000c78   0x08000c78   0x000000d0   Code   RO         3878    i.ADVANCE_TIM_Mode_Config  bsp_sc8701.o
    0x08000d48   0x08000d48   0x00000004   Code   RO         3269    i.BusFault_Handler  stm32f10x_it.o
    0x08000d4c   0x08000d4c   0x0000018c   Code   RO         4025    i.Check_Power       keyinputfsm.o
    0x08000ed8   0x08000ed8   0x00000088   Code   RO         3685    i.Check_Setting     task.o
    0x08000f60   0x08000f60   0x00000078   Code   RO         4026    i.Check_TimeOut     keyinputfsm.o
    0x08000fd8   0x08000fd8   0x0000008c   Code   RO         3686    i.Current_Filter    task.o
    0x08001064   0x08001064   0x00000018   Code   RO          868    i.DMA_Cmd           stm32f10x_dma.o
    0x0800107c   0x0800107c   0x0000014c   Code   RO          869    i.DMA_DeInit        stm32f10x_dma.o
    0x080011c8   0x080011c8   0x0000003c   Code   RO          874    i.DMA_Init          stm32f10x_dma.o
    0x08001204   0x08001204   0x00000002   Code   RO         3270    i.DebugMon_Handler  stm32f10x_it.o
    0x08001206   0x08001206   0x00000020   Code   RO         3834    i.Delay_ms          delay.o
    0x08001226   0x08001226   0x0000001e   Code   RO         3835    i.Delay_us          delay.o
    0x08001244   0x08001244   0x000000a0   Code   RO         3687    i.Detection_Current  task.o
    0x080012e4   0x080012e4   0x00000288   Code   RO         3688    i.Detection_InPut_Voltage  task.o
    0x0800156c   0x0800156c   0x00000148   Code   RO         3689    i.Detection_Power   task.o
    0x080016b4   0x080016b4   0x00000104   Code   RO         3690    i.Detection_Voltage  task.o
    0x080017b8   0x080017b8   0x000000d8   Code   RO         3691    i.EE_Ergodic_Save   task.o
    0x08001890   0x08001890   0x00000030   Code   RO         3271    i.EXTI4_IRQHandler  stm32f10x_it.o
    0x080018c0   0x080018c0   0x0000000c   Code   RO          939    i.EXTI_ClearITPendingBit  stm32f10x_exti.o
    0x080018cc   0x080018cc   0x00000028   Code   RO          943    i.EXTI_GetITStatus  stm32f10x_exti.o
    0x080018f4   0x080018f4   0x00000094   Code   RO          944    i.EXTI_Init         stm32f10x_exti.o
    0x08001988   0x08001988   0x0000000c   Code   RO         3852    i.GENERAL_TIM_Init  bsp_generaltim.o
    0x08001994   0x08001994   0x00000050   Code   RO         3853    i.GENERAL_TIM_Mode_Config  bsp_generaltim.o
    0x080019e4   0x080019e4   0x0000002a   Code   RO         3854    i.GENERAL_TIM_NVIC_Config  bsp_generaltim.o
    0x08001a0e   0x08001a0e   0x00000002   PAD
    0x08001a10   0x08001a10   0x00000040   Code   RO         1289    i.GPIO_EXTILineConfig  stm32f10x_gpio.o
    0x08001a50   0x08001a50   0x00000116   Code   RO         1292    i.GPIO_Init         stm32f10x_gpio.o
    0x08001b66   0x08001b66   0x00000012   Code   RO         1296    i.GPIO_ReadInputDataBit  stm32f10x_gpio.o
    0x08001b78   0x08001b78   0x00000012   Code   RO         1298    i.GPIO_ReadOutputDataBit  stm32f10x_gpio.o
    0x08001b8a   0x08001b8a   0x00000004   Code   RO         1299    i.GPIO_ResetBits    stm32f10x_gpio.o
    0x08001b8e   0x08001b8e   0x00000004   Code   RO         1300    i.GPIO_SetBits      stm32f10x_gpio.o
    0x08001b92   0x08001b92   0x00000002   PAD
    0x08001b94   0x08001b94   0x0000000c   Code   RO         4028    i.Get_PDPowerSupplyState  keyinputfsm.o
    0x08001ba0   0x08001ba0   0x0000000c   Code   RO         4029    i.Get_VolRestrict   keyinputfsm.o
    0x08001bac   0x08001bac   0x00000004   Code   RO         3272    i.HardFault_Handler  stm32f10x_it.o
    0x08001bb0   0x08001bb0   0x00000018   Code   RO         1401    i.I2C_AcknowledgeConfig  stm32f10x_i2c.o
    0x08001bc8   0x08001bc8   0x0000002a   Code   RO         1403    i.I2C_CheckEvent    stm32f10x_i2c.o
    0x08001bf2   0x08001bf2   0x0000000c   Code   RO         1404    i.I2C_ClearFlag     stm32f10x_i2c.o
    0x08001bfe   0x08001bfe   0x00000018   Code   RO         1406    i.I2C_Cmd           stm32f10x_i2c.o
    0x08001c16   0x08001c16   0x00000002   PAD
    0x08001c18   0x08001c18   0x000001bc   Code   RO         4364    i.I2C_EE_BufferRead  bsp_i2c_ee.o
    0x08001dd4   0x08001dd4   0x0000012a   Code   RO         4365    i.I2C_EE_BufferWrite  bsp_i2c_ee.o
    0x08001efe   0x08001efe   0x00000002   PAD
    0x08001f00   0x08001f00   0x0000000c   Code   RO         4367    i.I2C_EE_Init       bsp_i2c_ee.o
    0x08001f0c   0x08001f0c   0x00000138   Code   RO         4368    i.I2C_EE_PageWrite  bsp_i2c_ee.o
    0x08002044   0x08002044   0x0000005c   Code   RO         4369    i.I2C_EE_WaitEepromStandbyState  bsp_i2c_ee.o
    0x080020a0   0x080020a0   0x00000018   Code   RO         1413    i.I2C_GenerateSTART  stm32f10x_i2c.o
    0x080020b8   0x080020b8   0x00000018   Code   RO         1414    i.I2C_GenerateSTOP  stm32f10x_i2c.o
    0x080020d0   0x080020d0   0x0000003a   Code   RO         1415    i.I2C_GetFlagStatus  stm32f10x_i2c.o
    0x0800210a   0x0800210a   0x00000002   PAD
    0x0800210c   0x0800210c   0x000000ec   Code   RO         1420    i.I2C_Init          stm32f10x_i2c.o
    0x080021f8   0x080021f8   0x00000016   Code   RO         1424    i.I2C_ReadRegister  stm32f10x_i2c.o
    0x0800220e   0x0800220e   0x00000008   Code   RO         1425    i.I2C_ReceiveData   stm32f10x_i2c.o
    0x08002216   0x08002216   0x00000012   Code   RO         1427    i.I2C_Send7bitAddress  stm32f10x_i2c.o
    0x08002228   0x08002228   0x00000004   Code   RO         1428    i.I2C_SendData      stm32f10x_i2c.o
    0x0800222c   0x0800222c   0x00000040   Code   RO         4370    i.I2C_TIMEOUT_UserCallback  bsp_i2c_ee.o
    0x0800226c   0x0800226c   0x00000030   Code   RO         3497    i.I2C_TimeoutEvent  bsp_oled.o
    0x0800229c   0x0800229c   0x00000010   Code   RO         4421    i.IWDG_CleanFlag    bsp_iwdg.o
    0x080022ac   0x080022ac   0x00000024   Code   RO         4422    i.IWDG_Config       bsp_iwdg.o
    0x080022d0   0x080022d0   0x00000010   Code   RO         1604    i.IWDG_Enable       stm32f10x_iwdg.o
    0x080022e0   0x080022e0   0x00000008   Code   RO         4423    i.IWDG_Feed         bsp_iwdg.o
    0x080022e8   0x080022e8   0x00000012   Code   RO         4424    i.IWDG_GetFlag      bsp_iwdg.o
    0x080022fa   0x080022fa   0x0000000e   Code   RO         4425    i.IWDG_Init         bsp_iwdg.o
    0x08002308   0x08002308   0x00000010   Code   RO         1606    i.IWDG_ReloadCounter  stm32f10x_iwdg.o
    0x08002318   0x08002318   0x0000000c   Code   RO         1607    i.IWDG_SetPrescaler  stm32f10x_iwdg.o
    0x08002324   0x08002324   0x0000000c   Code   RO         1608    i.IWDG_SetReload    stm32f10x_iwdg.o
    0x08002330   0x08002330   0x0000000c   Code   RO         1609    i.IWDG_WriteAccessCmd  stm32f10x_iwdg.o
    0x0800233c   0x0800233c   0x00000058   Code   RO         3692    i.InPut_Voltage_Filter  task.o
    0x08002394   0x08002394   0x00000028   Code   RO         3963    i.KEY_GPIO_Config   bsp_key.o
    0x080023bc   0x080023bc   0x00000040   Code   RO         4030    i.KeyInputFSM_Run   keyinputfsm.o
    0x080023fc   0x080023fc   0x00000010   Code   RO         4031    i.KeyInputFSM_SetEvent  keyinputfsm.o
    0x0800240c   0x0800240c   0x00000010   Code   RO         4032    i.KeyInputFSM_SetStatus  keyinputfsm.o
    0x0800241c   0x0800241c   0x0000008c   Code   RO         3693    i.KeyInput_Detection  task.o
    0x080024a8   0x080024a8   0x000000c4   Code   RO         3964    i.Key_Scan          bsp_key.o
    0x0800256c   0x0800256c   0x00000004   Code   RO         3273    i.MemManage_Handler  stm32f10x_it.o
    0x08002570   0x08002570   0x00000060   Code   RO         4033    i.MenuShow_Power    keyinputfsm.o
    0x080025d0   0x080025d0   0x00000054   Code   RO         4034    i.MenuShow_Versions  keyinputfsm.o
    0x08002624   0x08002624   0x00000060   Code   RO         4035    i.MenuShow_Vol      keyinputfsm.o
    0x08002684   0x08002684   0x00000060   Code   RO         4036    i.MenuShow_Wait     keyinputfsm.o
    0x080026e4   0x080026e4   0x000000c4   Code   RO         4037    i.Menu_Set_Power    keyinputfsm.o
    0x080027a8   0x080027a8   0x0000013c   Code   RO         4038    i.Menu_Set_Vol      keyinputfsm.o
    0x080028e4   0x080028e4   0x000000a4   Code   RO         4039    i.Menu_Set_Wait     keyinputfsm.o
    0x08002988   0x08002988   0x00000002   Code   RO         3274    i.NMI_Handler       stm32f10x_it.o
    0x0800298a   0x0800298a   0x00000002   PAD
    0x0800298c   0x0800298c   0x00000070   Code   RO          137    i.NVIC_Init         misc.o
    0x080029fc   0x080029fc   0x00000014   Code   RO          138    i.NVIC_PriorityGroupConfig  misc.o
    0x08002a10   0x08002a10   0x000002a0   Code   RO         4040    i.Node_Add          keyinputfsm.o
    0x08002cb0   0x08002cb0   0x00000050   Code   RO         4041    i.Node_Change_Vol_Or_Cur  keyinputfsm.o
    0x08002d00   0x08002d00   0x0000007c   Code   RO         4042    i.Node_EnterMenu    keyinputfsm.o
    0x08002d7c   0x08002d7c   0x00000054   Code   RO         4043    i.Node_EnterPredefined  keyinputfsm.o
    0x08002dd0   0x08002dd0   0x000000a0   Code   RO         4044    i.Node_EnterSetting  keyinputfsm.o
    0x08002e70   0x08002e70   0x0000004c   Code   RO         4045    i.Node_EnterShutDowm_Mode  keyinputfsm.o
    0x08002ebc   0x08002ebc   0x0000007c   Code   RO         4046    i.Node_LeftMove     keyinputfsm.o
    0x08002f38   0x08002f38   0x00000070   Code   RO         4047    i.Node_MenuOption_Add  keyinputfsm.o
    0x08002fa8   0x08002fa8   0x0000009c   Code   RO         4048    i.Node_MenuOption_Left  keyinputfsm.o
    0x08003044   0x08003044   0x0000009c   Code   RO         4049    i.Node_MenuOption_Right  keyinputfsm.o
    0x080030e0   0x080030e0   0x00000070   Code   RO         4050    i.Node_MenuOption_Subtract  keyinputfsm.o
    0x08003150   0x08003150   0x0000005c   Code   RO         4051    i.Node_MenuTimeOut  keyinputfsm.o
    0x080031ac   0x080031ac   0x000000ac   Code   RO         4052    i.Node_ON_OFF_OutPut  keyinputfsm.o
    0x08003258   0x08003258   0x0000005c   Code   RO         4053    i.Node_PredefinedTimeOut  keyinputfsm.o
    0x080032b4   0x080032b4   0x00000030   Code   RO         4054    i.Node_Predefined_Add  keyinputfsm.o
    0x080032e4   0x080032e4   0x00000030   Code   RO         4055    i.Node_Predefined_Subtract  keyinputfsm.o
    0x08003314   0x08003314   0x0000004c   Code   RO         4056    i.Node_QuitExtinguish_Mode  keyinputfsm.o
    0x08003360   0x08003360   0x00000044   Code   RO         4057    i.Node_QuitMenu     keyinputfsm.o
    0x080033a4   0x080033a4   0x000000d4   Code   RO         4058    i.Node_QuitPredefined  keyinputfsm.o
    0x08003478   0x08003478   0x0000003c   Code   RO         4059    i.Node_QuitPredefined_NoSet  keyinputfsm.o
    0x080034b4   0x080034b4   0x0000003c   Code   RO         4060    i.Node_QuitSetting  keyinputfsm.o
    0x080034f0   0x080034f0   0x00000064   Code   RO         4061    i.Node_QuitShutDowm_Mode  keyinputfsm.o
    0x08003554   0x08003554   0x00000014   Code   RO         4062    i.Node_Ready        keyinputfsm.o
    0x08003568   0x08003568   0x0000007c   Code   RO         4063    i.Node_RightMove    keyinputfsm.o
    0x080035e4   0x080035e4   0x00000048   Code   RO         4064    i.Node_RunningTimeOut  keyinputfsm.o
    0x0800362c   0x0800362c   0x00000030   Code   RO         4065    i.Node_SettingTimeOut  keyinputfsm.o
    0x0800365c   0x0800365c   0x00000208   Code   RO         4066    i.Node_Subtract     keyinputfsm.o
    0x08003864   0x08003864   0x00000002   Code   RO         4067    i.Node_Void         keyinputfsm.o
    0x08003866   0x08003866   0x0000002a   Code   RO         3498    i.OLED_Clear        bsp_oled.o
    0x08003890   0x08003890   0x0000001c   Code   RO         3499    i.OLED_Clock_Control  bsp_oled.o
    0x080038ac   0x080038ac   0x00000088   Code   RO         3500    i.OLED_I2C_Init     bsp_oled.o
    0x08003934   0x08003934   0x00000128   Code   RO         3501    i.OLED_Init         bsp_oled.o
    0x08003a5c   0x08003a5c   0x00000014   Code   RO         3502    i.OLED_Pow          bsp_oled.o
    0x08003a70   0x08003a70   0x00000022   Code   RO         3503    i.OLED_SetCursor    bsp_oled.o
    0x08003a92   0x08003a92   0x00000002   PAD
    0x08003a94   0x08003a94   0x00000048   Code   RO         3504    i.OLED_ShowBMP      bsp_oled.o
    0x08003adc   0x08003adc   0x0000006c   Code   RO         3506    i.OLED_ShowBmpMini  bsp_oled.o
    0x08003b48   0x08003b48   0x00000074   Code   RO         3507    i.OLED_ShowChar     bsp_oled.o
    0x08003bbc   0x08003bbc   0x0000006c   Code   RO         3508    i.OLED_ShowChinese  bsp_oled.o
    0x08003c28   0x08003c28   0x00000044   Code   RO         3510    i.OLED_ShowNum      bsp_oled.o
    0x08003c6c   0x08003c6c   0x0000006c   Code   RO         3511    i.OLED_ShowNum_Bright  bsp_oled.o
    0x08003cd8   0x08003cd8   0x00000028   Code   RO         3513    i.OLED_ShowString   bsp_oled.o
    0x08003d00   0x08003d00   0x000000fc   Code   RO         3514    i.OLED_WriteCommand  bsp_oled.o
    0x08003dfc   0x08003dfc   0x000000fc   Code   RO         3515    i.OLED_WriteData    bsp_oled.o
    0x08003ef8   0x08003ef8   0x00000002   Code   RO         3275    i.PendSV_Handler    stm32f10x_it.o
    0x08003efa   0x08003efa   0x00000014   Code   RO         3108    i.PowerSupply_Extinguish  mian.o
    0x08003f0e   0x08003f0e   0x00000002   PAD
    0x08003f10   0x08003f10   0x00000054   Code   RO         3109    i.PowerSupply_Runing  mian.o
    0x08003f64   0x08003f64   0x00000010   Code   RO         3110    i.PowerSupply_ShutDown  mian.o
    0x08003f74   0x08003f74   0x00000018   Code   RO         1706    i.RCC_ADCCLKConfig  stm32f10x_rcc.o
    0x08003f8c   0x08003f8c   0x00000020   Code   RO         1707    i.RCC_AHBPeriphClockCmd  stm32f10x_rcc.o
    0x08003fac   0x08003fac   0x00000020   Code   RO         1708    i.RCC_APB1PeriphClockCmd  stm32f10x_rcc.o
    0x08003fcc   0x08003fcc   0x00000020   Code   RO         1710    i.RCC_APB2PeriphClockCmd  stm32f10x_rcc.o
    0x08003fec   0x08003fec   0x00000014   Code   RO         1714    i.RCC_ClearFlag     stm32f10x_rcc.o
    0x08004000   0x08004000   0x000000d4   Code   RO         1718    i.RCC_GetClocksFreq  stm32f10x_rcc.o
    0x080040d4   0x080040d4   0x0000003c   Code   RO         1719    i.RCC_GetFlagStatus  stm32f10x_rcc.o
    0x08004110   0x08004110   0x0000001c   Code   RO         4068    i.Read_CurRestrict_FromRom  keyinputfsm.o
    0x0800412c   0x0800412c   0x00000012   Code   RO         4069    i.Read_SettingField  keyinputfsm.o
    0x0800413e   0x0800413e   0x00000002   PAD
    0x08004140   0x08004140   0x00000018   Code   RO         4070    i.Read_VolRestrict_FromRom  keyinputfsm.o
    0x08004158   0x08004158   0x00000020   Code   RO         3879    i.SC8701_CE_Control  bsp_sc8701.o
    0x08004178   0x08004178   0x00000018   Code   RO         3880    i.SC8701_CE_Read    bsp_sc8701.o
    0x08004190   0x08004190   0x00000024   Code   RO         3881    i.SC8701_FB_Control  bsp_sc8701.o
    0x080041b4   0x080041b4   0x0000001c   Code   RO         3882    i.SC8701_FB_Read    bsp_sc8701.o
    0x080041d0   0x080041d0   0x00000064   Code   RO         3883    i.SC8701_GPIO_Config  bsp_sc8701.o
    0x08004234   0x08004234   0x00000010   Code   RO         3884    i.SC8701_Init       bsp_sc8701.o
    0x08004244   0x08004244   0x00000040   Code   RO         3885    i.SC8701_Set_Current  bsp_sc8701.o
    0x08004284   0x08004284   0x0000014c   Code   RO         3886    i.SC8701_Set_Voltage  bsp_sc8701.o
    0x080043d0   0x080043d0   0x00000178   Code   RO         3887    i.SC8701_Set_Voltage_Slow  bsp_sc8701.o
    0x08004548   0x08004548   0x00000030   Code   RO         3988    i.SIQ02FVS3_EXTI_Config  bsp_siq02fvs3.o
    0x08004578   0x08004578   0x00000010   Code   RO         3989    i.SIQ02FVS3_Init    bsp_siq02fvs3.o
    0x08004588   0x08004588   0x00000064   Code   RO         3990    i.SIQ02FVS3_KEY_GPIO_Config  bsp_siq02fvs3.o
    0x080045ec   0x080045ec   0x00000030   Code   RO         3991    i.SIQ02FVS3_Key_Scan  bsp_siq02fvs3.o
    0x0800461c   0x0800461c   0x0000002a   Code   RO         3992    i.SIQ02FVS3_NVIC_Config  bsp_siq02fvs3.o
    0x08004646   0x08004646   0x00000002   Code   RO         3276    i.SVC_Handler       stm32f10x_it.o
    0x08004648   0x08004648   0x00000018   Code   RO         4071    i.Save_CurRestrict_ToRom  keyinputfsm.o
    0x08004660   0x08004660   0x00000014   Code   RO         4072    i.Save_VolRestrict_ToRom  keyinputfsm.o
    0x08004674   0x08004674   0x000000c8   Code   RO         3694    i.Search_Reserve_VolAndCur  task.o
    0x0800473c   0x0800473c   0x0000009c   Code   RO         4073    i.SetMax_Current    keyinputfsm.o
    0x080047d8   0x080047d8   0x00000008   Code   RO           24    i.SetSysClock       system_stm32f10x.o
    0x080047e0   0x080047e0   0x000000e0   Code   RO           25    i.SetSysClockTo72   system_stm32f10x.o
    0x080048c0   0x080048c0   0x00000020   Code   RO         4074    i.Set_Power_UpperLimit  keyinputfsm.o
    0x080048e0   0x080048e0   0x00000020   Code   RO         3695    i.Set_State         task.o
    0x08004900   0x08004900   0x0000004c   Code   RO         4075    i.Set_Vol_UpperLimit  keyinputfsm.o
    0x0800494c   0x0800494c   0x00000060   Code   RO         3696    i.Short_Circuit_Detection  task.o
    0x080049ac   0x080049ac   0x00000012   Code   RO         3697    i.Short_Circuit_Protection  task.o
    0x080049be   0x080049be   0x00000002   PAD
    0x080049c0   0x080049c0   0x0000014c   Code   RO         4077    i.ShowPredefined    keyinputfsm.o
    0x08004b0c   0x08004b0c   0x00000134   Code   RO         3888    i.ShowProgressBar   bsp_sc8701.o
    0x08004c40   0x08004c40   0x0000009c   Code   RO         4078    i.ShowRestrict      keyinputfsm.o
    0x08004cdc   0x08004cdc   0x00000080   Code   RO         4079    i.ShowRestrict_Cur  keyinputfsm.o
    0x08004d5c   0x08004d5c   0x000000b0   Code   RO         4080    i.ShowRestrict_Vol  keyinputfsm.o
    0x08004e0c   0x08004e0c   0x00000148   Code   RO         3699    i.Show_MaxPower     task.o
    0x08004f54   0x08004f54   0x00000048   Code   RO         3700    i.Show_Short_Circuit  task.o
    0x08004f9c   0x08004f9c   0x000000d0   Code   RO         3701    i.Show_State        task.o
    0x0800506c   0x0800506c   0x00000030   Code   RO         3702    i.Show_UI           task.o
    0x0800509c   0x0800509c   0x00000064   Code   RO         3703    i.Show_logo         task.o
    0x08005100   0x08005100   0x00000002   Code   RO         3277    i.SysTick_Handler   stm32f10x_it.o
    0x08005102   0x08005102   0x00000002   PAD
    0x08005104   0x08005104   0x00000060   Code   RO           27    i.SystemInit        system_stm32f10x.o
    0x08005164   0x08005164   0x000000dc   Code   RO         3278    i.TIM4_IRQHandler   stm32f10x_it.o
    0x08005240   0x08005240   0x00000020   Code   RO         2331    i.TIM_BDTRConfig    stm32f10x_tim.o
    0x08005260   0x08005260   0x00000006   Code   RO         2336    i.TIM_ClearFlag     stm32f10x_tim.o
    0x08005266   0x08005266   0x00000006   Code   RO         2337    i.TIM_ClearITPendingBit  stm32f10x_tim.o
    0x0800526c   0x0800526c   0x00000018   Code   RO         2342    i.TIM_Cmd           stm32f10x_tim.o
    0x08005284   0x08005284   0x0000001e   Code   RO         2344    i.TIM_CtrlPWMOutputs  stm32f10x_tim.o
    0x080052a2   0x080052a2   0x00000006   Code   RO         2357    i.TIM_GetCapture1   stm32f10x_tim.o
    0x080052a8   0x080052a8   0x00000022   Code   RO         2363    i.TIM_GetITStatus   stm32f10x_tim.o
    0x080052ca   0x080052ca   0x00000012   Code   RO         2367    i.TIM_ITConfig      stm32f10x_tim.o
    0x080052dc   0x080052dc   0x00000098   Code   RO         2371    i.TIM_OC1Init       stm32f10x_tim.o
    0x08005374   0x08005374   0x00000012   Code   RO         2374    i.TIM_OC1PreloadConfig  stm32f10x_tim.o
    0x08005386   0x08005386   0x00000002   PAD
    0x08005388   0x08005388   0x0000007c   Code   RO         2386    i.TIM_OC4Init       stm32f10x_tim.o
    0x08005404   0x08005404   0x0000001a   Code   RO         2388    i.TIM_OC4PreloadConfig  stm32f10x_tim.o
    0x0800541e   0x0800541e   0x00000004   Code   RO         2403    i.TIM_SetCompare1   stm32f10x_tim.o
    0x08005422   0x08005422   0x00000006   Code   RO         2406    i.TIM_SetCompare4   stm32f10x_tim.o
    0x08005428   0x08005428   0x000000a4   Code   RO         2413    i.TIM_TimeBaseInit  stm32f10x_tim.o
    0x080054cc   0x080054cc   0x00000018   Code   RO         2878    i.USART_Cmd         stm32f10x_usart.o
    0x080054e4   0x080054e4   0x00000090   Code   RO         3448    i.USART_Config      bsp_usart.o
    0x08005574   0x08005574   0x0000001a   Code   RO         2881    i.USART_GetFlagStatus  stm32f10x_usart.o
    0x0800558e   0x0800558e   0x0000004a   Code   RO         2884    i.USART_ITConfig    stm32f10x_usart.o
    0x080055d8   0x080055d8   0x000000d8   Code   RO         2885    i.USART_Init        stm32f10x_usart.o
    0x080056b0   0x080056b0   0x00000008   Code   RO         2895    i.USART_SendData    stm32f10x_usart.o
    0x080056b8   0x080056b8   0x00000014   Code   RO         4082    i.UpData_VolRestrictAndCurRestrict  keyinputfsm.o
    0x080056cc   0x080056cc   0x00000004   Code   RO         3279    i.UsageFault_Handler  stm32f10x_it.o
    0x080056d0   0x080056d0   0x0000008c   Code   RO         3704    i.Voltage_Filter    task.o
    0x0800575c   0x0800575c   0x00000014   Code   RO         4083    i.Write_SettingField  keyinputfsm.o
    0x08005770   0x08005770   0x00000020   Code   RO         4508    i.__0printf$1       mc_w.l(printf1.o)
    0x08005790   0x08005790   0x0000000e   Code   RO         4794    i.__scatterload_copy  mc_w.l(handlers.o)
    0x0800579e   0x0800579e   0x00000002   Code   RO         4795    i.__scatterload_null  mc_w.l(handlers.o)
    0x080057a0   0x080057a0   0x0000000e   Code   RO         4796    i.__scatterload_zeroinit  mc_w.l(handlers.o)
    0x080057ae   0x080057ae   0x00000002   PAD
    0x080057b0   0x080057b0   0x00000154   Code   RO         4515    i._printf_core      mc_w.l(printf1.o)
    0x08005904   0x08005904   0x00000066   Code   RO         3705    i.bubble_sort       task.o
    0x0800596a   0x0800596a   0x00000058   Code   RO         3706    i.bubble_sort_integer  task.o
    0x080059c2   0x080059c2   0x00000002   PAD
    0x080059c4   0x080059c4   0x00000024   Code   RO         3453    i.fputc             bsp_usart.o
    0x080059e8   0x080059e8   0x000000b4   Code   RO         3111    i.main              mian.o
    0x08005a9c   0x08005a9c   0x00000f10   Data   RO         3516    .constdata          bsp_oled.o
    0x080069ac   0x080069ac   0x00000006   Data   RO         3965    .constdata          bsp_key.o
    0x080069b2   0x080069b2   0x00000008   Data   RO         4084    .constdata          keyinputfsm.o
    0x080069ba   0x080069ba   0x00000002   PAD
    0x080069bc   0x080069bc   0x00000020   Data   RO         4792    Region$$Table       anon$$obj.o


    Execution Region RW_IRAM1 (Exec base: 0x20000000, Load base: 0x080069dc, Size: 0x000005d0, Max: 0x00005000, ABSOLUTE, COMPRESSED[0x000000d4])

    Exec Addr    Load Addr    Size         Type   Attr      Idx    E Section Name        Object

    0x20000000   COMPRESSED   0x00000014   Data   RW         1738    .data               stm32f10x_rcc.o
    0x20000014   COMPRESSED   0x00000001   Data   RW         3280    .data               stm32f10x_it.o
    0x20000015   COMPRESSED   0x00000003   PAD
    0x20000018   COMPRESSED   0x00000004   Data   RW         3517    .data               bsp_oled.o
    0x2000001c   COMPRESSED   0x0000000c   Data   RW         3640    .data               bsp_adc.o
    0x20000028   COMPRESSED   0x00000030   Data   RW         3708    .data               task.o
    0x20000058   COMPRESSED   0x00000005   Data   RW         3889    .data               bsp_sc8701.o
    0x2000005d   COMPRESSED   0x00000001   Data   RW         3966    .data               bsp_key.o
    0x2000005e   COMPRESSED   0x00000002   PAD
    0x20000060   COMPRESSED   0x00000114   Data   RW         4085    .data               keyinputfsm.o
    0x20000174   COMPRESSED   0x00000008   Data   RW         4371    .data               bsp_i2c_ee.o
    0x2000017c   COMPRESSED   0x00000004   Data   RW         4770    .data               mc_w.l(stdout.o)
    0x20000180        -       0x00000050   Zero   RW         3707    .bss                task.o
    0x200001d0        -       0x00000400   Zero   RW            1    STACK               startup_stm32f10x_md.o


==============================================================================

Image component sizes


      Code (inc. data)   RO Data    RW Data    ZI Data      Debug   Object Name

       420         50          0         12          0       4356   bsp_adc.o
       134          6          0          0          0       1555   bsp_generaltim.o
      1222        106          0          8          0       5243   bsp_i2c_ee.o
        92          0          0          0          0       2502   bsp_iwdg.o
       236         18          6          1          0       1604   bsp_key.o
      1728        106       3856          4          0      11894   bsp_oled.o
      1568        176          0          5          0       9078   bsp_sc8701.o
       254         14          0          0          0       2678   bsp_siq02fvs3.o
       180         14          0          0          0       2907   bsp_usart.o
         0          0          0          0          0       4524   core_cm3.o
        62          0          0          0          0        998   delay.o
      6564       1080          8        276          0      34331   keyinputfsm.o
       300         78          0          0          0      30992   mian.o
       132         22          0          0          0       1851   misc.o
        36          8        236          0       1024        876   startup_stm32f10x_md.o
       360         10          0          0          0       6906   stm32f10x_adc.o
       416          8          0          0          0       3790   stm32f10x_dma.o
       200         18          0          0          0       2488   stm32f10x_exti.o
       386          4          0          0          0       5447   stm32f10x_gpio.o
       496         14          0          0          0       9791   stm32f10x_i2c.o
       294         48          0          1          0       5583   stm32f10x_it.o
        68         30          0          0          0       2770   stm32f10x_iwdg.o
       412         54          0         20          0       7325   stm32f10x_rcc.o
       650         72          0          0          0      10480   stm32f10x_tim.o
       348          6          0          0          0       5353   stm32f10x_usart.o
       328         28          0          0          0     278761   system_stm32f10x.o
      3548        442          0         48         80      14951   task.o

    ----------------------------------------------------------------------
     20460       2412       4140        380       1104     469034   Object Totals
         0          0         32          0          0          0   (incl. Generated)
        26          0          2          5          0          0   (incl. Padding)

    ----------------------------------------------------------------------

      Code (inc. data)   RO Data    RW Data    ZI Data      Debug   Library Member Name

        86          0          0          0          0          0   __dczerorl2.o
         0          0          0          0          0          0   entry.o
         0          0          0          0          0          0   entry10a.o
         0          0          0          0          0          0   entry11a.o
         8          4          0          0          0          0   entry2.o
         4          0          0          0          0          0   entry5.o
         0          0          0          0          0          0   entry7b.o
         0          0          0          0          0          0   entry8b.o
         8          4          0          0          0          0   entry9a.o
        30          0          0          0          0          0   handlers.o
        36          8          0          0          0         68   init.o
         0          0          0          0          0          0   iusefp.o
        30          0          0          0          0         68   llshl.o
        36          0          0          0          0         68   llsshr.o
        32          0          0          0          0         68   llushr.o
       372         14          0          0          0        184   printf1.o
         0          0          0          4          0          0   stdout.o
        44          0          0          0          0         80   uidiv.o
        48          0          0          0          0         68   cdcmple.o
        20          0          0          0          0         68   cfcmple.o
        20          0          0          0          0         68   cfrcmple.o
        56          0          0          0          0         88   d2f.o
       334          0          0          0          0        148   dadd.o
       222          0          0          0          0        100   ddiv.o
       186          0          0          0          0        176   depilogue.o
        50          0          0          0          0         76   dfixui.o
        26          0          0          0          0         76   dfltui.o
       228          0          0          0          0         96   dmul.o
        38          0          0          0          0         68   f2d.o
       176          0          0          0          0        140   fadd.o
       124          0          0          0          0         88   fdiv.o
       110          0          0          0          0        168   fepilogue.o
        40          0          0          0          0         68   ffixui.o
        18          0          0          0          0         68   fflti.o
        10          0          0          0          0         68   ffltui.o
       100          0          0          0          0         76   fmul.o

    ----------------------------------------------------------------------
      2500         30          0          4          0       2244   Library Totals
         8          0          0          0          0          0   (incl. Padding)

    ----------------------------------------------------------------------

      Code (inc. data)   RO Data    RW Data    ZI Data      Debug   Library Name

       686         30          0          4          0        536   mc_w.l
      1806          0          0          0          0       1708   mf_w.l

    ----------------------------------------------------------------------
      2500         30          0          4          0       2244   Library Totals

    ----------------------------------------------------------------------

==============================================================================


      Code (inc. data)   RO Data    RW Data    ZI Data      Debug   

     22960       2442       4140        384       1104     459134   Grand Totals
     22960       2442       4140        212       1104     459134   ELF Image Totals (compressed)
     22960       2442       4140        212          0          0   ROM Totals

==============================================================================

    Total RO  Size (Code + RO Data)                27100 (  26.46kB)
    Total RW  Size (RW Data + ZI Data)              1488 (   1.45kB)
    Total ROM Size (Code + RO Data + RW Data)      27312 (  26.67kB)

==============================================================================

