Component: ARM Compiler 5.06 update 6 (build 750) Tool: armlink [4d35ed]

==============================================================================

Section Cross References

    startup_stm32f10x_md.o(RESET) refers to startup_stm32f10x_md.o(STACK) for __initial_sp
    startup_stm32f10x_md.o(RESET) refers to startup_stm32f10x_md.o(.text) for Reset_Handler
    startup_stm32f10x_md.o(RESET) refers to stm32f10x_it.o(i.NMI_Handler) for NMI_Handler
    startup_stm32f10x_md.o(RESET) refers to stm32f10x_it.o(i.HardFault_Handler) for HardFault_Handler
    startup_stm32f10x_md.o(RESET) refers to stm32f10x_it.o(i.MemManage_Handler) for MemManage_Handler
    startup_stm32f10x_md.o(RESET) refers to stm32f10x_it.o(i.BusFault_Handler) for BusFault_Handler
    startup_stm32f10x_md.o(RESET) refers to stm32f10x_it.o(i.UsageFault_Handler) for UsageFault_Handler
    startup_stm32f10x_md.o(RESET) refers to stm32f10x_it.o(i.SVC_Handler) for SVC_Handler
    startup_stm32f10x_md.o(RESET) refers to stm32f10x_it.o(i.DebugMon_Handler) for DebugMon_Handler
    startup_stm32f10x_md.o(RESET) refers to stm32f10x_it.o(i.PendSV_Handler) for PendSV_Handler
    startup_stm32f10x_md.o(RESET) refers to stm32f10x_it.o(i.SysTick_Handler) for SysTick_Handler
    startup_stm32f10x_md.o(RESET) refers to stm32f10x_it.o(i.EXTI4_IRQHandler) for EXTI4_IRQHandler
    startup_stm32f10x_md.o(RESET) refers to stm32f10x_it.o(i.TIM4_IRQHandler) for TIM4_IRQHandler
    startup_stm32f10x_md.o(.text) refers to system_stm32f10x.o(i.SystemInit) for SystemInit
    startup_stm32f10x_md.o(.text) refers to entry.o(.ARM.Collect$$$$00000000) for __main
    system_stm32f10x.o(i.SetSysClock) refers to system_stm32f10x.o(i.SetSysClockTo72) for SetSysClockTo72
    system_stm32f10x.o(i.SystemCoreClockUpdate) refers to system_stm32f10x.o(.data) for SystemCoreClock
    system_stm32f10x.o(i.SystemInit) refers to system_stm32f10x.o(i.SetSysClock) for SetSysClock
    stm32f10x_adc.o(i.ADC_DeInit) refers to stm32f10x_rcc.o(i.RCC_APB2PeriphResetCmd) for RCC_APB2PeriphResetCmd
    stm32f10x_bkp.o(i.BKP_DeInit) refers to stm32f10x_rcc.o(i.RCC_BackupResetCmd) for RCC_BackupResetCmd
    stm32f10x_can.o(i.CAN_DeInit) refers to stm32f10x_rcc.o(i.RCC_APB1PeriphResetCmd) for RCC_APB1PeriphResetCmd
    stm32f10x_can.o(i.CAN_GetITStatus) refers to stm32f10x_can.o(i.CheckITStatus) for CheckITStatus
    stm32f10x_cec.o(i.CEC_DeInit) refers to stm32f10x_rcc.o(i.RCC_APB1PeriphResetCmd) for RCC_APB1PeriphResetCmd
    stm32f10x_dac.o(i.DAC_DeInit) refers to stm32f10x_rcc.o(i.RCC_APB1PeriphResetCmd) for RCC_APB1PeriphResetCmd
    stm32f10x_flash.o(i.FLASH_EnableWriteProtection) refers to stm32f10x_flash.o(i.FLASH_WaitForLastOperation) for FLASH_WaitForLastOperation
    stm32f10x_flash.o(i.FLASH_EraseAllBank1Pages) refers to stm32f10x_flash.o(i.FLASH_WaitForLastBank1Operation) for FLASH_WaitForLastBank1Operation
    stm32f10x_flash.o(i.FLASH_EraseAllPages) refers to stm32f10x_flash.o(i.FLASH_WaitForLastOperation) for FLASH_WaitForLastOperation
    stm32f10x_flash.o(i.FLASH_EraseOptionBytes) refers to stm32f10x_flash.o(i.FLASH_GetReadOutProtectionStatus) for FLASH_GetReadOutProtectionStatus
    stm32f10x_flash.o(i.FLASH_EraseOptionBytes) refers to stm32f10x_flash.o(i.FLASH_WaitForLastOperation) for FLASH_WaitForLastOperation
    stm32f10x_flash.o(i.FLASH_ErasePage) refers to stm32f10x_flash.o(i.FLASH_WaitForLastOperation) for FLASH_WaitForLastOperation
    stm32f10x_flash.o(i.FLASH_ProgramHalfWord) refers to stm32f10x_flash.o(i.FLASH_WaitForLastOperation) for FLASH_WaitForLastOperation
    stm32f10x_flash.o(i.FLASH_ProgramOptionByteData) refers to stm32f10x_flash.o(i.FLASH_WaitForLastOperation) for FLASH_WaitForLastOperation
    stm32f10x_flash.o(i.FLASH_ProgramWord) refers to stm32f10x_flash.o(i.FLASH_WaitForLastOperation) for FLASH_WaitForLastOperation
    stm32f10x_flash.o(i.FLASH_ReadOutProtection) refers to stm32f10x_flash.o(i.FLASH_WaitForLastOperation) for FLASH_WaitForLastOperation
    stm32f10x_flash.o(i.FLASH_UserOptionByteConfig) refers to stm32f10x_flash.o(i.FLASH_WaitForLastOperation) for FLASH_WaitForLastOperation
    stm32f10x_flash.o(i.FLASH_WaitForLastBank1Operation) refers to stm32f10x_flash.o(i.FLASH_GetBank1Status) for FLASH_GetBank1Status
    stm32f10x_flash.o(i.FLASH_WaitForLastOperation) refers to stm32f10x_flash.o(i.FLASH_GetBank1Status) for FLASH_GetBank1Status
    stm32f10x_gpio.o(i.GPIO_AFIODeInit) refers to stm32f10x_rcc.o(i.RCC_APB2PeriphResetCmd) for RCC_APB2PeriphResetCmd
    stm32f10x_gpio.o(i.GPIO_DeInit) refers to stm32f10x_rcc.o(i.RCC_APB2PeriphResetCmd) for RCC_APB2PeriphResetCmd
    stm32f10x_i2c.o(i.I2C_DeInit) refers to stm32f10x_rcc.o(i.RCC_APB1PeriphResetCmd) for RCC_APB1PeriphResetCmd
    stm32f10x_i2c.o(i.I2C_Init) refers to stm32f10x_rcc.o(i.RCC_GetClocksFreq) for RCC_GetClocksFreq
    stm32f10x_pwr.o(i.PWR_DeInit) refers to stm32f10x_rcc.o(i.RCC_APB1PeriphResetCmd) for RCC_APB1PeriphResetCmd
[...]
    i.Node_Predefined_Add                    0x08003514   Section        0  keyinputfsm.o(i.Node_Predefined_Add)
    Node_Predefined_Add                      0x08003515   Thumb Code    40  keyinputfsm.o(i.Node_Predefined_Add)
    i.Node_Predefined_Subtract               0x08003544   Section        0  keyinputfsm.o(i.Node_Predefined_Subtract)
    Node_Predefined_Subtract                 0x08003545   Thumb Code    38  keyinputfsm.o(i.Node_Predefined_Subtract)
    i.Node_QuitExtinguish_Mode               0x08003574   Section        0  keyinputfsm.o(i.Node_QuitExtinguish_Mode)
    i.Node_QuitMenu                          0x080035c0   Section        0  keyinputfsm.o(i.Node_QuitMenu)
    Node_QuitMenu                            0x080035c1   Thumb Code    40  keyinputfsm.o(i.Node_QuitMenu)
    i.Node_QuitPredefined                    0x08003604   Section        0  keyinputfsm.o(i.Node_QuitPredefined)
    Node_QuitPredefined                      0x08003605   Thumb Code   270  keyinputfsm.o(i.Node_QuitPredefined)
    i.Node_QuitPredefined_NoSet              0x08003740   Section        0  keyinputfsm.o(i.Node_QuitPredefined_NoSet)
    Node_QuitPredefined_NoSet                0x08003741   Thumb Code    36  keyinputfsm.o(i.Node_QuitPredefined_NoSet)
    i.Node_QuitSetting                       0x0800377c   Section        0  keyinputfsm.o(i.Node_QuitSetting)
    Node_QuitSetting                         0x0800377d   Thumb Code    36  keyinputfsm.o(i.Node_QuitSetting)
    i.Node_QuitShutDowm_Mode                 0x080037b8   Section        0  keyinputfsm.o(i.Node_QuitShutDowm_Mode)
    i.Node_Ready                             0x0800381c   Section        0  keyinputfsm.o(i.Node_Ready)
    Node_Ready                               0x0800381d   Thumb Code    14  keyinputfsm.o(i.Node_Ready)
    i.Node_RightMove                         0x08003830   Section        0  keyinputfsm.o(i.Node_RightMove)
    Node_RightMove                           0x08003831   Thumb Code   108  keyinputfsm.o(i.Node_RightMove)
    i.Node_RunningTimeOut                    0x080038ac   Section        0  keyinputfsm.o(i.Node_RunningTimeOut)
    Node_RunningTimeOut                      0x080038ad   Thumb Code    54  keyinputfsm.o(i.Node_RunningTimeOut)
    i.Node_SettingTimeOut                    0x080038f4   Section        0  keyinputfsm.o(i.Node_SettingTimeOut)
    Node_SettingTimeOut                      0x080038f5   Thumb Code    36  keyinputfsm.o(i.Node_SettingTimeOut)
    i.Node_Subtract                          0x08003924   Section        0  keyinputfsm.o(i.Node_Subtract)
    Node_Subtract                            0x08003925   Thumb Code   648  keyinputfsm.o(i.Node_Subtract)
    i.Node_Void                              0x08003be0   Section        0  keyinputfsm.o(i.Node_Void)
    Node_Void                                0x08003be1   Thumb Code     2  keyinputfsm.o(i.Node_Void)
    i.OLED_Clear                             0x08003be2   Section        0  bsp_oled.o(i.OLED_Clear)
    i.OLED_Clock_Control                     0x08003c0c   Section        0  bsp_oled.o(i.OLED_Clock_Control)
    i.OLED_I2C_Init                          0x08003c28   Section        0  bsp_oled.o(i.OLED_I2C_Init)
    i.OLED_Init                              0x08003cb0   Section        0  bsp_oled.o(i.OLED_Init)
    i.OLED_Pow                               0x08003dd8   Section        0  bsp_oled.o(i.OLED_Pow)
    i.OLED_SetCursor                         0x08003dec   Section        0  bsp_oled.o(i.OLED_SetCursor)
    i.OLED_ShowBMP                           0x08003e10   Section        0  bsp_oled.o(i.OLED_ShowBMP)
    i.OLED_ShowBmpMini                       0x08003e58   Section        0  bsp_oled.o(i.OLED_ShowBmpMini)
    i.OLED_ShowChar                          0x08003ec4   Section        0  bsp_oled.o(i.OLED_ShowChar)
    i.OLED_ShowChinese                       0x08003f38   Section        0  bsp_oled.o(i.OLED_ShowChinese)
    i.OLED_ShowNum                           0x08003fa4   Section        0  bsp_oled.o(i.OLED_ShowNum)
    i.OLED_ShowNum_Bright                    0x08003fe8   Section        0  bsp_oled.o(i.OLED_ShowNum_Bright)
    i.OLED_ShowString                        0x08004054   Section        0  bsp_oled.o(i.OLED_ShowString)
    i.OLED_WriteCommand                      0x0800407c   Section        0  bsp_oled.o(i.OLED_WriteCommand)
    i.OLED_WriteData                         0x08004178   Section        0  bsp_oled.o(i.OLED_WriteData)
    i.PendSV_Handler                         0x08004274   Section        0  stm32f10x_it.o(i.PendSV_Handler)
    i.PowerSupply_Extinguish                 0x08004276   Section        0  mian.o(i.PowerSupply_Extinguish)
    i.PowerSupply_Runing                     0x0800428c   Section        0  mian.o(i.PowerSupply_Runing)
    i.PowerSupply_ShutDown                   0x080042e0   Section        0  mian.o(i.PowerSupply_ShutDown)
    i.RCC_ADCCLKConfig                       0x080042f0   Section        0  stm32f10x_rcc.o(i.RCC_ADCCLKConfig)
    i.RCC_AHBPeriphClockCmd                  0x08004308   Section        0  stm32f10x_rcc.o(i.RCC_AHBPeriphClockCmd)
    i.RCC_APB1PeriphClockCmd                 0x08004328   Section        0  stm32f10x_rcc.o(i.RCC_APB1PeriphClockCmd)
    i.RCC_APB2PeriphClockCmd                 0x08004348   Section        0  stm32f10x_rcc.o(i.RCC_APB2PeriphClockCmd)
    i.RCC_ClearFlag                          0x08004368   Section        0  stm32f10x_rcc.o(i.RCC_ClearFlag)
    i.RCC_GetClocksFreq                      0x0800437c   Section        0  stm32f10x_rcc.o(i.RCC_GetClocksFreq)
    i.RCC_GetFlagStatus                      0x08004450   Section        0  stm32f10x_rcc.o(i.RCC_GetFlagStatus)
    i.Read_CurRestrict_FromRom               0x0800448c   Section        0  keyinputfsm.o(i.Read_CurRestrict_FromRom)
    i.Read_SettingField                      0x080044a8   Section        0  keyinputfsm.o(i.Read_SettingField)
    i.Read_VolRestrict_FromRom               0x080044bc   Section        0  keyinputfsm.o(i.Read_VolRestrict_FromRom)
    i.Restart_Output                         0x080044d4   Section        0  keyinputfsm.o(i.Restart_Output)
    i.SC8701_CE_Control                      0x08004548   Section        0  bsp_sc8701.o(i.SC8701_CE_Control)
    i.SC8701_CE_Read                         0x08004568   Section        0  bsp_sc8701.o(i.SC8701_CE_Read)
    i.SC8701_FB_Control                      0x08004580   Section        0  bsp_sc8701.o(i.SC8701_FB_Control)
    i.SC8701_FB_Read                         0x080045a4   Section        0  bsp_sc8701.o(i.SC8701_FB_Read)
    i.SC8701_GPIO_Config                     0x080045c0   Section        0  bsp_sc8701.o(i.SC8701_GPIO_Config)
    i.SC8701_Init                            0x08004624   Section        0  bsp_sc8701.o(i.SC8701_Init)
    i.SC8701_Set_Current                     0x08004634   Section        0  bsp_sc8701.o(i.SC8701_Set_Current)
    i.SC8701_Set_Voltage                     0x08004674   Section        0  bsp_sc8701.o(i.SC8701_Set_Voltage)
    i.SC8701_Set_Voltage_Slow                0x08004850   Section        0  bsp_sc8701.o(i.SC8701_Set_Voltage_Slow)
    i.SIQ02FVS3_EXTI_Config                  0x080049c8   Section        0  bsp_siq02fvs3.o(i.SIQ02FVS3_EXTI_Config)
    SIQ02FVS3_EXTI_Config                    0x080049c9   Thumb Code    48  bsp_siq02fvs3.o(i.SIQ02FVS3_EXTI_Config)
    i.SIQ02FVS3_Init                         0x080049f8   Section        0  bsp_siq02fvs3.o(i.SIQ02FVS3_Init)
    i.SIQ02FVS3_KEY_GPIO_Config              0x08004a08   Section        0  bsp_siq02fvs3.o(i.SIQ02FVS3_KEY_GPIO_Config)
    i.SIQ02FVS3_Key_Scan                     0x08004a6c   Section        0  bsp_siq02fvs3.o(i.SIQ02FVS3_Key_Scan)
    i.SIQ02FVS3_NVIC_Config                  0x08004a9c   Section        0  bsp_siq02fvs3.o(i.SIQ02FVS3_NVIC_Config)
    SIQ02FVS3_NVIC_Config                    0x08004a9d   Thumb Code    42  bsp_siq02fvs3.o(i.SIQ02FVS3_NVIC_Config)
    i.SVC_Handler                            0x08004ac6   Section        0  stm32f10x_it.o(i.SVC_Handler)
    i.Save_CurRestrict_ToRom                 0x08004ac8   Section        0  keyinputfsm.o(i.Save_CurRestrict_ToRom)
    i.Save_VolRestrict_ToRom                 0x08004ae0   Section        0  keyinputfsm.o(i.Save_VolRestrict_ToRom)
    i.Search_Reserve_VolAndCur               0x08004af4   Section        0  task.o(i.Search_Reserve_VolAndCur)
    i.SetMax_Current                         0x08004bbc   Section        0  keyinputfsm.o(i.SetMax_Current)
    i.SetSysClock                            0x08004c58   Section        0  system_stm32f10x.o(i.SetSysClock)
    SetSysClock                              0x08004c59   Thumb Code     8  system_stm32f10x.o(i.SetSysClock)
    i.SetSysClockTo72                        0x08004c60   Section        0  system_stm32f10x.o(i.SetSysClockTo72)
    SetSysClockTo72                          0x08004c61   Thumb Code   214  system_stm32f10x.o(i.SetSysClockTo72)
    i.Set_Power_UpperLimit                   0x08004d40   Section        0  keyinputfsm.o(i.Set_Power_UpperLimit)
    i.Set_SC8701_GearFlag                    0x08004d60   Section        0  bsp_sc8701.o(i.Set_SC8701_GearFlag)
    i.Set_State                              0x08004d6c   Section        0  task.o(i.Set_State)
    i.Set_Vol_UpperLimit                     0x08004d8c   Section        0  keyinputfsm.o(i.Set_Vol_UpperLimit)
    i.Short_Circuit_Detection                0x08004dd8   Section        0  task.o(i.Short_Circuit_Detection)
    i.Short_Circuit_Protection               0x08004e38   Section        0  task.o(i.Short_Circuit_Protection)
    i.ShowPredefined                         0x08004e4c   Section        0  keyinputfsm.o(i.ShowPredefined)
    i.ShowProgressBar                        0x08004f98   Section        0  bsp_sc8701.o(i.ShowProgressBar)
    i.ShowRestrict                           0x080050cc   Section        0  keyinputfsm.o(i.ShowRestrict)
    i.ShowRestrict_Cur                       0x08005168   Section        0  keyinputfsm.o(i.ShowRestrict_Cur)
    i.ShowRestrict_Vol                       0x080051e8   Section        0  keyinputfsm.o(i.ShowRestrict_Vol)
    i.Show_MaxPower                          0x08005298   Section        0  task.o(i.Show_MaxPower)
    i.Show_Short_Circuit                     0x080053e0   Section        0  task.o(i.Show_Short_Circuit)
    i.Show_State                             0x08005428   Section        0  task.o(i.Show_State)
    i.Show_UI                                0x0800550c   Section        0  task.o(i.Show_UI)
    i.Show_logo                              0x0800553c   Section        0  task.o(i.Show_logo)
    i.SysTick_Handler                        0x080055a0   Section        0  stm32f10x_it.o(i.SysTick_Handler)
    i.SystemInit                             0x080055a4   Section        0  system_stm32f10x.o(i.SystemInit)
    i.TIM4_IRQHandler                        0x08005604   Section        0  stm32f10x_it.o(i.TIM4_IRQHandler)
    i.TIM_BDTRConfig                         0x080056f4   Section        0  stm32f10x_tim.o(i.TIM_BDTRConfig)
    i.TIM_ClearFlag                          0x08005714   Section        0  stm32f10x_tim.o(i.TIM_ClearFlag)
    i.TIM_ClearITPendingBit                  0x0800571a   Section        0  stm32f10x_tim.o(i.TIM_ClearITPendingBit)
    i.TIM_Cmd                                0x08005720   Section        0  stm32f10x_tim.o(i.TIM_Cmd)
    i.TIM_CtrlPWMOutputs                     0x08005738   Section        0  stm32f10x_tim.o(i.TIM_CtrlPWMOutputs)
    i.TIM_GetCapture1                        0x08005756   Section        0  stm32f10x_tim.o(i.TIM_GetCapture1)
    i.TIM_GetITStatus                        0x0800575c   Section        0  stm32f10x_tim.o(i.TIM_GetITStatus)
    i.TIM_ITConfig                           0x0800577e   Section        0  stm32f10x_tim.o(i.TIM_ITConfig)
    i.TIM_OC1Init                            0x08005790   Section        0  stm32f10x_tim.o(i.TIM_OC1Init)
    i.TIM_OC1PreloadConfig                   0x08005828   Section        0  stm32f10x_tim.o(i.TIM_OC1PreloadConfig)
    i.TIM_OC4Init                            0x0800583c   Section        0  stm32f10x_tim.o(i.TIM_OC4Init)
    i.TIM_OC4PreloadConfig                   0x080058b8   Section        0  stm32f10x_tim.o(i.TIM_OC4PreloadConfig)
    i.TIM_SetCompare1                        0x080058d2   Section        0  stm32f10x_tim.o(i.TIM_SetCompare1)
    i.TIM_SetCompare4                        0x080058d6   Section        0  stm32f10x_tim.o(i.TIM_SetCompare4)
    i.TIM_TimeBaseInit                       0x080058dc   Section        0  stm32f10x_tim.o(i.TIM_TimeBaseInit)
    i.USART_Cmd                              0x08005980   Section        0  stm32f10x_usart.o(i.USART_Cmd)
    i.USART_Config                           0x08005998   Section        0  bsp_usart.o(i.USART_Config)
    i.USART_GetFlagStatus                    0x08005a28   Section        0  stm32f10x_usart.o(i.USART_GetFlagStatus)
    i.USART_ITConfig                         0x08005a42   Section        0  stm32f10x_usart.o(i.USART_ITConfig)
    i.USART_Init                             0x08005a8c   Section        0  stm32f10x_usart.o(i.USART_Init)
    i.USART_SendData                         0x08005b64   Section        0  stm32f10x_usart.o(i.USART_SendData)
    i.UpData_VolRestrictAndCurRestrict       0x08005b6c   Section        0  keyinputfsm.o(i.UpData_VolRestrictAndCurRestrict)
    i.UsageFault_Handler                     0x08005b80   Section        0  stm32f10x_it.o(i.UsageFault_Handler)
    i.Voltage_Filter                         0x08005b84   Section        0  task.o(i.Voltage_Filter)
    i.Write_SettingField                     0x08005c10   Section        0  keyinputfsm.o(i.Write_SettingField)
    i.__0printf$1                            0x08005c24   Section        0  printf1.o(i.__0printf$1)
    i.__scatterload_copy                     0x08005c44   Section       14  handlers.o(i.__scatterload_copy)
    i.__scatterload_null                     0x08005c52   Section        2  handlers.o(i.__scatterload_null)
    i.__scatterload_zeroinit                 0x08005c54   Section       14  handlers.o(i.__scatterload_zeroinit)
    i._printf_core                           0x08005c64   Section        0  printf1.o(i._printf_core)
    _printf_core                             0x08005c65   Thumb Code   336  printf1.o(i._printf_core)
    i.bubble_sort                            0x08005db8   Section        0  task.o(i.bubble_sort)
    i.bubble_sort_integer                    0x08005e1e   Section        0  task.o(i.bubble_sort_integer)
    i.fputc                                  0x08005e78   Section        0  bsp_usart.o(i.fputc)
    i.main                                   0x08005e9c   Section        0  mian.o(i.main)
    .constdata                               0x08005f50   Section     4080  bsp_oled.o(.constdata)
    .constdata                               0x08006f40   Section        6  bsp_key.o(.constdata)
    .constdata                               0x08006f46   Section        8  keyinputfsm.o(.constdata)
    VersionNumber                            0x08006f46   Data           8  keyinputfsm.o(.constdata)
    .data                                    0x20000000   Section       20  stm32f10x_rcc.o(.data)
    APBAHBPrescTable                         0x20000000   Data          16  stm32f10x_rcc.o(.data)
    ADCPrescTable                            0x20000010   Data           4  stm32f10x_rcc.o(.data)
    .data                                    0x20000014   Section        1  stm32f10x_it.o(.data)
    .data                                    0x20000018   Section        4  bsp_oled.o(.data)
    .data                                    0x2000001c   Section       12  bsp_adc.o(.data)
    .data                                    0x20000028   Section       48  task.o(.data)
    flag                                     0x20000039   Data           1  task.o(.data)
    LastVol                                  0x2000003c   Data           4  task.o(.data)
    Overrun_Flag                             0x20000040   Data           1  task.o(.data)
    LastPowerVal                             0x20000044   Data           4  task.o(.data)
    i                                        0x20000048   Data           1  task.o(.data)
    sum                                      0x2000004c   Data           4  task.o(.data)
    i                                        0x20000050   Data           1  task.o(.data)
    sum                                      0x20000054   Data           4  task.o(.data)
    .data                                    0x20000058   Section        6  bsp_sc8701.o(.data)
    ShowFlag                                 0x2000005d   Data           1  bsp_sc8701.o(.data)
    .data                                    0x2000005e   Section        1  bsp_key.o(.data)
    .data                                    0x20000060   Section      280  keyinputfsm.o(.data)
    EventID                                  0x20000060   Data           1  keyinputfsm.o(.data)
    StatusID                                 0x20000061   Data           1  keyinputfsm.o(.data)
    VolRestrict                              0x20000062   Data           2  keyinputfsm.o(.data)
    CurRestrict                              0x20000064   Data           2  keyinputfsm.o(.data)
    VolCurSetingFlag                         0x20000066   Data           1  keyinputfsm.o(.data)
    VolCursor                                0x20000067   Data           1  keyinputfsm.o(.data)
    CurCursor                                0x20000068   Data           1  keyinputfsm.o(.data)
    PredefinedCount                          0x20000069   Data           1  keyinputfsm.o(.data)
    TimeCountFlag                            0x2000006a   Data           1  keyinputfsm.o(.data)
    EnumFlag                                 0x2000006b   Data           1  keyinputfsm.o(.data)
    ExtraVol                                 0x2000006c   Data           2  keyinputfsm.o(.data)
    ExtraPower                               0x20000070   Data           4  keyinputfsm.o(.data)
    PDPowerSupplyState                       0x20000074   Data           1  keyinputfsm.o(.data)
    KeyArray                                 0x200000a4   Data          98  keyinputfsm.o(.data)
    NodeFnArr                                0x20000108   Data         112  keyinputfsm.o(.data)
    .data                                    0x20000178   Section        8  bsp_i2c_ee.o(.data)
    I2CTimeout                               0x2000017c   Data           4  bsp_i2c_ee.o(.data)
    .data                                    0x20000180   Section        4  stdout.o(.data)
    .bss                                     0x20000184   Section       80  task.o(.bss)
    FilArr                                   0x20000184   Data          40  task.o(.bss)
    FilArr                                   0x200001ac   Data          40  task.o(.bss)
    STACK                                    0x200001d8   Section     1024  startup_stm32f10x_md.o(STACK)

    Global Symbols

    Symbol Name                              Value     Ov Type        Size  Object(Section)

    BuildAttributes$$THM_ISAv4$P$D$K$B$S$PE$A:L22UL41UL21$X:L11$S22US41US21$IEEE1$IW$USESV6$~STKCKD$USESV7$~SHL$OTIME$ROPI$EBA8$MICROLIB$REQ8$PRES8$EABIv2 0x00000000   Number         0  anon$$obj.o ABSOLUTE
    __ARM_use_no_argv                        0x00000000   Number         0  mian.o ABSOLUTE
    _printf_a                                0x00000000   Number         0  stubs.o ABSOLUTE
    _printf_c                                0x00000000   Number         0  stubs.o ABSOLUTE
    _printf_charcount                        0x00000000   Number         0  stubs.o ABSOLUTE
    _printf_d                                0x00000000   Number         0  stubs.o ABSOLUTE
    _printf_e                                0x00000000   Number         0  stubs.o ABSOLUTE
    _printf_f                                0x00000000   Number         0  stubs.o ABSOLUTE
    _printf_flags                            0x00000000   Number         0  stubs.o ABSOLUTE
    _printf_fp_dec                           0x00000000   Number         0  stubs.o ABSOLUTE
    _printf_fp_hex                           0x00000000   Number         0  stubs.o ABSOLUTE
    _printf_g                                0x00000000   Number         0  stubs.o ABSOLUTE
    _printf_i                                0x00000000   Number         0  stubs.o ABSOLUTE
    _printf_int_dec                          0x00000000   Number         0  stubs.o ABSOLUTE
    _printf_l                                0x00000000   Number         0  stubs.o ABSOLUTE
    _printf_lc                               0x00000000   Number         0  stubs.o ABSOLUTE
    _printf_ll                               0x00000000   Number         0  stubs.o ABSOLUTE
    _printf_lld                              0x00000000   Number         0  stubs.o ABSOLUTE
    _printf_lli                              0x00000000   Number         0  stubs.o ABSOLUTE
    _printf_llo                              0x00000000   Number         0  stubs.o ABSOLUTE
    _printf_llu                              0x00000000   Number         0  stubs.o ABSOLUTE
    _printf_llx                              0x00000000   Number         0  stubs.o ABSOLUTE
    _printf_longlong_dec                     0x00000000   Number         0  stubs.o ABSOLUTE
    _printf_longlong_hex                     0x00000000   Number         0  stubs.o ABSOLUTE
    _printf_longlong_oct                     0x00000000   Number         0  stubs.o ABSOLUTE
    _printf_ls                               0x00000000   Number         0  stubs.o ABSOLUTE
    _printf_mbtowc                           0x00000000   Number         0  stubs.o ABSOLUTE
    _printf_n                                0x00000000   Number         0  stubs.o ABSOLUTE
    _printf_o                                0x00000000   Number         0  stubs.o ABSOLUTE
    _printf_p                                0x00000000   Number         0  stubs.o ABSOLUTE
    _printf_percent                          0x00000000   Number         0  stubs.o ABSOLUTE
    _printf_pre_padding                      0x00000000   Number         0  stubs.o ABSOLUTE
    _printf_return_value                     0x00000000   Number         0  stubs.o ABSOLUTE
    _printf_s                                0x00000000   Number         0  stubs.o ABSOLUTE
    _printf_sizespec                         0x00000000   Number         0  stubs.o ABSOLUTE
    _printf_str                              0x00000000   Number         0  stubs.o ABSOLUTE
    _printf_truncate_signed                  0x00000000   Number         0  stubs.o ABSOLUTE
    _printf_truncate_unsigned                0x00000000   Number         0  stubs.o ABSOLUTE
    _printf_u                                0x00000000   Number         0  stubs.o ABSOLUTE
    _printf_wc                               0x00000000   Number         0  stubs.o ABSOLUTE
    _printf_wctomb                           0x00000000   Number         0  stubs.o ABSOLUTE
    _printf_widthprec                        0x00000000   Number         0  stubs.o ABSOLUTE
    _printf_x                                0x00000000   Number         0  stubs.o ABSOLUTE
    __cpp_initialize__aeabi_                  - Undefined Weak Reference
    __cxa_finalize                            - Undefined Weak Reference
    _clock_init                               - Undefined Weak Reference
    _microlib_exit                            - Undefined Weak Reference
    __Vectors_Size                           0x000000ec   Number         0  startup_stm32f10x_md.o ABSOLUTE
    __Vectors                                0x08000000   Data           4  startup_stm32f10x_md.o(RESET)
    __Vectors_End                            0x080000ec   Data           0  startup_stm32f10x_md.o(RESET)
    __main                                   0x080000ed   Thumb Code     0  entry.o(.ARM.Collect$$$$00000000)
    _main_stk                                0x080000ed   Thumb Code     0  entry2.o(.ARM.Collect$$$$00000001)
    _main_scatterload                        0x080000f1   Thumb Code     0  entry5.o(.ARM.Collect$$$$00000004)
    __main_after_scatterload                 0x080000f5   Thumb Code     0  entry5.o(.ARM.Collect$$$$00000004)
    _main_clock                              0x080000f5   Thumb Code     0  entry7b.o(.ARM.Collect$$$$00000008)
    _main_cpp_init                           0x080000f5   Thumb Code     0  entry8b.o(.ARM.Collect$$$$0000000A)
    _main_init                               0x080000f5   Thumb Code     0  entry9a.o(.ARM.Collect$$$$0000000B)
    __rt_final_cpp                           0x080000fd   Thumb Code     0  entry10a.o(.ARM.Collect$$$$0000000D)
    __rt_final_exit                          0x080000fd   Thumb Code     0  entry11a.o(.ARM.Collect$$$$0000000F)
    Reset_Handler                            0x08000101   Thumb Code     8  startup_stm32f10x_md.o(.text)
    ADC1_2_IRQHandler                        0x0800011b   Thumb Code     0  startup_stm32f10x_md.o(.text)
    CAN1_RX1_IRQHandler                      0x0800011b   Thumb Code     0  startup_stm32f10x_md.o(.text)
    CAN1_SCE_IRQHandler                      0x0800011b   Thumb Code     0  startup_stm32f10x_md.o(.text)
    DMA1_Channel1_IRQHandler                 0x0800011b   Thumb Code     0  startup_stm32f10x_md.o(.text)
    DMA1_Channel2_IRQHandler                 0x0800011b   Thumb Code     0  startup_stm32f10x_md.o(.text)
    DMA1_Channel3_IRQHandler                 0x0800011b   Thumb Code     0  startup_stm32f10x_md.o(.text)
    DMA1_Channel4_IRQHandler                 0x0800011b   Thumb Code     0  startup_stm32f10x_md.o(.text)
    DMA1_Channel5_IRQHandler                 0x0800011b   Thumb Code     0  startup_stm32f10x_md.o(.text)
    DMA1_Channel6_IRQHandler                 0x0800011b   Thumb Code     0  startup_stm32f10x_md.o(.text)
    DMA1_Channel7_IRQHandler                 0x0800011b   Thumb Code     0  startup_stm32f10x_md.o(.text)
    EXTI0_IRQHandler                         0x0800011b   Thumb Code     0  startup_stm32f10x_md.o(.text)
    EXTI15_10_IRQHandler                     0x0800011b   Thumb Code     0  startup_stm32f10x_md.o(.text)
    EXTI1_IRQHandler                         0x0800011b   Thumb Code     0  startup_stm32f10x_md.o(.text)
    EXTI2_IRQHandler                         0x0800011b   Thumb Code     0  startup_stm32f10x_md.o(.text)
    EXTI3_IRQHandler                         0x0800011b   Thumb Code     0  startup_stm32f10x_md.o(.text)
    EXTI9_5_IRQHandler                       0x0800011b   Thumb Code     0  startup_stm32f10x_md.o(.text)
    FLASH_IRQHandler                         0x0800011b   Thumb Code     0  startup_stm32f10x_md.o(.text)
    I2C1_ER_IRQHandler                       0x0800011b   Thumb Code     0  startup_stm32f10x_md.o(.text)
    I2C1_EV_IRQHandler                       0x0800011b   Thumb Code     0  startup_stm32f10x_md.o(.text)
    I2C2_ER_IRQHandler                       0x0800011b   Thumb Code     0  startup_stm32f10x_md.o(.text)
    I2C2_EV_IRQHandler                       0x0800011b   Thumb Code     0  startup_stm32f10x_md.o(.text)
    PVD_IRQHandler                           0x0800011b   Thumb Code     0  startup_stm32f10x_md.o(.text)
    RCC_IRQHandler                           0x0800011b   Thumb Code     0  startup_stm32f10x_md.o(.text)
    RTCAlarm_IRQHandler                      0x0800011b   Thumb Code     0  startup_stm32f10x_md.o(.text)
    RTC_IRQHandler                           0x0800011b   Thumb Code     0  startup_stm32f10x_md.o(.text)
    SPI1_IRQHandler                          0x0800011b   Thumb Code     0  startup_stm32f10x_md.o(.text)
    SPI2_IRQHandler                          0x0800011b   Thumb Code     0  startup_stm32f10x_md.o(.text)
    TAMPER_IRQHandler                        0x0800011b   Thumb Code     0  startup_stm32f10x_md.o(.text)
    TIM1_BRK_IRQHandler                      0x0800011b   Thumb Code     0  startup_stm32f10x_md.o(.text)
    TIM1_CC_IRQHandler                       0x0800011b   Thumb Code     0  startup_stm32f10x_md.o(.text)
    TIM1_TRG_COM_IRQHandler                  0x0800011b   Thumb Code     0  startup_stm32f10x_md.o(.text)
    TIM1_UP_IRQHandler                       0x0800011b   Thumb Code     0  startup_stm32f10x_md.o(.text)
    TIM2_IRQHandler                          0x0800011b   Thumb Code     0  startup_stm32f10x_md.o(.text)
    TIM3_IRQHandler                          0x0800011b   Thumb Code     0  startup_stm32f10x_md.o(.text)
    USART1_IRQHandler                        0x0800011b   Thumb Code     0  startup_stm32f10x_md.o(.text)
    USART2_IRQHandler                        0x0800011b   Thumb Code     0  startup_stm32f10x_md.o(.text)
    USART3_IRQHandler                        0x0800011b   Thumb Code     0  startup_stm32f10x_md.o(.text)
    USBWakeUp_IRQHandler                     0x0800011b   Thumb Code     0  startup_stm32f10x_md.o(.text)
    USB_HP_CAN1_TX_IRQHandler                0x0800011b   Thumb Code     0  startup_stm32f10x_md.o(.text)
    USB_LP_CAN1_RX0_IRQHandler               0x0800011b   Thumb Code     0  startup_stm32f10x_md.o(.text)
    WWDG_IRQHandler                          0x0800011b   Thumb Code     0  startup_stm32f10x_md.o(.text)
    __aeabi_fadd                             0x08000125   Thumb Code   164  fadd.o(.text)
    __aeabi_fsub                             0x080001c9   Thumb Code     6  fadd.o(.text)
    __aeabi_frsub                            0x080001cf   Thumb Code     6  fadd.o(.text)
    __aeabi_fmul                             0x080001d5   Thumb Code   100  fmul.o(.text)
    __aeabi_fdiv                             0x08000239   Thumb Code   124  fdiv.o(.text)
    __aeabi_dadd                             0x080002b5   Thumb Code   322  dadd.o(.text)
    __aeabi_dsub                             0x080003f7   Thumb Code     6  dadd.o(.text)
    __aeabi_drsub                            0x080003fd   Thumb Code     6  dadd.o(.text)
    __aeabi_dmul                             0x08000403   Thumb Code   228  dmul.o(.text)
    __aeabi_ddiv                             0x080004e7   Thumb Code   222  ddiv.o(.text)
    __aeabi_i2f                              0x080005c5   Thumb Code    18  fflti.o(.text)
    __aeabi_ui2f                             0x080005d7   Thumb Code    10  ffltui.o(.text)
    __aeabi_ui2d                             0x080005e1   Thumb Code    26  dfltui.o(.text)
    __aeabi_f2uiz                            0x080005fb   Thumb Code    40  ffixui.o(.text)
    __aeabi_d2uiz                            0x08000623   Thumb Code    50  dfixui.o(.text)
    __aeabi_f2d                              0x08000655   Thumb Code    38  f2d.o(.text)
    __aeabi_cdcmpeq                          0x0800067d   Thumb Code     0  cdcmple.o(.text)
    __aeabi_cdcmple                          0x0800067d   Thumb Code    48  cdcmple.o(.text)
    __aeabi_d2f                              0x080006ad   Thumb Code    56  d2f.o(.text)
    __aeabi_cfcmpeq                          0x080006e5   Thumb Code     0  cfcmple.o(.text)
    __aeabi_cfcmple                          0x080006e5   Thumb Code    20  cfcmple.o(.text)
    __aeabi_cfrcmple                         0x080006f9   Thumb Code    20  cfrcmple.o(.text)
    __aeabi_uidiv                            0x0800070d   Thumb Code     0  uidiv.o(.text)
    __aeabi_uidivmod                         0x0800070d   Thumb Code    44  uidiv.o(.text)
    __aeabi_llsl                             0x08000739   Thumb Code    30  llshl.o(.text)
    _ll_shift_l                              0x08000739   Thumb Code     0  llshl.o(.text)
    __aeabi_llsr                             0x08000757   Thumb Code    32  llushr.o(.text)
    _ll_ushift_r                             0x08000757   Thumb Code     0  llushr.o(.text)
    __aeabi_lasr                             0x08000777   Thumb Code    36  llsshr.o(.text)
    _ll_sshift_r                             0x08000777   Thumb Code     0  llsshr.o(.text)
    __I$use$fp                               0x0800079b   Thumb Code     0  iusefp.o(.text)
    _float_round                             0x0800079b   Thumb Code    18  fepilogue.o(.text)
    _float_epilogue                          0x080007ad   Thumb Code    92  fepilogue.o(.text)
    _double_round                            0x08000809   Thumb Code    30  depilogue.o(.text)
    _double_epilogue                         0x08000827   Thumb Code   156  depilogue.o(.text)
    __scatterload                            0x080008c5   Thumb Code    28  init.o(.text)
    __scatterload_rt2                        0x080008c5   Thumb Code     0  init.o(.text)
    __decompress                             0x080008e9   Thumb Code     0  __dczerorl2.o(.text)
    __decompress1                            0x080008e9   Thumb Code    86  __dczerorl2.o(.text)
    ADC1_Get_Channel_7_Voltaged              0x08000941   Thumb Code    48  bsp_adc.o(i.ADC1_Get_Channel_7_Voltaged)
    ADC1_Get_Channel_8_Val                   0x0800097d   Thumb Code     6  bsp_adc.o(i.ADC1_Get_Channel_8_Val)
    ADC1_Get_Channel_9_Val                   0x08000989   Thumb Code     6  bsp_adc.o(i.ADC1_Get_Channel_9_Val)
    ADC_Cmd                                  0x08000995   Thumb Code    22  stm32f10x_adc.o(i.ADC_Cmd)
    ADC_DMACmd                               0x080009ab   Thumb Code    22  stm32f10x_adc.o(i.ADC_DMACmd)
    ADC_GetCalibrationStatus                 0x080009c1   Thumb Code    20  stm32f10x_adc.o(i.ADC_GetCalibrationStatus)
    ADC_Init                                 0x080009d5   Thumb Code    70  stm32f10x_adc.o(i.ADC_Init)
    ADC_RegularChannelConfig                 0x08000a25   Thumb Code   184  stm32f10x_adc.o(i.ADC_RegularChannelConfig)
    ADC_SoftwareStartConvCmd                 0x08000add   Thumb Code    22  stm32f10x_adc.o(i.ADC_SoftwareStartConvCmd)
    ADC_StartCalibration                     0x08000af3   Thumb Code    10  stm32f10x_adc.o(i.ADC_StartCalibration)
    ADC_x_Init                               0x08000afd   Thumb Code    16  bsp_adc.o(i.ADC_x_Init)
    ADCx_DMA_Config                          0x08000b0d   Thumb Code    82  bsp_adc.o(i.ADCx_DMA_Config)
    BusFault_Handler                         0x08000d49   Thumb Code     4  stm32f10x_it.o(i.BusFault_Handler)
    Check_Power                              0x08000d4d   Thumb Code   364  keyinputfsm.o(i.Check_Power)
    Check_Setting                            0x08000ed9   Thumb Code   174  task.o(i.Check_Setting)
    Check_TimeOut                            0x08000f95   Thumb Code    90  keyinputfsm.o(i.Check_TimeOut)
    Current_Filter                           0x0800100d   Thumb Code   128  task.o(i.Current_Filter)
    DMA_Cmd                                  0x08001099   Thumb Code    24  stm32f10x_dma.o(i.DMA_Cmd)
    DMA_DeInit                               0x080010b1   Thumb Code   324  stm32f10x_dma.o(i.DMA_DeInit)
    DMA_Init                                 0x080011fd   Thumb Code    60  stm32f10x_dma.o(i.DMA_Init)
    DebugMon_Handler                         0x08001239   Thumb Code     2  stm32f10x_it.o(i.DebugMon_Handler)
    Delay_ms                                 0x0800123b   Thumb Code    32  delay.o(i.Delay_ms)
    Delay_us                                 0x0800125b   Thumb Code    30  delay.o(i.Delay_us)
    Detection_Current                        0x08001279   Thumb Code   146  task.o(i.Detection_Current)
    Detection_InPut_Voltage                  0x08001319   Thumb Code   562  task.o(i.Detection_InPut_Voltage)
    Detection_Power                          0x080015a1   Thumb Code   302  task.o(i.Detection_Power)
    Detection_Voltage                        0x080016e9   Thumb Code   238  task.o(i.Detection_Voltage)
    EE_Ergodic_Save                          0x080017ed   Thumb Code   212  task.o(i.EE_Ergodic_Save)
    EXTI4_IRQHandler                         0x080018c5   Thumb Code    42  stm32f10x_it.o(i.EXTI4_IRQHandler)
    EXTI_ClearITPendingBit                   0x080018f5   Thumb Code     6  stm32f10x_exti.o(i.EXTI_ClearITPendingBit)
    EXTI_GetITStatus                         0x08001901   Thumb Code    34  stm32f10x_exti.o(i.EXTI_GetITStatus)
    EXTI_Init                                0x08001929   Thumb Code   142  stm32f10x_exti.o(i.EXTI_Init)
    GENERAL_TIM_Init                         0x080019bd   Thumb Code    12  bsp_generaltim.o(i.GENERAL_TIM_Init)
    GPIO_EXTILineConfig                      0x08001a45   Thumb Code    60  stm32f10x_gpio.o(i.GPIO_EXTILineConfig)
    GPIO_Init                                0x08001a85   Thumb Code   278  stm32f10x_gpio.o(i.GPIO_Init)
    GPIO_ReadInputDataBit                    0x08001b9b   Thumb Code    18  stm32f10x_gpio.o(i.GPIO_ReadInputDataBit)
    GPIO_ReadOutputDataBit                   0x08001bad   Thumb Code    18  stm32f10x_gpio.o(i.GPIO_ReadOutputDataBit)
    GPIO_ResetBits                           0x08001bbf   Thumb Code     4  stm32f10x_gpio.o(i.GPIO_ResetBits)
    GPIO_SetBits                             0x08001bc3   Thumb Code     4  stm32f10x_gpio.o(i.GPIO_SetBits)
    Get_PDPowerSupplyState                   0x08001bc9   Thumb Code     6  keyinputfsm.o(i.Get_PDPowerSupplyState)
    Get_SC8701_GearFlag                      0x08001bd5   Thumb Code     6  bsp_sc8701.o(i.Get_SC8701_GearFlag)
    Get_VolRestrict                          0x08001be1   Thumb Code     6  keyinputfsm.o(i.Get_VolRestrict)
    HardFault_Handler                        0x08001bed   Thumb Code     4  stm32f10x_it.o(i.HardFault_Handler)
    I2C_AcknowledgeConfig                    0x08001bf1   Thumb Code    24  stm32f10x_i2c.o(i.I2C_AcknowledgeConfig)
    I2C_CheckEvent                           0x08001c09   Thumb Code    42  stm32f10x_i2c.o(i.I2C_CheckEvent)
    I2C_ClearFlag                            0x08001c33   Thumb Code    12  stm32f10x_i2c.o(i.I2C_ClearFlag)
    I2C_Cmd                                  0x08001c3f   Thumb Code    24  stm32f10x_i2c.o(i.I2C_Cmd)
    I2C_EE_BufferRead                        0x08001c59   Thumb Code   424  bsp_i2c_ee.o(i.I2C_EE_BufferRead)
    I2C_EE_BufferWrite                       0x08001e15   Thumb Code   298  bsp_i2c_ee.o(i.I2C_EE_BufferWrite)
    I2C_EE_Init                              0x08001f41   Thumb Code     8  bsp_i2c_ee.o(i.I2C_EE_Init)
    I2C_EE_PageWrite                         0x08001f4d   Thumb Code   292  bsp_i2c_ee.o(i.I2C_EE_PageWrite)
    I2C_EE_WaitEepromStandbyState            0x08002085   Thumb Code    78  bsp_i2c_ee.o(i.I2C_EE_WaitEepromStandbyState)
    I2C_GenerateSTART                        0x080020e1   Thumb Code    24  stm32f10x_i2c.o(i.I2C_GenerateSTART)
    I2C_GenerateSTOP                         0x080020f9   Thumb Code    24  stm32f10x_i2c.o(i.I2C_GenerateSTOP)
    I2C_GetFlagStatus                        0x08002111   Thumb Code    58  stm32f10x_i2c.o(i.I2C_GetFlagStatus)
    I2C_Init                                 0x0800214d   Thumb Code   222  stm32f10x_i2c.o(i.I2C_Init)
    I2C_ReadRegister                         0x08002239   Thumb Code    22  stm32f10x_i2c.o(i.I2C_ReadRegister)
    I2C_ReceiveData                          0x0800224f   Thumb Code     8  stm32f10x_i2c.o(i.I2C_ReceiveData)
    I2C_Send7bitAddress                      0x08002257   Thumb Code    18  stm32f10x_i2c.o(i.I2C_Send7bitAddress)
    I2C_SendData                             0x08002269   Thumb Code     4  stm32f10x_i2c.o(i.I2C_SendData)
    IWDG_CleanFlag                           0x080022dd   Thumb Code    16  bsp_iwdg.o(i.IWDG_CleanFlag)
    IWDG_Config                              0x080022ed   Thumb Code    36  bsp_iwdg.o(i.IWDG_Config)
    IWDG_Enable                              0x08002311   Thumb Code    10  stm32f10x_iwdg.o(i.IWDG_Enable)
    IWDG_Feed                                0x08002321   Thumb Code     8  bsp_iwdg.o(i.IWDG_Feed)
    IWDG_GetFlag                             0x08002329   Thumb Code    18  bsp_iwdg.o(i.IWDG_GetFlag)
    IWDG_Init                                0x0800233b   Thumb Code    14  bsp_iwdg.o(i.IWDG_Init)
    IWDG_ReloadCounter                       0x08002349   Thumb Code    10  stm32f10x_iwdg.o(i.IWDG_ReloadCounter)
    IWDG_SetPrescaler                        0x08002359   Thumb Code     6  stm32f10x_iwdg.o(i.IWDG_SetPrescaler)
    IWDG_SetReload                           0x08002365   Thumb Code     6  stm32f10x_iwdg.o(i.IWDG_SetReload)
    IWDG_WriteAccessCmd                      0x08002371   Thumb Code     6  stm32f10x_iwdg.o(i.IWDG_WriteAccessCmd)
    InPut_Voltage_Filter                     0x0800237d   Thumb Code    84  task.o(i.InPut_Voltage_Filter)
    KEY_GPIO_Config                          0x080023d5   Thumb Code    34  bsp_key.o(i.KEY_GPIO_Config)
    KeyInputFSM_Run                          0x080023fd   Thumb Code    48  keyinputfsm.o(i.KeyInputFSM_Run)
    KeyInputFSM_SetEvent                     0x0800243d   Thumb Code    10  keyinputfsm.o(i.KeyInputFSM_SetEvent)
    KeyInputFSM_SetStatus                    0x0800244d   Thumb Code    10  keyinputfsm.o(i.KeyInputFSM_SetStatus)
    KeyInput_Detection                       0x0800245d   Thumb Code   136  task.o(i.KeyInput_Detection)
    Key_Scan                                 0x080024e9   Thumb Code   184  bsp_key.o(i.Key_Scan)
    MemManage_Handler                        0x080025ad   Thumb Code     4  stm32f10x_it.o(i.MemManage_Handler)
    NMI_Handler                              0x08002b25   Thumb Code     2  stm32f10x_it.o(i.NMI_Handler)
    NVIC_Init                                0x08002b29   Thumb Code   100  misc.o(i.NVIC_Init)
    NVIC_PriorityGroupConfig                 0x08002b99   Thumb Code    10  misc.o(i.NVIC_PriorityGroupConfig)
    Node_EnterShutDowm_Mode                  0x08003021   Thumb Code    64  keyinputfsm.o(i.Node_EnterShutDowm_Mode)
    Node_QuitExtinguish_Mode                 0x08003575   Thumb Code    56  keyinputfsm.o(i.Node_QuitExtinguish_Mode)
    Node_QuitShutDowm_Mode                   0x080037b9   Thumb Code    78  keyinputfsm.o(i.Node_QuitShutDowm_Mode)
    OLED_Clear                               0x08003be3   Thumb Code    42  bsp_oled.o(i.OLED_Clear)
    OLED_Clock_Control                       0x08003c0d   Thumb Code    28  bsp_oled.o(i.OLED_Clock_Control)
    OLED_I2C_Init                            0x08003c29   Thumb Code   122  bsp_oled.o(i.OLED_I2C_Init)
    OLED_Init                                0x08003cb1   Thumb Code   296  bsp_oled.o(i.OLED_Init)
    OLED_Pow                                 0x08003dd9   Thumb Code    20  bsp_oled.o(i.OLED_Pow)
    OLED_SetCursor                           0x08003ded   Thumb Code    34  bsp_oled.o(i.OLED_SetCursor)
    OLED_ShowBMP                             0x08003e11   Thumb Code    68  bsp_oled.o(i.OLED_ShowBMP)
    OLED_ShowBmpMini                         0x08003e59   Thumb Code   102  bsp_oled.o(i.OLED_ShowBmpMini)
    OLED_ShowChar                            0x08003ec5   Thumb Code   110  bsp_oled.o(i.OLED_ShowChar)
    OLED_ShowChinese                         0x08003f39   Thumb Code   102  bsp_oled.o(i.OLED_ShowChinese)
    OLED_ShowNum                             0x08003fa5   Thumb Code    68  bsp_oled.o(i.OLED_ShowNum)
    OLED_ShowNum_Bright                      0x08003fe9   Thumb Code   102  bsp_oled.o(i.OLED_ShowNum_Bright)
    OLED_ShowString                          0x08004055   Thumb Code    40  bsp_oled.o(i.OLED_ShowString)
    OLED_WriteCommand                        0x0800407d   Thumb Code   236  bsp_oled.o(i.OLED_WriteCommand)
    OLED_WriteData                           0x08004179   Thumb Code   236  bsp_oled.o(i.OLED_WriteData)
    PendSV_Handler                           0x08004275   Thumb Code     2  stm32f10x_it.o(i.PendSV_Handler)
    PowerSupply_Extinguish                   0x08004277   Thumb Code    20  mian.o(i.PowerSupply_Extinguish)
    PowerSupply_Runing                       0x0800428d   Thumb Code    76  mian.o(i.PowerSupply_Runing)
    PowerSupply_ShutDown                     0x080042e1   Thumb Code    16  mian.o(i.PowerSupply_ShutDown)
    RCC_ADCCLKConfig                         0x080042f1   Thumb Code    18  stm32f10x_rcc.o(i.RCC_ADCCLKConfig)
    RCC_AHBPeriphClockCmd                    0x08004309   Thumb Code    26  stm32f10x_rcc.o(i.RCC_AHBPeriphClockCmd)
    RCC_APB1PeriphClockCmd                   0x08004329   Thumb Code    26  stm32f10x_rcc.o(i.RCC_APB1PeriphClockCmd)
    RCC_APB2PeriphClockCmd                   0x08004349   Thumb Code    26  stm32f10x_rcc.o(i.RCC_APB2PeriphClockCmd)
    RCC_ClearFlag                            0x08004369   Thumb Code    14  stm32f10x_rcc.o(i.RCC_ClearFlag)
    RCC_GetClocksFreq                        0x0800437d   Thumb Code   192  stm32f10x_rcc.o(i.RCC_GetClocksFreq)
    RCC_GetFlagStatus                        0x08004451   Thumb Code    56  stm32f10x_rcc.o(i.RCC_GetFlagStatus)
    Read_CurRestrict_FromRom                 0x0800448d   Thumb Code    24  keyinputfsm.o(i.Read_CurRestrict_FromRom)
    Read_SettingField                        0x080044a9   Thumb Code    18  keyinputfsm.o(i.Read_SettingField)
    Read_VolRestrict_FromRom                 0x080044bd   Thumb Code    20  keyinputfsm.o(i.Read_VolRestrict_FromRom)
    Restart_Output                           0x080044d5   Thumb Code   100  keyinputfsm.o(i.Restart_Output)
    SC8701_CE_Control                        0x08004549   Thumb Code    26  bsp_sc8701.o(i.SC8701_CE_Control)
    SC8701_CE_Read                           0x08004569   Thumb Code    20  bsp_sc8701.o(i.SC8701_CE_Read)
    SC8701_FB_Control                        0x08004581   Thumb Code    30  bsp_sc8701.o(i.SC8701_FB_Control)
    SC8701_FB_Read                           0x080045a5   Thumb Code    22  bsp_sc8701.o(i.SC8701_FB_Read)
    SC8701_GPIO_Config                       0x080045c1   Thumb Code    92  bsp_sc8701.o(i.SC8701_GPIO_Config)
    SC8701_Init                              0x08004625   Thumb Code    16  bsp_sc8701.o(i.SC8701_Init)
    SC8701_Set_Current                       0x08004635   Thumb Code    50  bsp_sc8701.o(i.SC8701_Set_Current)
    SC8701_Set_Voltage                       0x08004675   Thumb Code   438  bsp_sc8701.o(i.SC8701_Set_Voltage)
    SC8701_Set_Voltage_Slow                  0x08004851   Thumb Code   338  bsp_sc8701.o(i.SC8701_Set_Voltage_Slow)
    SIQ02FVS3_Init                           0x080049f9   Thumb Code    16  bsp_siq02fvs3.o(i.SIQ02FVS3_Init)
    SIQ02FVS3_KEY_GPIO_Config                0x08004a09   Thumb Code    90  bsp_siq02fvs3.o(i.SIQ02FVS3_KEY_GPIO_Config)
    SIQ02FVS3_Key_Scan                       0x08004a6d   Thumb Code    44  bsp_siq02fvs3.o(i.SIQ02FVS3_Key_Scan)
    SVC_Handler                              0x08004ac7   Thumb Code     2  stm32f10x_it.o(i.SVC_Handler)
    Save_CurRestrict_ToRom                   0x08004ac9   Thumb Code    20  keyinputfsm.o(i.Save_CurRestrict_ToRom)
    Save_VolRestrict_ToRom                   0x08004ae1   Thumb Code    16  keyinputfsm.o(i.Save_VolRestrict_ToRom)
    Search_Reserve_VolAndCur                 0x08004af5   Thumb Code   194  task.o(i.Search_Reserve_VolAndCur)
    SetMax_Current                           0x08004bbd   Thumb Code   134  keyinputfsm.o(i.SetMax_Current)
    Set_Power_UpperLimit                     0x08004d41   Thumb Code    22  keyinputfsm.o(i.Set_Power_UpperLimit)
    Set_SC8701_GearFlag                      0x08004d61   Thumb Code     6  bsp_sc8701.o(i.Set_SC8701_GearFlag)
    Set_State                                0x08004d6d   Thumb Code    24  task.o(i.Set_State)
    Set_Vol_UpperLimit                       0x08004d8d   Thumb Code    68  keyinputfsm.o(i.Set_Vol_UpperLimit)
    Short_Circuit_Detection                  0x08004dd9   Thumb Code    92  task.o(i.Short_Circuit_Detection)
    Short_Circuit_Protection                 0x08004e39   Thumb Code    18  task.o(i.Short_Circuit_Protection)
    ShowPredefined                           0x08004e4d   Thumb Code   320  keyinputfsm.o(i.ShowPredefined)
    ShowProgressBar                          0x08004f99   Thumb Code   266  bsp_sc8701.o(i.ShowProgressBar)
    ShowRestrict                             0x080050cd   Thumb Code   140  keyinputfsm.o(i.ShowRestrict)
    ShowRestrict_Cur                         0x08005169   Thumb Code   118  keyinputfsm.o(i.ShowRestrict_Cur)
    ShowRestrict_Vol                         0x080051e9   Thumb Code   166  keyinputfsm.o(i.ShowRestrict_Vol)
    Show_MaxPower                            0x08005299   Thumb Code   218  task.o(i.Show_MaxPower)
    Show_Short_Circuit                       0x080053e1   Thumb Code    68  task.o(i.Show_Short_Circuit)
    Show_State                               0x08005429   Thumb Code   156  task.o(i.Show_State)
    Show_UI                                  0x0800550d   Thumb Code    34  task.o(i.Show_UI)
    Show_logo                                0x0800553d   Thumb Code    80  task.o(i.Show_logo)
    SysTick_Handler                          0x080055a1   Thumb Code     2  stm32f10x_it.o(i.SysTick_Handler)
    SystemInit                               0x080055a5   Thumb Code    78  system_stm32f10x.o(i.SystemInit)
    TIM4_IRQHandler                          0x08005605   Thumb Code   194  stm32f10x_it.o(i.TIM4_IRQHandler)
    TIM_BDTRConfig                           0x080056f5   Thumb Code    32  stm32f10x_tim.o(i.TIM_BDTRConfig)
    TIM_ClearFlag                            0x08005715   Thumb Code     6  stm32f10x_tim.o(i.TIM_ClearFlag)
    TIM_ClearITPendingBit                    0x0800571b   Thumb Code     6  stm32f10x_tim.o(i.TIM_ClearITPendingBit)
    TIM_Cmd                                  0x08005721   Thumb Code    24  stm32f10x_tim.o(i.TIM_Cmd)
    TIM_CtrlPWMOutputs                       0x08005739   Thumb Code    30  stm32f10x_tim.o(i.TIM_CtrlPWMOutputs)
    TIM_GetCapture1                          0x08005757   Thumb Code     6  stm32f10x_tim.o(i.TIM_GetCapture1)
    TIM_GetITStatus                          0x0800575d   Thumb Code    34  stm32f10x_tim.o(i.TIM_GetITStatus)
    TIM_ITConfig                             0x0800577f   Thumb Code    18  stm32f10x_tim.o(i.TIM_ITConfig)
    TIM_OC1Init                              0x08005791   Thumb Code   132  stm32f10x_tim.o(i.TIM_OC1Init)
    TIM_OC1PreloadConfig                     0x08005829   Thumb Code    18  stm32f10x_tim.o(i.TIM_OC1PreloadConfig)
    TIM_OC4Init                              0x0800583d   Thumb Code   114  stm32f10x_tim.o(i.TIM_OC4Init)
    TIM_OC4PreloadConfig                     0x080058b9   Thumb Code    26  stm32f10x_tim.o(i.TIM_OC4PreloadConfig)
    TIM_SetCompare1                          0x080058d3   Thumb Code     4  stm32f10x_tim.o(i.TIM_SetCompare1)
    TIM_SetCompare4                          0x080058d7   Thumb Code     6  stm32f10x_tim.o(i.TIM_SetCompare4)
    TIM_TimeBaseInit                         0x080058dd   Thumb Code   122  stm32f10x_tim.o(i.TIM_TimeBaseInit)
    USART_Cmd                                0x08005981   Thumb Code    24  stm32f10x_usart.o(i.USART_Cmd)
    USART_Config                             0x08005999   Thumb Code   134  bsp_usart.o(i.USART_Config)
    USART_GetFlagStatus                      0x08005a29   Thumb Code    26  stm32f10x_usart.o(i.USART_GetFlagStatus)
    USART_ITConfig                           0x08005a43   Thumb Code    74  stm32f10x_usart.o(i.USART_ITConfig)
    USART_Init                               0x08005a8d   Thumb Code   210  stm32f10x_usart.o(i.USART_Init)
    USART_SendData                           0x08005b65   Thumb Code     8  stm32f10x_usart.o(i.USART_SendData)
    UpData_VolRestrictAndCurRestrict         0x08005b6d   Thumb Code    10  keyinputfsm.o(i.UpData_VolRestrictAndCurRestrict)
    UsageFault_Handler                       0x08005b81   Thumb Code     4  stm32f10x_it.o(i.UsageFault_Handler)
    Voltage_Filter                           0x08005b85   Thumb Code   128  task.o(i.Voltage_Filter)
    Write_SettingField                       0x08005c11   Thumb Code    20  keyinputfsm.o(i.Write_SettingField)
    __0printf$1                              0x08005c25   Thumb Code    22  printf1.o(i.__0printf$1)
    __1printf$1                              0x08005c25   Thumb Code     0  printf1.o(i.__0printf$1)
    __2printf                                0x08005c25   Thumb Code     0  printf1.o(i.__0printf$1)
    __scatterload_copy                       0x08005c45   Thumb Code    14  handlers.o(i.__scatterload_copy)
    __scatterload_null                       0x08005c53   Thumb Code     2  handlers.o(i.__scatterload_null)
    __scatterload_zeroinit                   0x08005c55   Thumb Code    14  handlers.o(i.__scatterload_zeroinit)
    bubble_sort                              0x08005db9   Thumb Code   102  task.o(i.bubble_sort)
    bubble_sort_integer                      0x08005e1f   Thumb Code    88  task.o(i.bubble_sort_integer)
    fputc                                    0x08005e79   Thumb Code    32  bsp_usart.o(i.fputc)
    main                                     0x08005e9d   Thumb Code   110  mian.o(i.main)
    OLED_F8x16                               0x08005f50   Data        1520  bsp_oled.o(.constdata)
    OLED_F8x16_Bright                        0x08006540   Data         160  bsp_oled.o(.constdata)
    OLED_F16x16                              0x080065e0   Data        1312  bsp_oled.o(.constdata)
    OLED_BMP_64x64                           0x08006b00   Data        1024  bsp_oled.o(.constdata)
    OLED_BMP_8x16                            0x08006f00   Data          64  bsp_oled.o(.constdata)
    Region$$Table$$Base                      0x08006f50   Number         0  anon$$obj.o(Region$$Table)
    Region$$Table$$Limit                     0x08006f70   Number         0  anon$$obj.o(Region$$Table)
    TaskTimeCount                            0x20000014   Data           1  stm32f10x_it.o(.data)
    I2CTimeout                               0x20000018   Data           4  bsp_oled.o(.data)
    ADC_ConvertedValue                       0x2000001c   Data           6  bsp_adc.o(.data)
    Val                                      0x20000024   Data           4  bsp_adc.o(.data)
    Current                                  0x20000028   Data           2  task.o(.data)
    Voltage                                  0x2000002a   Data           2  task.o(.data)
    Power                                    0x2000002c   Data           4  task.o(.data)
    ShowTimeCount                            0x20000030   Data           1  task.o(.data)
    NormalCount                              0x20000031   Data           1  task.o(.data)
    SlowTaskCount                            0x20000032   Data           2  task.o(.data)
    KeyNum                                   0x20000034   Data           1  task.o(.data)
    SettingParameter_wait                    0x20000035   Data           1  task.o(.data)
    SettingParameter_Vol                     0x20000036   Data           1  task.o(.data)
    SettingParameter_Power                   0x20000037   Data           1  task.o(.data)
    state                                    0x20000038   Data           1  task.o(.data)
    InPutVoltage                             0x20000058   Data           4  bsp_sc8701.o(.data)
    SC8701_GearFlag                          0x2000005c   Data           1  bsp_sc8701.o(.data)
    KeyLongCount                             0x2000005e   Data           1  bsp_key.o(.data)
    AttonityTimeCountFlag                    0x20000075   Data           1  keyinputfsm.o(.data)
    AttonityTimeCount                        0x20000076   Data           2  keyinputfsm.o(.data)
    ExtinguishTimeCountFlag                  0x20000078   Data           1  keyinputfsm.o(.data)
    ExtinguishTimeCount                      0x2000007c   Data           4  keyinputfsm.o(.data)
    EESaveAddr                               0x20000080   Data           1  keyinputfsm.o(.data)
    OutputCompleteCountdown                  0x20000082   Data           2  keyinputfsm.o(.data)
    Predefined_OutPut_Array                  0x20000084   Data          12  keyinputfsm.o(.data)
    MenuShowOption                           0x20000090   Data          20  keyinputfsm.o(.data)
    EEPROM_ADDRESS                           0x20000178   Data           2  bsp_i2c_ee.o(.data)
    __stdout                                 0x20000180   Data           4  stdout.o(.data)
    __initial_sp                             0x200005d8   Data           0  startup_stm32f10x_md.o(STACK)



==============================================================================

Memory Map of the image

  Image Entry point : 0x080000ed

  Load Region LR_IROM1 (Base: 0x08000000, Size: 0x000070f4, Max: 0x00010000, ABSOLUTE, COMPRESSED[0x00007048])

    Execution Region ER_IROM1 (Exec base: 0x08000000, Load base: 0x08000000, Size: 0x00006f70, Max: 0x00010000, ABSOLUTE)

    Exec Addr    Load Addr    Size         Type   Attr      Idx    E Section Name        Object

    0x08000000   0x08000000   0x000000ec   Data   RO            3    RESET               startup_stm32f10x_md.o
    0x080000ec   0x080000ec   0x00000000   Code   RO         4387  * .ARM.Collect$$$$00000000  mc_w.l(entry.o)
    0x080000ec   0x080000ec   0x00000004   Code   RO         4683    .ARM.Collect$$$$00000001  mc_w.l(entry2.o)
    0x080000f0   0x080000f0   0x00000004   Code   RO         4686    .ARM.Collect$$$$00000004  mc_w.l(entry5.o)
    0x080000f4   0x080000f4   0x00000000   Code   RO         4688    .ARM.Collect$$$$00000008  mc_w.l(entry7b.o)
    0x080000f4   0x080000f4   0x00000000   Code   RO         4690    .ARM.Collect$$$$0000000A  mc_w.l(entry8b.o)
    0x080000f4   0x080000f4   0x00000008   Code   RO         4691    .ARM.Collect$$$$0000000B  mc_w.l(entry9a.o)
    0x080000fc   0x080000fc   0x00000000   Code   RO         4693    .ARM.Collect$$$$0000000D  mc_w.l(entry10a.o)
    0x080000fc   0x080000fc   0x00000000   Code   RO         4695    .ARM.Collect$$$$0000000F  mc_w.l(entry11a.o)
    0x080000fc   0x080000fc   0x00000004   Code   RO         4684    .ARM.Collect$$$$00002712  mc_w.l(entry2.o)
    0x08000100   0x08000100   0x00000024   Code   RO            4    .text               startup_stm32f10x_md.o
    0x08000124   0x08000124   0x000000b0   Code   RO         4651    .text               mf_w.l(fadd.o)
    0x080001d4   0x080001d4   0x00000064   Code   RO         4653    .text               mf_w.l(fmul.o)
    0x08000238   0x08000238   0x0000007c   Code   RO         4655    .text               mf_w.l(fdiv.o)
    0x080002b4   0x080002b4   0x0000014e   Code   RO         4657    .text               mf_w.l(dadd.o)
    0x08000402   0x08000402   0x000000e4   Code   RO         4659    .text               mf_w.l(dmul.o)
    0x080004e6   0x080004e6   0x000000de   Code   RO         4661    .text               mf_w.l(ddiv.o)
    0x080005c4   0x080005c4   0x00000012   Code   RO         4663    .text               mf_w.l(fflti.o)
    0x080005d6   0x080005d6   0x0000000a   Code   RO         4665    .text               mf_w.l(ffltui.o)
    0x080005e0   0x080005e0   0x0000001a   Code   RO         4667    .text               mf_w.l(dfltui.o)
    0x080005fa   0x080005fa   0x00000028   Code   RO         4669    .text               mf_w.l(ffixui.o)
    0x08000622   0x08000622   0x00000032   Code   RO         4671    .text               mf_w.l(dfixui.o)
    0x08000654   0x08000654   0x00000026   Code   RO         4673    .text               mf_w.l(f2d.o)
    0x0800067a   0x0800067a   0x00000002   PAD
    0x0800067c   0x0800067c   0x00000030   Code   RO         4675    .text               mf_w.l(cdcmple.o)
    0x080006ac   0x080006ac   0x00000038   Code   RO         4677    .text               mf_w.l(d2f.o)
    0x080006e4   0x080006e4   0x00000014   Code   RO         4679    .text               mf_w.l(cfcmple.o)
    0x080006f8   0x080006f8   0x00000014   Code   RO         4681    .text               mf_w.l(cfrcmple.o)
    0x0800070c   0x0800070c   0x0000002c   Code   RO         4698    .text               mc_w.l(uidiv.o)
    0x08000738   0x08000738   0x0000001e   Code   RO         4702    .text               mc_w.l(llshl.o)
    0x08000756   0x08000756   0x00000020   Code   RO         4704    .text               mc_w.l(llushr.o)
    0x08000776   0x08000776   0x00000024   Code   RO         4706    .text               mc_w.l(llsshr.o)
    0x0800079a   0x0800079a   0x00000000   Code   RO         4708    .text               mc_w.l(iusefp.o)
    0x0800079a   0x0800079a   0x0000006e   Code   RO         4709    .text               mf_w.l(fepilogue.o)
    0x08000808   0x08000808   0x000000ba   Code   RO         4711    .text               mf_w.l(depilogue.o)
    0x080008c2   0x080008c2   0x00000002   PAD
    0x080008c4   0x080008c4   0x00000024   Code   RO         4717    .text               mc_w.l(init.o)
    0x080008e8   0x080008e8   0x00000056   Code   RO         4727    .text               mc_w.l(__dczerorl2.o)
    0x0800093e   0x0800093e   0x00000002   PAD
    0x08000940   0x08000940   0x0000003c   Code   RO         3526    i.ADC1_Get_Channel_7_Voltaged  bsp_adc.o
    0x0800097c   0x0800097c   0x0000000c   Code   RO         3527    i.ADC1_Get_Channel_8_Val  bsp_adc.o
    0x08000988   0x08000988   0x0000000c   Code   RO         3528    i.ADC1_Get_Channel_9_Val  bsp_adc.o
    0x08000994   0x08000994   0x00000016   Code   RO          183    i.ADC_Cmd           stm32f10x_adc.o
    0x080009aa   0x080009aa   0x00000016   Code   RO          184    i.ADC_DMACmd        stm32f10x_adc.o
    0x080009c0   0x080009c0   0x00000014   Code   RO          191    i.ADC_GetCalibrationStatus  stm32f10x_adc.o
    0x080009d4   0x080009d4   0x00000050   Code   RO          201    i.ADC_Init          stm32f10x_adc.o
    0x08000a24   0x08000a24   0x000000b8   Code   RO          205    i.ADC_RegularChannelConfig  stm32f10x_adc.o
    0x08000adc   0x08000adc   0x00000016   Code   RO          208    i.ADC_SoftwareStartConvCmd  stm32f10x_adc.o
    0x08000af2   0x08000af2   0x0000000a   Code   RO          210    i.ADC_StartCalibration  stm32f10x_adc.o
    0x08000afc   0x08000afc   0x00000010   Code   RO         3529    i.ADC_x_Init        bsp_adc.o
    0x08000b0c   0x08000b0c   0x00000060   Code   RO         3530    i.ADCx_DMA_Config   bsp_adc.o
    0x08000b6c   0x08000b6c   0x00000050   Code   RO         3531    i.ADCx_GPIO_Config  bsp_adc.o
    0x08000bbc   0x08000bbc   0x00000090   Code   RO         3532    i.ADCx_Mode_Config  bsp_adc.o
    0x08000c4c   0x08000c4c   0x0000002c   Code   RO         3773    i.ADVANCE_TIM_GPIO_Config  bsp_sc8701.o
    0x08000c78   0x08000c78   0x000000d0   Code   RO         3774    i.ADVANCE_TIM_Mode_Config  bsp_sc8701.o
    0x08000d48   0x08000d48   0x00000004   Code   RO         3269    i.BusFault_Handler  stm32f10x_it.o
    0x08000d4c   0x08000d4c   0x0000018c   Code   RO         3933    i.Check_Power       keyinputfsm.o
    0x08000ed8   0x08000ed8   0x000000bc   Code   RO         3578    i.Check_Setting     task.o
    0x08000f94   0x08000f94   0x00000078   Code   RO         3934    i.Check_TimeOut     keyinputfsm.o
    0x0800100c   0x0800100c   0x0000008c   Code   RO         3579    i.Current_Filter    task.o
    0x08001098   0x08001098   0x00000018   Code   RO          868    i.DMA_Cmd           stm32f10x_dma.o
    0x080010b0   0x080010b0   0x0000014c   Code   RO          869    i.DMA_DeInit        stm32f10x_dma.o
    0x080011fc   0x080011fc   0x0000003c   Code   RO          874    i.DMA_Init          stm32f10x_dma.o
    0x08001238   0x08001238   0x00000002   Code   RO         3270    i.DebugMon_Handler  stm32f10x_it.o
    0x0800123a   0x0800123a   0x00000020   Code   RO         3727    i.Delay_ms          delay.o
    0x0800125a   0x0800125a   0x0000001e   Code   RO         3728    i.Delay_us          delay.o
    0x08001278   0x08001278   0x000000a0   Code   RO         3580    i.Detection_Current  task.o
    0x08001318   0x08001318   0x00000288   Code   RO         3581    i.Detection_InPut_Voltage  task.o
    0x080015a0   0x080015a0   0x00000148   Code   RO         3582    i.Detection_Power   task.o
    0x080016e8   0x080016e8   0x00000104   Code   RO         3583    i.Detection_Voltage  task.o
    0x080017ec   0x080017ec   0x000000d8   Code   RO         3584    i.EE_Ergodic_Save   task.o
    0x080018c4   0x080018c4   0x00000030   Code   RO         3271    i.EXTI4_IRQHandler  stm32f10x_it.o
    0x080018f4   0x080018f4   0x0000000c   Code   RO          939    i.EXTI_ClearITPendingBit  stm32f10x_exti.o
    0x08001900   0x08001900   0x00000028   Code   RO          943    i.EXTI_GetITStatus  stm32f10x_exti.o
    0x08001928   0x08001928   0x00000094   Code   RO          944    i.EXTI_Init         stm32f10x_exti.o
    0x080019bc   0x080019bc   0x0000000c   Code   RO         3748    i.GENERAL_TIM_Init  bsp_generaltim.o
    0x080019c8   0x080019c8   0x00000050   Code   RO         3749    i.GENERAL_TIM_Mode_Config  bsp_generaltim.o
    0x08001a18   0x08001a18   0x0000002a   Code   RO         3750    i.GENERAL_TIM_NVIC_Config  bsp_generaltim.o
    0x08001a42   0x08001a42   0x00000002   PAD
    0x08001a44   0x08001a44   0x00000040   Code   RO         1289    i.GPIO_EXTILineConfig  stm32f10x_gpio.o
    0x08001a84   0x08001a84   0x00000116   Code   RO         1292    i.GPIO_Init         stm32f10x_gpio.o
    0x08001b9a   0x08001b9a   0x00000012   Code   RO         1296    i.GPIO_ReadInputDataBit  stm32f10x_gpio.o
    0x08001bac   0x08001bac   0x00000012   Code   RO         1298    i.GPIO_ReadOutputDataBit  stm32f10x_gpio.o
    0x08001bbe   0x08001bbe   0x00000004   Code   RO         1299    i.GPIO_ResetBits    stm32f10x_gpio.o
    0x08001bc2   0x08001bc2   0x00000004   Code   RO         1300    i.GPIO_SetBits      stm32f10x_gpio.o
    0x08001bc6   0x08001bc6   0x00000002   PAD
    0x08001bc8   0x08001bc8   0x0000000c   Code   RO         3936    i.Get_PDPowerSupplyState  keyinputfsm.o
    0x08001bd4   0x08001bd4   0x0000000c   Code   RO         3775    i.Get_SC8701_GearFlag  bsp_sc8701.o
    0x08001be0   0x08001be0   0x0000000c   Code   RO         3937    i.Get_VolRestrict   keyinputfsm.o
    0x08001bec   0x08001bec   0x00000004   Code   RO         3272    i.HardFault_Handler  stm32f10x_it.o
    0x08001bf0   0x08001bf0   0x00000018   Code   RO         1401    i.I2C_AcknowledgeConfig  stm32f10x_i2c.o
    0x08001c08   0x08001c08   0x0000002a   Code   RO         1403    i.I2C_CheckEvent    stm32f10x_i2c.o
    0x08001c32   0x08001c32   0x0000000c   Code   RO         1404    i.I2C_ClearFlag     stm32f10x_i2c.o
    0x08001c3e   0x08001c3e   0x00000018   Code   RO         1406    i.I2C_Cmd           stm32f10x_i2c.o
    0x08001c56   0x08001c56   0x00000002   PAD
    0x08001c58   0x08001c58   0x000001bc   Code   RO         4288    i.I2C_EE_BufferRead  bsp_i2c_ee.o
    0x08001e14   0x08001e14   0x0000012a   Code   RO         4289    i.I2C_EE_BufferWrite  bsp_i2c_ee.o
    0x08001f3e   0x08001f3e   0x00000002   PAD
    0x08001f40   0x08001f40   0x0000000c   Code   RO         4291    i.I2C_EE_Init       bsp_i2c_ee.o
    0x08001f4c   0x08001f4c   0x00000138   Code   RO         4292    i.I2C_EE_PageWrite  bsp_i2c_ee.o
    0x08002084   0x08002084   0x0000005c   Code   RO         4293    i.I2C_EE_WaitEepromStandbyState  bsp_i2c_ee.o
    0x080020e0   0x080020e0   0x00000018   Code   RO         1413    i.I2C_GenerateSTART  stm32f10x_i2c.o
    0x080020f8   0x080020f8   0x00000018   Code   RO         1414    i.I2C_GenerateSTOP  stm32f10x_i2c.o
    0x08002110   0x08002110   0x0000003a   Code   RO         1415    i.I2C_GetFlagStatus  stm32f10x_i2c.o
    0x0800214a   0x0800214a   0x00000002   PAD
    0x0800214c   0x0800214c   0x000000ec   Code   RO         1420    i.I2C_Init          stm32f10x_i2c.o
    0x08002238   0x08002238   0x00000016   Code   RO         1424    i.I2C_ReadRegister  stm32f10x_i2c.o
    0x0800224e   0x0800224e   0x00000008   Code   RO         1425    i.I2C_ReceiveData   stm32f10x_i2c.o
    0x08002256   0x08002256   0x00000012   Code   RO         1427    i.I2C_Send7bitAddress  stm32f10x_i2c.o
    0x08002268   0x08002268   0x00000004   Code   RO         1428    i.I2C_SendData      stm32f10x_i2c.o
    0x0800226c   0x0800226c   0x00000040   Code   RO         4294    i.I2C_TIMEOUT_UserCallback  bsp_i2c_ee.o
    0x080022ac   0x080022ac   0x00000030   Code   RO         3396    i.I2C_TimeoutEvent  bsp_oled.o
    0x080022dc   0x080022dc   0x00000010   Code   RO         4345    i.IWDG_CleanFlag    bsp_iwdg.o
    0x080022ec   0x080022ec   0x00000024   Code   RO         4346    i.IWDG_Config       bsp_iwdg.o
    0x08002310   0x08002310   0x00000010   Code   RO         1604    i.IWDG_Enable       stm32f10x_iwdg.o
    0x08002320   0x08002320   0x00000008   Code   RO         4347    i.IWDG_Feed         bsp_iwdg.o
    0x08002328   0x08002328   0x00000012   Code   RO         4348    i.IWDG_GetFlag      bsp_iwdg.o
    0x0800233a   0x0800233a   0x0000000e   Code   RO         4349    i.IWDG_Init         bsp_iwdg.o
    0x08002348   0x08002348   0x00000010   Code   RO         1606    i.IWDG_ReloadCounter  stm32f10x_iwdg.o
    0x08002358   0x08002358   0x0000000c   Code   RO         1607    i.IWDG_SetPrescaler  stm32f10x_iwdg.o
    0x08002364   0x08002364   0x0000000c   Code   RO         1608    i.IWDG_SetReload    stm32f10x_iwdg.o
    0x08002370   0x08002370   0x0000000c   Code   RO         1609    i.IWDG_WriteAccessCmd  stm32f10x_iwdg.o
    0x0800237c   0x0800237c   0x00000058   Code   RO         3585    i.InPut_Voltage_Filter  task.o
    0x080023d4   0x080023d4   0x00000028   Code   RO         3871    i.KEY_GPIO_Config   bsp_key.o
    0x080023fc   0x080023fc   0x00000040   Code   RO         3938    i.KeyInputFSM_Run   keyinputfsm.o
    0x0800243c   0x0800243c   0x00000010   Code   RO         3939    i.KeyInputFSM_SetEvent  keyinputfsm.o
    0x0800244c   0x0800244c   0x00000010   Code   RO         3940    i.KeyInputFSM_SetStatus  keyinputfsm.o
    0x0800245c   0x0800245c   0x0000008c   Code   RO         3586    i.KeyInput_Detection  task.o
    0x080024e8   0x080024e8   0x000000c4   Code   RO         3872    i.Key_Scan          bsp_key.o
    0x080025ac   0x080025ac   0x00000004   Code   RO         3273    i.MemManage_Handler  stm32f10x_it.o
    0x080025b0   0x080025b0   0x00000060   Code   RO         3941    i.MenuShow_Gear     keyinputfsm.o
    0x08002610   0x08002610   0x00000060   Code   RO         3942    i.MenuShow_Power    keyinputfsm.o
    0x08002670   0x08002670   0x00000054   Code   RO         3943    i.MenuShow_Versions  keyinputfsm.o
    0x080026c4   0x080026c4   0x00000060   Code   RO         3944    i.MenuShow_Vol      keyinputfsm.o
    0x08002724   0x08002724   0x00000060   Code   RO         3945    i.MenuShow_Wait     keyinputfsm.o
    0x08002784   0x08002784   0x000000fc   Code   RO         3946    i.Menu_Set_Gear     keyinputfsm.o
    0x08002880   0x08002880   0x000000c4   Code   RO         3947    i.Menu_Set_Power    keyinputfsm.o
    0x08002944   0x08002944   0x0000013c   Code   RO         3948    i.Menu_Set_Vol      keyinputfsm.o
    0x08002a80   0x08002a80   0x000000a4   Code   RO         3949    i.Menu_Set_Wait     keyinputfsm.o
    0x08002b24   0x08002b24   0x00000002   Code   RO         3274    i.NMI_Handler       stm32f10x_it.o
    0x08002b26   0x08002b26   0x00000002   PAD
    0x08002b28   0x08002b28   0x00000070   Code   RO          137    i.NVIC_Init         misc.o
    0x08002b98   0x08002b98   0x00000014   Code   RO          138    i.NVIC_PriorityGroupConfig  misc.o
    0x08002bac   0x08002bac   0x000002b4   Code   RO         3950    i.Node_Add          keyinputfsm.o
    0x08002e60   0x08002e60   0x00000050   Code   RO         3951    i.Node_Change_Vol_Or_Cur  keyinputfsm.o
    0x08002eb0   0x08002eb0   0x0000007c   Code   RO         3952    i.Node_EnterMenu    keyinputfsm.o
    0x08002f2c   0x08002f2c   0x00000054   Code   RO         3953    i.Node_EnterPredefined  keyinputfsm.o
    0x08002f80   0x08002f80   0x000000a0   Code   RO         3954    i.Node_EnterSetting  keyinputfsm.o
    0x08003020   0x08003020   0x0000004c   Code   RO         3955    i.Node_EnterShutDowm_Mode  keyinputfsm.o
    0x0800306c   0x0800306c   0x00000098   Code   RO         3956    i.Node_LeftMove     keyinputfsm.o
    0x08003104   0x08003104   0x0000007c   Code   RO         3957    i.Node_MenuOption_Add  keyinputfsm.o
    0x08003180   0x08003180   0x000000a0   Code   RO         3958    i.Node_MenuOption_Left  keyinputfsm.o
    0x08003220   0x08003220   0x000000a0   Code   RO         3959    i.Node_MenuOption_Right  keyinputfsm.o
    0x080032c0   0x080032c0   0x0000007c   Code   RO         3960    i.Node_MenuOption_Subtract  keyinputfsm.o
    0x0800333c   0x0800333c   0x0000005c   Code   RO         3961    i.Node_MenuTimeOut  keyinputfsm.o
    0x08003398   0x08003398   0x00000120   Code   RO         3962    i.Node_ON_OFF_OutPut  keyinputfsm.o
    0x080034b8   0x080034b8   0x0000005c   Code   RO         3963    i.Node_PredefinedTimeOut  keyinputfsm.o
    0x08003514   0x08003514   0x00000030   Code   RO         3964    i.Node_Predefined_Add  keyinputfsm.o
    0x08003544   0x08003544   0x00000030   Code   RO         3965    i.Node_Predefined_Subtract  keyinputfsm.o
    0x08003574   0x08003574   0x0000004c   Code   RO         3966    i.Node_QuitExtinguish_Mode  keyinputfsm.o
    0x080035c0   0x080035c0   0x00000044   Code   RO         3967    i.Node_QuitMenu     keyinputfsm.o
    0x08003604   0x08003604   0x0000013c   Code   RO         3968    i.Node_QuitPredefined  keyinputfsm.o
    0x08003740   0x08003740   0x0000003c   Code   RO         3969    i.Node_QuitPredefined_NoSet  keyinputfsm.o
    0x0800377c   0x0800377c   0x0000003c   Code   RO         3970    i.Node_QuitSetting  keyinputfsm.o
    0x080037b8   0x080037b8   0x00000064   Code   RO         3971    i.Node_QuitShutDowm_Mode  keyinputfsm.o
    0x0800381c   0x0800381c   0x00000014   Code   RO         3972    i.Node_Ready        keyinputfsm.o
    0x08003830   0x08003830   0x0000007c   Code   RO         3973    i.Node_RightMove    keyinputfsm.o
    0x080038ac   0x080038ac   0x00000048   Code   RO         3974    i.Node_RunningTimeOut  keyinputfsm.o
    0x080038f4   0x080038f4   0x00000030   Code   RO         3975    i.Node_SettingTimeOut  keyinputfsm.o
    0x08003924   0x08003924   0x000002bc   Code   RO         3976    i.Node_Subtract     keyinputfsm.o
    0x08003be0   0x08003be0   0x00000002   Code   RO         3977    i.Node_Void         keyinputfsm.o
    0x08003be2   0x08003be2   0x0000002a   Code   RO         3397    i.OLED_Clear        bsp_oled.o
    0x08003c0c   0x08003c0c   0x0000001c   Code   RO         3398    i.OLED_Clock_Control  bsp_oled.o
    0x08003c28   0x08003c28   0x00000088   Code   RO         3399    i.OLED_I2C_Init     bsp_oled.o
    0x08003cb0   0x08003cb0   0x00000128   Code   RO         3400    i.OLED_Init         bsp_oled.o
    0x08003dd8   0x08003dd8   0x00000014   Code   RO         3401    i.OLED_Pow          bsp_oled.o
    0x08003dec   0x08003dec   0x00000022   Code   RO         3402    i.OLED_SetCursor    bsp_oled.o
    0x08003e0e   0x08003e0e   0x00000002   PAD
    0x08003e10   0x08003e10   0x00000048   Code   RO         3403    i.OLED_ShowBMP      bsp_oled.o
    0x08003e58   0x08003e58   0x0000006c   Code   RO         3405    i.OLED_ShowBmpMini  bsp_oled.o
    0x08003ec4   0x08003ec4   0x00000074   Code   RO         3406    i.OLED_ShowChar     bsp_oled.o
    0x08003f38   0x08003f38   0x0000006c   Code   RO         3407    i.OLED_ShowChinese  bsp_oled.o
    0x08003fa4   0x08003fa4   0x00000044   Code   RO         3409    i.OLED_ShowNum      bsp_oled.o
    0x08003fe8   0x08003fe8   0x0000006c   Code   RO         3410    i.OLED_ShowNum_Bright  bsp_oled.o
    0x08004054   0x08004054   0x00000028   Code   RO         3412    i.OLED_ShowString   bsp_oled.o
    0x0800407c   0x0800407c   0x000000fc   Code   RO         3413    i.OLED_WriteCommand  bsp_oled.o
    0x08004178   0x08004178   0x000000fc   Code   RO         3414    i.OLED_WriteData    bsp_oled.o
    0x08004274   0x08004274   0x00000002   Code   RO         3275    i.PendSV_Handler    stm32f10x_it.o
    0x08004276   0x08004276   0x00000014   Code   RO         3108    i.PowerSupply_Extinguish  mian.o
    0x0800428a   0x0800428a   0x00000002   PAD
    0x0800428c   0x0800428c   0x00000054   Code   RO         3109    i.PowerSupply_Runing  mian.o
    0x080042e0   0x080042e0   0x00000010   Code   RO         3110    i.PowerSupply_ShutDown  mian.o
    0x080042f0   0x080042f0   0x00000018   Code   RO         1706    i.RCC_ADCCLKConfig  stm32f10x_rcc.o
    0x08004308   0x08004308   0x00000020   Code   RO         1707    i.RCC_AHBPeriphClockCmd  stm32f10x_rcc.o
    0x08004328   0x08004328   0x00000020   Code   RO         1708    i.RCC_APB1PeriphClockCmd  stm32f10x_rcc.o
    0x08004348   0x08004348   0x00000020   Code   RO         1710    i.RCC_APB2PeriphClockCmd  stm32f10x_rcc.o
    0x08004368   0x08004368   0x00000014   Code   RO         1714    i.RCC_ClearFlag     stm32f10x_rcc.o
    0x0800437c   0x0800437c   0x000000d4   Code   RO         1718    i.RCC_GetClocksFreq  stm32f10x_rcc.o
    0x08004450   0x08004450   0x0000003c   Code   RO         1719    i.RCC_GetFlagStatus  stm32f10x_rcc.o
    0x0800448c   0x0800448c   0x0000001c   Code   RO         3978    i.Read_CurRestrict_FromRom  keyinputfsm.o
    0x080044a8   0x080044a8   0x00000012   Code   RO         3979    i.Read_SettingField  keyinputfsm.o
    0x080044ba   0x080044ba   0x00000002   PAD
    0x080044bc   0x080044bc   0x00000018   Code   RO         3980    i.Read_VolRestrict_FromRom  keyinputfsm.o
    0x080044d4   0x080044d4   0x00000074   Code   RO         3981    i.Restart_Output    keyinputfsm.o
    0x08004548   0x08004548   0x00000020   Code   RO         3776    i.SC8701_CE_Control  bsp_sc8701.o
    0x08004568   0x08004568   0x00000018   Code   RO         3777    i.SC8701_CE_Read    bsp_sc8701.o
    0x08004580   0x08004580   0x00000024   Code   RO         3778    i.SC8701_FB_Control  bsp_sc8701.o
    0x080045a4   0x080045a4   0x0000001c   Code   RO         3779    i.SC8701_FB_Read    bsp_sc8701.o
    0x080045c0   0x080045c0   0x00000064   Code   RO         3780    i.SC8701_GPIO_Config  bsp_sc8701.o
    0x08004624   0x08004624   0x00000010   Code   RO         3781    i.SC8701_Init       bsp_sc8701.o
    0x08004634   0x08004634   0x00000040   Code   RO         3782    i.SC8701_Set_Current  bsp_sc8701.o
    0x08004674   0x08004674   0x000001dc   Code   RO         3783    i.SC8701_Set_Voltage  bsp_sc8701.o
    0x08004850   0x08004850   0x00000178   Code   RO         3784    i.SC8701_Set_Voltage_Slow  bsp_sc8701.o
    0x080049c8   0x080049c8   0x00000030   Code   RO         3896    i.SIQ02FVS3_EXTI_Config  bsp_siq02fvs3.o
    0x080049f8   0x080049f8   0x00000010   Code   RO         3897    i.SIQ02FVS3_Init    bsp_siq02fvs3.o
    0x08004a08   0x08004a08   0x00000064   Code   RO         3898    i.SIQ02FVS3_KEY_GPIO_Config  bsp_siq02fvs3.o
    0x08004a6c   0x08004a6c   0x00000030   Code   RO         3899    i.SIQ02FVS3_Key_Scan  bsp_siq02fvs3.o
    0x08004a9c   0x08004a9c   0x0000002a   Code   RO         3900    i.SIQ02FVS3_NVIC_Config  bsp_siq02fvs3.o
    0x08004ac6   0x08004ac6   0x00000002   Code   RO         3276    i.SVC_Handler       stm32f10x_it.o
    0x08004ac8   0x08004ac8   0x00000018   Code   RO         3982    i.Save_CurRestrict_ToRom  keyinputfsm.o
    0x08004ae0   0x08004ae0   0x00000014   Code   RO         3983    i.Save_VolRestrict_ToRom  keyinputfsm.o
    0x08004af4   0x08004af4   0x000000c8   Code   RO         3587    i.Search_Reserve_VolAndCur  task.o
    0x08004bbc   0x08004bbc   0x0000009c   Code   RO         3984    i.SetMax_Current    keyinputfsm.o
    0x08004c58   0x08004c58   0x00000008   Code   RO           24    i.SetSysClock       system_stm32f10x.o
    0x08004c60   0x08004c60   0x000000e0   Code   RO           25    i.SetSysClockTo72   system_stm32f10x.o
    0x08004d40   0x08004d40   0x00000020   Code   RO         3985    i.Set_Power_UpperLimit  keyinputfsm.o
    0x08004d60   0x08004d60   0x0000000c   Code   RO         3785    i.Set_SC8701_GearFlag  bsp_sc8701.o
    0x08004d6c   0x08004d6c   0x00000020   Code   RO         3588    i.Set_State         task.o
    0x08004d8c   0x08004d8c   0x0000004c   Code   RO         3986    i.Set_Vol_UpperLimit  keyinputfsm.o
    0x08004dd8   0x08004dd8   0x00000060   Code   RO         3589    i.Short_Circuit_Detection  task.o
    0x08004e38   0x08004e38   0x00000012   Code   RO         3590    i.Short_Circuit_Protection  task.o
    0x08004e4a   0x08004e4a   0x00000002   PAD
    0x08004e4c   0x08004e4c   0x0000014c   Code   RO         3988    i.ShowPredefined    keyinputfsm.o
    0x08004f98   0x08004f98   0x00000134   Code   RO         3786    i.ShowProgressBar   bsp_sc8701.o
    0x080050cc   0x080050cc   0x0000009c   Code   RO         3989    i.ShowRestrict      keyinputfsm.o
    0x08005168   0x08005168   0x00000080   Code   RO         3990    i.ShowRestrict_Cur  keyinputfsm.o
    0x080051e8   0x080051e8   0x000000b0   Code   RO         3991    i.ShowRestrict_Vol  keyinputfsm.o
    0x08005298   0x08005298   0x00000148   Code   RO         3592    i.Show_MaxPower     task.o
    0x080053e0   0x080053e0   0x00000048   Code   RO         3593    i.Show_Short_Circuit  task.o
    0x08005428   0x08005428   0x000000e4   Code   RO         3594    i.Show_State        task.o
    0x0800550c   0x0800550c   0x00000030   Code   RO         3595    i.Show_UI           task.o
    0x0800553c   0x0800553c   0x00000064   Code   RO         3596    i.Show_logo         task.o
    0x080055a0   0x080055a0   0x00000002   Code   RO         3277    i.SysTick_Handler   stm32f10x_it.o
    0x080055a2   0x080055a2   0x00000002   PAD
    0x080055a4   0x080055a4   0x00000060   Code   RO           27    i.SystemInit        system_stm32f10x.o
    0x08005604   0x08005604   0x000000f0   Code   RO         3278    i.TIM4_IRQHandler   stm32f10x_it.o
    0x080056f4   0x080056f4   0x00000020   Code   RO         2331    i.TIM_BDTRConfig    stm32f10x_tim.o
    0x08005714   0x08005714   0x00000006   Code   RO         2336    i.TIM_ClearFlag     stm32f10x_tim.o
    0x0800571a   0x0800571a   0x00000006   Code   RO         2337    i.TIM_ClearITPendingBit  stm32f10x_tim.o
    0x08005720   0x08005720   0x00000018   Code   RO         2342    i.TIM_Cmd           stm32f10x_tim.o
    0x08005738   0x08005738   0x0000001e   Code   RO         2344    i.TIM_CtrlPWMOutputs  stm32f10x_tim.o
    0x08005756   0x08005756   0x00000006   Code   RO         2357    i.TIM_GetCapture1   stm32f10x_tim.o
    0x0800575c   0x0800575c   0x00000022   Code   RO         2363    i.TIM_GetITStatus   stm32f10x_tim.o
    0x0800577e   0x0800577e   0x00000012   Code   RO         2367    i.TIM_ITConfig      stm32f10x_tim.o
    0x08005790   0x08005790   0x00000098   Code   RO         2371    i.TIM_OC1Init       stm32f10x_tim.o
    0x08005828   0x08005828   0x00000012   Code   RO         2374    i.TIM_OC1PreloadConfig  stm32f10x_tim.o
    0x0800583a   0x0800583a   0x00000002   PAD
    0x0800583c   0x0800583c   0x0000007c   Code   RO         2386    i.TIM_OC4Init       stm32f10x_tim.o
    0x080058b8   0x080058b8   0x0000001a   Code   RO         2388    i.TIM_OC4PreloadConfig  stm32f10x_tim.o
    0x080058d2   0x080058d2   0x00000004   Code   RO         2403    i.TIM_SetCompare1   stm32f10x_tim.o
    0x080058d6   0x080058d6   0x00000006   Code   RO         2406    i.TIM_SetCompare4   stm32f10x_tim.o
    0x080058dc   0x080058dc   0x000000a4   Code   RO         2413    i.TIM_TimeBaseInit  stm32f10x_tim.o
    0x08005980   0x08005980   0x00000018   Code   RO         2878    i.USART_Cmd         stm32f10x_usart.o
    0x08005998   0x08005998   0x00000090   Code   RO         3347    i.USART_Config      bsp_usart.o
    0x08005a28   0x08005a28   0x0000001a   Code   RO         2881    i.USART_GetFlagStatus  stm32f10x_usart.o
    0x08005a42   0x08005a42   0x0000004a   Code   RO         2884    i.USART_ITConfig    stm32f10x_usart.o
    0x08005a8c   0x08005a8c   0x000000d8   Code   RO         2885    i.USART_Init        stm32f10x_usart.o
    0x08005b64   0x08005b64   0x00000008   Code   RO         2895    i.USART_SendData    stm32f10x_usart.o
    0x08005b6c   0x08005b6c   0x00000014   Code   RO         3993    i.UpData_VolRestrictAndCurRestrict  keyinputfsm.o
    0x08005b80   0x08005b80   0x00000004   Code   RO         3279    i.UsageFault_Handler  stm32f10x_it.o
    0x08005b84   0x08005b84   0x0000008c   Code   RO         3597    i.Voltage_Filter    task.o
    0x08005c10   0x08005c10   0x00000014   Code   RO         3994    i.Write_SettingField  keyinputfsm.o
    0x08005c24   0x08005c24   0x00000020   Code   RO         4435    i.__0printf$1       mc_w.l(printf1.o)
    0x08005c44   0x08005c44   0x0000000e   Code   RO         4721    i.__scatterload_copy  mc_w.l(handlers.o)
    0x08005c52   0x08005c52   0x00000002   Code   RO         4722    i.__scatterload_null  mc_w.l(handlers.o)
    0x08005c54   0x08005c54   0x0000000e   Code   RO         4723    i.__scatterload_zeroinit  mc_w.l(handlers.o)
    0x08005c62   0x08005c62   0x00000002   PAD
    0x08005c64   0x08005c64   0x00000154   Code   RO         4442    i._printf_core      mc_w.l(printf1.o)
    0x08005db8   0x08005db8   0x00000066   Code   RO         3598    i.bubble_sort       task.o
    0x08005e1e   0x08005e1e   0x00000058   Code   RO         3599    i.bubble_sort_integer  task.o
    0x08005e76   0x08005e76   0x00000002   PAD
    0x08005e78   0x08005e78   0x00000024   Code   RO         3352    i.fputc             bsp_usart.o
    0x08005e9c   0x08005e9c   0x000000b4   Code   RO         3111    i.main              mian.o
    0x08005f50   0x08005f50   0x00000ff0   Data   RO         3415    .constdata          bsp_oled.o
    0x08006f40   0x08006f40   0x00000006   Data   RO         3873    .constdata          bsp_key.o
    0x08006f46   0x08006f46   0x00000008   Data   RO         3995    .constdata          keyinputfsm.o
    0x08006f4e   0x08006f4e   0x00000002   PAD
    0x08006f50   0x08006f50   0x00000020   Data   RO         4719    Region$$Table       anon$$obj.o


    Execution Region RW_IRAM1 (Exec base: 0x20000000, Load base: 0x08006f70, Size: 0x000005d8, Max: 0x00005000, ABSOLUTE, COMPRESSED[0x000000d8])

    Exec Addr    Load Addr    Size         Type   Attr      Idx    E Section Name        Object

    0x20000000   COMPRESSED   0x00000014   Data   RW         1738    .data               stm32f10x_rcc.o
    0x20000014   COMPRESSED   0x00000001   Data   RW         3280    .data               stm32f10x_it.o
    0x20000015   COMPRESSED   0x00000003   PAD
    0x20000018   COMPRESSED   0x00000004   Data   RW         3416    .data               bsp_oled.o
    0x2000001c   COMPRESSED   0x0000000c   Data   RW         3533    .data               bsp_adc.o
    0x20000028   COMPRESSED   0x00000030   Data   RW         3601    .data               task.o
    0x20000058   COMPRESSED   0x00000006   Data   RW         3787    .data               bsp_sc8701.o
    0x2000005e   COMPRESSED   0x00000001   Data   RW         3874    .data               bsp_key.o
    0x2000005f   COMPRESSED   0x00000001   PAD
    0x20000060   COMPRESSED   0x00000118   Data   RW         3996    .data               keyinputfsm.o
    0x20000178   COMPRESSED   0x00000008   Data   RW         4295    .data               bsp_i2c_ee.o
    0x20000180   COMPRESSED   0x00000004   Data   RW         4697    .data               mc_w.l(stdout.o)
    0x20000184        -       0x00000050   Zero   RW         3600    .bss                task.o
    0x200001d4   COMPRESSED   0x00000004   PAD
    0x200001d8        -       0x00000400   Zero   RW            1    STACK               startup_stm32f10x_md.o


==============================================================================

Image component sizes


      Code (inc. data)   RO Data    RW Data    ZI Data      Debug   Object Name

       420         50          0         12          0       4356   bsp_adc.o
       134          6          0          0          0       1555   bsp_generaltim.o
      1222        106          0          8          0       5243   bsp_i2c_ee.o
        92          0          0          0          0       2502   bsp_iwdg.o
       236         18          6          1          0       1604   bsp_key.o
      1728        106       4080          4          0      12274   bsp_oled.o
      1736        184          0          6          0      10266   bsp_sc8701.o
       254         14          0          0          0       2678   bsp_siq02fvs3.o
       180         14          0          0          0       2907   bsp_usart.o
         0          0          0          0          0       4524   core_cm3.o
        62          0          0          0          0        998   delay.o
      7508       1228          8        280          0      36428   keyinputfsm.o
       300         78          0          0          0      39044   mian.o
       132         22          0          0          0       1851   misc.o
        36          8        236          0       1024        876   startup_stm32f10x_md.o
       360         10          0          0          0       6906   stm32f10x_adc.o
       416          8          0          0          0       3790   stm32f10x_dma.o
       200         18          0          0          0       2488   stm32f10x_exti.o
       386          4          0          0          0       5447   stm32f10x_gpio.o
       496         14          0          0          0       9791   stm32f10x_i2c.o
       314         52          0          1          0       5595   stm32f10x_it.o
        68         30          0          0          0       2770   stm32f10x_iwdg.o
       412         54          0         20          0       7325   stm32f10x_rcc.o
       650         72          0          0          0      10480   stm32f10x_tim.o
       348          6          0          0          0       5353   stm32f10x_usart.o
       328         28          0          0          0     278761   system_stm32f10x.o
      3620        448          0         48         80      15003   task.o

    ----------------------------------------------------------------------
     21664       2578       4364        384       1108     480815   Object Totals
         0          0         32          0          0          0   (incl. Generated)
        26          0          2          4          4          0   (incl. Padding)

    ----------------------------------------------------------------------

      Code (inc. data)   RO Data    RW Data    ZI Data      Debug   Library Member Name

        86          0          0          0          0          0   __dczerorl2.o
         0          0          0          0          0          0   entry.o
         0          0          0          0          0          0   entry10a.o
         0          0          0          0          0          0   entry11a.o
         8          4          0          0          0          0   entry2.o
         4          0          0          0          0          0   entry5.o
         0          0          0          0          0          0   entry7b.o
         0          0          0          0          0          0   entry8b.o
         8          4          0          0          0          0   entry9a.o
        30          0          0          0          0          0   handlers.o
        36          8          0          0          0         68   init.o
         0          0          0          0          0          0   iusefp.o
        30          0          0          0          0         68   llshl.o
        36          0          0          0          0         68   llsshr.o
        32          0          0          0          0         68   llushr.o
       372         14          0          0          0        184   printf1.o
         0          0          0          4          0          0   stdout.o
        44          0          0          0          0         80   uidiv.o
        48          0          0          0          0         68   cdcmple.o
        20          0          0          0          0         68   cfcmple.o
        20          0          0          0          0         68   cfrcmple.o
        56          0          0          0          0         88   d2f.o
       334          0          0          0          0        148   dadd.o
       222          0          0          0          0        100   ddiv.o
       186          0          0          0          0        176   depilogue.o
        50          0          0          0          0         76   dfixui.o
        26          0          0          0          0         76   dfltui.o
       228          0          0          0          0         96   dmul.o
        38          0          0          0          0         68   f2d.o
       176          0          0          0          0        140   fadd.o
       124          0          0          0          0         88   fdiv.o
       110          0          0          0          0        168   fepilogue.o
        40          0          0          0          0         68   ffixui.o
        18          0          0          0          0         68   fflti.o
        10          0          0          0          0         68   ffltui.o
       100          0          0          0          0         76   fmul.o

    ----------------------------------------------------------------------
      2500         30          0          4          0       2244   Library Totals
         8          0          0          0          0          0   (incl. Padding)

    ----------------------------------------------------------------------

      Code (inc. data)   RO Data    RW Data    ZI Data      Debug   Library Name

       686         30          0          4          0        536   mc_w.l
      1806          0          0          0          0       1708   mf_w.l

    ----------------------------------------------------------------------
      2500         30          0          4          0       2244   Library Totals

    ----------------------------------------------------------------------

==============================================================================


      Code (inc. data)   RO Data    RW Data    ZI Data      Debug   

     24164       2608       4364        388       1108     470655   Grand Totals
     24164       2608       4364        216       1108     470655   ELF Image Totals (compressed)
     24164       2608       4364        216          0          0   ROM Totals

==============================================================================

    Total RO  Size (Code + RO Data)                28528 (  27.86kB)
    Total RW  Size (RW Data + ZI Data)              1496 (   1.46kB)
    Total ROM Size (Code + RO Data + RW Data)      28744 (  28.07kB)

==============================================================================

